Archive member included to satisfy reference by file (symbol)

app/libapp.a(main.c.obj)      (--whole-archive)
app/libapp.a(io.c.obj)        (--whole-archive)
app/libapp.a(flash_map_extended.c.obj)
                              (--whole-archive)
app/libapp.a(os.c.obj)        (--whole-archive)
app/libapp.a(keys.c.obj)      (--whole-archive)
app/libapp.a(image_validate.c.obj)
                              (--whole-archive)
app/libapp.a(bootutil_find_key.c.obj)
                              (--whole-archive)
app/libapp.a(bootutil_img_hash.c.obj)
                              (--whole-archive)
app/libapp.a(bootutil_img_security_cnt.c.obj)
                              (--whole-archive)
app/libapp.a(tlv.c.obj)       (--whole-archive)
app/libapp.a(encrypted.c.obj)
                              (--whole-archive)
app/libapp.a(image_rsa.c.obj)
                              (--whole-archive)
app/libapp.a(image_ecdsa.c.obj)
                              (--whole-archive)
app/libapp.a(image_ed25519.c.obj)
                              (--whole-archive)
app/libapp.a(bootutil_misc.c.obj)
                              (--whole-archive)
app/libapp.a(fault_injection_hardening.c.obj)
                              (--whole-archive)
app/libapp.a(loader.c.obj)    (--whole-archive)
app/libapp.a(swap_misc.c.obj)
                              (--whole-archive)
app/libapp.a(caps.c.obj)      (--whole-archive)
app/libapp.a(swap_scratch.c.obj)
                              (--whole-archive)
app/libapp.a(sha256.c.obj)    (--whole-archive)
app/libapp.a(utils.c.obj)     (--whole-archive)
zephyr/libzephyr.a(validate_libc.c.obj)
                              (--whole-archive)
zephyr/libzephyr.a(heap.c.obj)
                              (--whole-archive)
zephyr/libzephyr.a(cbprintf_packaged.c.obj)
                              (--whole-archive)
zephyr/libzephyr.a(clock.c.obj)
                              (--whole-archive)
zephyr/libzephyr.a(printk.c.obj)
                              (--whole-archive)
zephyr/libzephyr.a(sem.c.obj)
                              (--whole-archive)
zephyr/libzephyr.a(thread_entry.c.obj)
                              (--whole-archive)
zephyr/libzephyr.a(cbprintf_nano.c.obj)
                              (--whole-archive)
zephyr/libzephyr.a(assert.c.obj)
                              (--whole-archive)
zephyr/libzephyr.a(dec.c.obj)
                              (--whole-archive)
zephyr/libzephyr.a(hex.c.obj)
                              (--whole-archive)
zephyr/libzephyr.a(rb.c.obj)  (--whole-archive)
zephyr/libzephyr.a(timeutil.c.obj)
                              (--whole-archive)
zephyr/libzephyr.a(bitarray.c.obj)
                              (--whole-archive)
zephyr/libzephyr.a(bitmask.c.obj)
                              (--whole-archive)
zephyr/libzephyr.a(configs.c.obj)
                              (--whole-archive)
zephyr/libzephyr.a(soc.c.obj)
                              (--whole-archive)
zephyr/libzephyr.a(esp32-mp.c.obj)
                              (--whole-archive)
zephyr/libzephyr.a(loader.c.obj)
                              (--whole-archive)
zephyr/libzephyr.a(hw_init.c.obj)
                              (--whole-archive)
zephyr/libzephyr.a(log_minimal.c.obj)
                              (--whole-archive)
zephyr/libzephyr.a(flash_map.c.obj)
                              (--whole-archive)
zephyr/libzephyr.a(flash_map_default.c.obj)
                              (--whole-archive)
zephyr/libzephyr.a(flash_map_layout.c.obj)
                              (--whole-archive)
zephyr/libzephyr.a(tracing_none.c.obj)
                              (--whole-archive)
zephyr/libzephyr.a(flash_util.c.obj)
                              (--whole-archive)
zephyr/libzephyr.a(windowspill_asm.S.obj)
                              (--whole-archive)
zephyr/libzephyr.a(esp_efuse_api.c.obj)
                              (--whole-archive)
zephyr/libzephyr.a(esp_efuse_utility.c.obj)
                              (--whole-archive)
zephyr/libzephyr.a(esp_efuse_table.c.obj)
                              (--whole-archive)
zephyr/libzephyr.a(esp_efuse_utility.c.obj)
                              (--whole-archive)
zephyr/libzephyr.a(esp_efuse_api_key.c.obj)
                              (--whole-archive)
zephyr/libzephyr.a(flash_encrypt.c.obj)
                              (--whole-archive)
zephyr/libzephyr.a(esp_gpio_reserve.c.obj)
                              (--whole-archive)
zephyr/libzephyr.a(cache_esp32.c.obj)
                              (--whole-archive)
zephyr/libzephyr.a(mmu_hal.c.obj)
                              (--whole-archive)
zephyr/libzephyr.a(spi_flash_encrypt_hal_iram.c.obj)
                              (--whole-archive)
zephyr/libzephyr.a(spi_flash_hal.c.obj)
                              (--whole-archive)
zephyr/libzephyr.a(spi_flash_hal_iram.c.obj)
                              (--whole-archive)
zephyr/libzephyr.a(cache_hal_esp32.c.obj)
                              (--whole-archive)
[...]
Memory Configuration

Name             Origin             Length             Attributes
iram_loader_seg  0x0000000040078000 0x0000000000004000 xrw
iram_seg         0x00000000400a0000 0x000000000000a000 xrw
dram_seg         0x000000003ffe8000 0x0000000000007a00 rw
IDT_LIST         0x000000003ebfe010 0x0000000000002000 rw
*default*        0x0000000000000000 0xffffffffffffffff

Linker script and memory map

                0x00000000400a6a4c                vfprintf = __m_vfprintf
                0x0000000000000000                vfscanf = __m_vfscanf
LOAD zephyr/CMakeFiles/zephyr_final.dir/misc/empty_file.c.obj
LOAD zephyr/CMakeFiles/zephyr_final.dir/isr_tables.c.obj
LOAD zephyr/CMakeFiles/offsets.dir/./arch/xtensa/core/offsets/offsets.c.obj
LOAD app/libapp.a
LOAD zephyr/libzephyr.a
LOAD zephyr/arch/common/libarch__common.a
LOAD zephyr/arch/arch/xtensa/core/libarch__xtensa__core.a
LOAD zephyr/lib/libc/picolibc/liblib__libc__picolibc.a
LOAD zephyr/lib/libc/common/liblib__libc__common.a
LOAD zephyr/lib/posix/c_lib_ext/liblib__posix__c_lib_ext.a
LOAD zephyr/drivers/interrupt_controller/libdrivers__interrupt_controller.a
LOAD zephyr/drivers/clock_control/libdrivers__clock_control.a
LOAD zephyr/drivers/flash/libdrivers__flash.a
LOAD zephyr/drivers/gpio/libdrivers__gpio.a
LOAD zephyr/drivers/pinctrl/libdrivers__pinctrl.a
LOAD zephyr/drivers/timer/libdrivers__timer.a
LOAD modules/mcuboot/libmcuboot_util.a
LOAD zephyr/kernel/libkernel.a
LOAD zephyr/arch/common/libisr_tables.a
LOAD c:/users/farha/zephyr-sdk-0.17.4/xtensa-espressif_esp32_zephyr-elf/bin/../lib/gcc/xtensa-espressif_esp32_zephyr-elf/12.2.0\libgcc.a
LOAD c:\users\farha\zephyr-sdk-0.17.4\xtensa-espressif_esp32_zephyr-elf\bin\../lib/gcc/../../picolibc/xtensa-espressif_esp32_zephyr-elf/lib\libc.a
LOAD c:/users/farha/zephyr-sdk-0.17.4/xtensa-espressif_esp32_zephyr-elf/bin/../lib/gcc/xtensa-espressif_esp32_zephyr-elf/12.2.0\libgcc.a

.iram0.loader_text
                0x0000000040078000      0xb74
                0x0000000040078000                _loader_text_start = ABSOLUTE (.)
 *(SORT_BY_ALIGNMENT(.stub) SORT_BY_ALIGNMENT(.gnu.warning) SORT_BY_ALIGNMENT(.gnu.linkonce.literal.*) SORT_BY_ALIGNMENT(.gnu.linkonce.t.*.literal) SORT_BY_ALIGNMENT(.gnu.linkonce.t.*))
 *libarch__xtensa__core.a:xtensa_asm2_util.*(SORT_BY_ALIGNMENT(.literal) SORT_BY_ALIGNMENT(.text) SORT_BY_ALIGNMENT(.literal.*) SORT_BY_ALIGNMENT(.text.*))
 .literal       0x0000000040078000        0x4 zephyr/arch/arch/xtensa/core/libarch__xtensa__core.a(xtensa_asm2_util.S.obj)
                                          0x8 (size before relaxing)
 .literal.z_isr_install
                0x0000000040078004        0x4 zephyr/arch/common/libarch__common.a(dynamic_isr.c.obj)
                                          0x8 (size before relaxing)
 .literal.arch_irq_connect_dynamic
                0x0000000040078008        0x0 zephyr/arch/common/libarch__common.a(dynamic_isr.c.obj)
                                          0x4 (size before relaxing)
 .literal.flash_area_id_from_multi_image_slot
                0x0000000040078008        0x4 app/libapp.a(flash_map_extended.c.obj)
 .literal.flash_area_get_sector
                0x000000004007800c        0x0 app/libapp.a(flash_map_extended.c.obj)
                                          0x4 (size before relaxing)
 .literal.flash_area_open
                0x000000004007800c        0x8 zephyr/libzephyr.a(flash_map.c.obj)
                                          0xc (size before relaxing)
 .literal.flash_area_read
                0x0000000040078014        0x0 zephyr/libzephyr.a(flash_map.c.obj)
                                          0x4 (size before relaxing)
 .literal.flash_area_write
                0x0000000040078014        0x0 zephyr/libzephyr.a(flash_map.c.obj)
                                          0x4 (size before relaxing)
 .literal.flash_area_erase
                0x0000000040078014        0x0 zephyr/libzephyr.a(flash_map.c.obj)
                                          0x4 (size before relaxing)
 .literal.esp_rom_spiflash_read_status
                0x0000000040078014       0x14 zephyr/libzephyr.a(esp_rom_spiflash.c.obj)
 .literal.esp_rom_spiflash_wait_idle
                0x0000000040078028        0x8 zephyr/libzephyr.a(esp_rom_spiflash.c.obj)
                                          0xc (size before relaxing)
 .literal.esp_rom_spiflash_enable_write$constprop$0
                0x0000000040078030        0x8 zephyr/libzephyr.a(esp_rom_spiflash.c.obj)
                                         0x14 (size before relaxing)
 .literal.esp_rom_spiflash_program_page_internal$constprop$0
                0x0000000040078038       0x10 zephyr/libzephyr.a(esp_rom_spiflash.c.obj)
                                         0x20 (size before relaxing)
 .literal.esp_rom_spiflash_erase_block
                0x0000000040078048       0x14 zephyr/libzephyr.a(esp_rom_spiflash.c.obj)
                                         0x30 (size before relaxing)
 .literal.esp_rom_spiflash_erase_sector
                0x000000004007805c        0x4 zephyr/libzephyr.a(esp_rom_spiflash.c.obj)
                                         0x30 (size before relaxing)
 .literal.esp_rom_spiflash_write
                0x0000000040078060        0x0 zephyr/libzephyr.a(esp_rom_spiflash.c.obj)
                                         0x20 (size before relaxing)
 .literal.esp_rom_spiflash_write_encrypted
                0x0000000040078060        0xc zephyr/libzephyr.a(esp_rom_spiflash.c.obj)
                                         0x10 (size before relaxing)
 .literal.esp_rom_spiflash_read
                0x000000004007806c       0x30 zephyr/libzephyr.a(esp_rom_spiflash.c.obj)
                                         0x58 (size before relaxing)
 .literal.esp_log_early_timestamp
                0x000000004007809c        0x4 zephyr/libzephyr.a(log_noos.c.obj)
 .text          0x00000000400780a0      0x21f zephyr/arch/arch/xtensa/core/libarch__xtensa__core.a(xtensa_asm2_util.S.obj)
                0x00000000400780a0                xtensa_spill_reg_windows
                0x00000000400780c0                xtensa_save_high_regs
                0x0000000040078108                xtensa_restore_high_regs
                0x000000004007813d                _restore_context
                0x0000000040078178                xtensa_arch_except
                0x000000004007817b                xtensa_arch_except_epc
                0x0000000040078180                xtensa_arch_kernel_oops
                0x0000000040078183                xtensa_arch_kernel_oops_epc
                0x0000000040078188                xtensa_switch
 *libarch__common.a:dynamic_isr.*(SORT_BY_ALIGNMENT(.literal) SORT_BY_ALIGNMENT(.text) SORT_BY_ALIGNMENT(.literal.*) SORT_BY_ALIGNMENT(.text.*))
 *fill*         0x00000000400782bf        0x1 
 .text.z_isr_install
                0x00000000400782c0       0x14 zephyr/arch/common/libarch__common.a(dynamic_isr.c.obj)
                                         0x18 (size before relaxing)
                0x00000000400782c0                z_isr_install
 .text.arch_irq_connect_dynamic
                0x00000000400782d4        0xe zephyr/arch/common/libarch__common.a(dynamic_isr.c.obj)
                                         0x12 (size before relaxing)
                0x00000000400782d4                arch_irq_connect_dynamic
 *fill*         0x00000000400782e2        0x0 
 *libarch__common.a:sw_isr_common.*(SORT_BY_ALIGNMENT(.literal) SORT_BY_ALIGNMENT(.text) SORT_BY_ALIGNMENT(.literal.*) SORT_BY_ALIGNMENT(.text.*))
 *fill*         0x00000000400782e2        0x2 
 .text.z_get_sw_isr_table_idx
                0x00000000400782e4        0x5 zephyr/arch/common/libarch__common.a(sw_isr_common.c.obj)
                0x00000000400782e4                z_get_sw_isr_table_idx
 *libapp.a:flash_map_extended.*(SORT_BY_ALIGNMENT(.literal) SORT_BY_ALIGNMENT(.text) SORT_BY_ALIGNMENT(.literal.*) SORT_BY_ALIGNMENT(.text.*))
 *fill*         0x00000000400782e9        0x3 
 .text.flash_area_id_from_multi_image_slot
                0x00000000400782ec       0x22 app/libapp.a(flash_map_extended.c.obj)
                0x00000000400782ec                flash_area_id_from_multi_image_slot
 *fill*         0x000000004007830e        0x2 
 .text.flash_area_get_sector
                0x0000000040078310       0x2c app/libapp.a(flash_map_extended.c.obj)
                                         0x30 (size before relaxing)
                0x0000000040078310                flash_area_get_sector
 *fill*         0x000000004007833c        0x0 
 *fill*         0x000000004007833c        0x0 
 .text.flash_area_get_device_id
                0x000000004007833c        0x7 app/libapp.a(flash_map_extended.c.obj)
                0x000000004007833c                flash_area_get_device_id
 *fill*         0x0000000040078343        0x0 
 *libzephyr.a:cbprintf_nano.*(SORT_BY_ALIGNMENT(.literal) SORT_BY_ALIGNMENT(.text) SORT_BY_ALIGNMENT(.literal.*) SORT_BY_ALIGNMENT(.text.*))
 *libzephyr.a:cpu.*(SORT_BY_ALIGNMENT(.literal) SORT_BY_ALIGNMENT(.text) SORT_BY_ALIGNMENT(.literal.*) SORT_BY_ALIGNMENT(.text.*))
 *libzephyr.a:mmu_hal.*(SORT_BY_ALIGNMENT(.literal) SORT_BY_ALIGNMENT(.text) SORT_BY_ALIGNMENT(.literal.*) SORT_BY_ALIGNMENT(.text.*))
 *libzephyr.a:flash_map.*(SORT_BY_ALIGNMENT(.literal) SORT_BY_ALIGNMENT(.text) SORT_BY_ALIGNMENT(.literal.*) SORT_BY_ALIGNMENT(.text.*))
 *fill*         0x0000000040078343        0x1 
 .text.flash_area_open
                0x0000000040078344       0x40 zephyr/libzephyr.a(flash_map.c.obj)
                0x0000000040078344                flash_area_open
 .text.flash_area_read
                0x0000000040078384       0x28 zephyr/libzephyr.a(flash_map.c.obj)
                                         0x2c (size before relaxing)
                0x0000000040078384                flash_area_read
 .text.flash_area_write
                0x00000000400783ac       0x28 zephyr/libzephyr.a(flash_map.c.obj)
                                         0x2c (size before relaxing)
                0x00000000400783ac                flash_area_write
 .text.flash_area_erase
                0x00000000400783d4       0x2a zephyr/libzephyr.a(flash_map.c.obj)
                                         0x2e (size before relaxing)
                0x00000000400783d4                flash_area_erase
 *fill*         0x00000000400783fe        0x2 
 .text.is_in_flash_area_bounds
                0x0000000040078400       0x21 zephyr/libzephyr.a(flash_map.c.obj)
 *fill*         0x0000000040078421        0x3 
 .text.flash_area_close
                0x0000000040078424        0x5 zephyr/libzephyr.a(flash_map.c.obj)
                0x0000000040078424                flash_area_close
 *fill*         0x0000000040078429        0x0 
 *fill*         0x0000000040078429        0x3 
 .text.flash_area_align
                0x000000004007842c       0x10 zephyr/libzephyr.a(flash_map.c.obj)
                0x000000004007842c                flash_area_align
 .text.flash_area_erased_val
                0x000000004007843c       0x11 zephyr/libzephyr.a(flash_map.c.obj)
                0x000000004007843c                flash_area_erased_val
 *libzephyr.a:esp_rom_spiflash.*(SORT_BY_ALIGNMENT(.literal) SORT_BY_ALIGNMENT(.text) SORT_BY_ALIGNMENT(.literal.*) SORT_BY_ALIGNMENT(.text.*))
 *fill*         0x000000004007844d        0x3 
 .text.esp_rom_spiflash_read_status
                0x0000000040078450       0x5f zephyr/libzephyr.a(esp_rom_spiflash.c.obj)
                0x0000000040078450                esp_rom_spiflash_read_status
 *fill*         0x00000000400784af        0x1 
 .text.esp_rom_spiflash_wait_idle
                0x00000000400784b0       0x30 zephyr/libzephyr.a(esp_rom_spiflash.c.obj)
                0x00000000400784b0                esp_rom_spiflash_wait_idle
 .text.esp_rom_spiflash_enable_write$constprop$0
                0x00000000400784e0       0x39 zephyr/libzephyr.a(esp_rom_spiflash.c.obj)
                                         0x3d (size before relaxing)
 *fill*         0x0000000040078519        0x3 
 .text.esp_rom_spiflash_program_page_internal$constprop$0
                0x000000004007851c       0xc6 zephyr/libzephyr.a(esp_rom_spiflash.c.obj)
 *fill*         0x00000000400785e2        0x2 
 .text.esp_rom_spiflash_erase_block
                0x00000000400785e4       0x83 zephyr/libzephyr.a(esp_rom_spiflash.c.obj)
                                         0x87 (size before relaxing)
                0x00000000400785e4                esp_rom_spiflash_erase_block
 *fill*         0x0000000040078667        0x1 
 .text.esp_rom_spiflash_erase_sector
                0x0000000040078668       0x87 zephyr/libzephyr.a(esp_rom_spiflash.c.obj)
                                         0x8b (size before relaxing)
                0x0000000040078668                esp_rom_spiflash_erase_sector
 *fill*         0x00000000400786ef        0x1 
 .text.esp_rom_spiflash_write
                0x00000000400786f0       0x9e zephyr/libzephyr.a(esp_rom_spiflash.c.obj)
                                         0xa2 (size before relaxing)
                0x00000000400786f0                esp_rom_spiflash_write
 *fill*         0x000000004007878e        0x2 
 .text.esp_rom_spiflash_write_encrypted
                0x0000000040078790       0x54 zephyr/libzephyr.a(esp_rom_spiflash.c.obj)
                                         0x58 (size before relaxing)
                0x0000000040078790                esp_rom_spiflash_write_encrypted
 .text.esp_rom_spiflash_read
                0x00000000400787e4      0x2f9 zephyr/libzephyr.a(esp_rom_spiflash.c.obj)
                0x00000000400787e4                esp_rom_spiflash_read
 *fill*         0x0000000040078add        0x0 
 *fill*         0x0000000040078add        0x0 
 *fill*         0x0000000040078add        0x0 
 *fill*         0x0000000040078add        0x0 
 *fill*         0x0000000040078add        0x0 
 *fill*         0x0000000040078add        0x0 
 *fill*         0x0000000040078add        0x0 
 *libkernel.a:device.*(SORT_BY_ALIGNMENT(.literal) SORT_BY_ALIGNMENT(.text) SORT_BY_ALIGNMENT(.literal.*) SORT_BY_ALIGNMENT(.text.*))
 *fill*         0x0000000040078add        0x3 
 .text.do_device_init
                0x0000000040078ae0       0x35 zephyr/kernel/libkernel.a(device.c.obj)
                0x0000000040078ae0                do_device_init
 *fill*         0x0000000040078b15        0x3 
 .text.z_impl_device_is_ready
                0x0000000040078b18       0x1a zephyr/kernel/libkernel.a(device.c.obj)
                0x0000000040078b18                z_impl_device_is_ready
 *libzephyr.a:esp_loader.*(SORT_BY_ALIGNMENT(.literal) SORT_BY_ALIGNMENT(.text) SORT_BY_ALIGNMENT(.literal.*) SORT_BY_ALIGNMENT(.text.*))
 *(SORT_BY_ALIGNMENT(.literal.esp_intr_disable) SORT_BY_ALIGNMENT(.literal.esp_intr_disable.*) SORT_BY_ALIGNMENT(.text.esp_intr_disable) SORT_BY_ALIGNMENT(.text.esp_intr_disable.*))
 *(SORT_BY_ALIGNMENT(.literal.default_intr_handler) SORT_BY_ALIGNMENT(.text.default_intr_handler) SORT_BY_ALIGNMENT(.iram1.*.default_intr_handler))
 *(SORT_BY_ALIGNMENT(.literal.esp_log_timestamp) SORT_BY_ALIGNMENT(.text.esp_log_timestamp))
 *(SORT_BY_ALIGNMENT(.literal.esp_log_early_timestamp) SORT_BY_ALIGNMENT(.text.esp_log_early_timestamp))
 *fill*         0x0000000040078b32        0x2 
 .text.esp_log_early_timestamp
                0x0000000040078b34       0x1d zephyr/libzephyr.a(log_noos.c.obj)
                0x0000000040078b34                esp_log_early_timestamp
                0x0000000040078b34                esp_log_timestamp
 *fill*         0x0000000040078b51        0x0 
 *(SORT_BY_ALIGNMENT(.literal.esp_system_abort) SORT_BY_ALIGNMENT(.text.esp_system_abort))
 *(SORT_BY_ALIGNMENT(.fini.literal))
 *(.fini)
 *(SORT_BY_ALIGNMENT(.gnu.version))
                0x0000000040078b61                . = (. + 0x10)
 *fill*         0x0000000040078b51       0x10 
                0x0000000040078b61                _text_end = ABSOLUTE (.)
                0x0000000040078b61                _etext = .
                0x0000000040078b74                . = (ALIGN (0x4) + 0x10)
 *fill*         0x0000000040078b61       0x13 
                0x0000000040078b74                _loader_text_end = ABSOLUTE (.)
                0x0000000040078b74                _iram_text_end = ABSOLUTE (.)
                0x0000000040078b74                _iram_end = ABSOLUTE (.)

.iram0.vectors  0x00000000400a0000      0x400
                0x00000000400a0000                _init_start = ABSOLUTE (.)
                0x0000000000000000                . = 0x0
 *(SORT_BY_ALIGNMENT(.WindowVectors.text))
 .WindowVectors.text
                0x00000000400a0000      0x16a zephyr/arch/arch/xtensa/core/libarch__xtensa__core.a(window_vectors.S.obj)
                0x00000000400a0000                _WindowOverflow4
                0x00000000400a0040                _WindowUnderflow4
                0x00000000400a0050                _xt_alloca_exc
                0x00000000400a0080                _WindowOverflow8
                0x00000000400a00c0                _WindowUnderflow8
                0x00000000400a0100                _WindowOverflow12
                0x00000000400a0140                _WindowUnderflow12
                0x0000000000000180                . = 0x180
 *fill*         0x00000000400a016a       0x16 
 *(SORT_BY_ALIGNMENT(.Level2InterruptVector.text))
 .Level2InterruptVector.text
                0x00000000400a0180       0x31 zephyr/arch/arch/xtensa/core/libarch__xtensa__core.a(xtensa_asm2_util.S.obj)
                0x00000000400a0180                _Level2Vector
                0x00000000000001c0                . = 0x1c0
 *fill*         0x00000000400a01b1        0xf 
 *(SORT_BY_ALIGNMENT(.Level3InterruptVector.text))
 .Level3InterruptVector.text
                0x00000000400a01c0       0x2d zephyr/arch/arch/xtensa/core/libarch__xtensa__core.a(xtensa_asm2_util.S.obj)
                                         0x31 (size before relaxing)
                0x00000000400a01c0                _Level3Vector
                0x0000000000000200                . = 0x200
 *fill*         0x00000000400a01ed       0x13 
 *(SORT_BY_ALIGNMENT(.Level4InterruptVector.text))
 .Level4InterruptVector.text
                0x00000000400a0200       0x2d zephyr/arch/arch/xtensa/core/libarch__xtensa__core.a(xtensa_asm2_util.S.obj)
                                         0x31 (size before relaxing)
                0x00000000400a0200                _Level4Vector
                0x0000000000000240                . = 0x240
 *fill*         0x00000000400a022d       0x13 
 *(SORT_BY_ALIGNMENT(.Level5InterruptVector.text))
 .Level5InterruptVector.text
                0x00000000400a0240       0x2d zephyr/arch/arch/xtensa/core/libarch__xtensa__core.a(xtensa_asm2_util.S.obj)
                                         0x31 (size before relaxing)
                0x00000000400a0240                _Level5Vector
                0x0000000000000280                . = 0x280
 *fill*         0x00000000400a026d       0x13 
 *(SORT_BY_ALIGNMENT(.DebugExceptionVector.text))
 .DebugExceptionVector.text
                0x00000000400a0280       0x2d zephyr/arch/arch/xtensa/core/libarch__xtensa__core.a(xtensa_asm2_util.S.obj)
                                         0x31 (size before relaxing)
                0x00000000400a0280                _Level6Vector
                0x00000000000002c0                . = 0x2c0
 *fill*         0x00000000400a02ad       0x13 
 *(SORT_BY_ALIGNMENT(.NMIExceptionVector.text))
 .NMIExceptionVector.text
                0x00000000400a02c0       0x2d zephyr/arch/arch/xtensa/core/libarch__xtensa__core.a(xtensa_asm2_util.S.obj)
                                         0x31 (size before relaxing)
                0x00000000400a02c0                _Level7Vector
                0x0000000000000300                . = 0x300
 *fill*         0x00000000400a02ed       0x13 
 *(SORT_BY_ALIGNMENT(.KernelExceptionVector.text))
 .KernelExceptionVector.text
                0x00000000400a0300        0x3 zephyr/arch/arch/xtensa/core/libarch__xtensa__core.a(xtensa_asm2_util.S.obj)
                0x00000000400a0300                _KernelExceptionVector
                0x0000000000000340                . = 0x340
 *fill*         0x00000000400a0303       0x3d 
 *(SORT_BY_ALIGNMENT(.UserExceptionVector.text))
 .UserExceptionVector.text
                0x00000000400a0340       0x16 zephyr/arch/arch/xtensa/core/libarch__xtensa__core.a(xtensa_asm2_util.S.obj)
                0x00000000400a0340                _Level1RealVector
                0x00000000000003c0                . = 0x3c0
 *fill*         0x00000000400a0356       0x6a 
 *(SORT_BY_ALIGNMENT(.DoubleExceptionVector.text))
 .DoubleExceptionVector.text
                0x00000000400a03c0        0x3 zephyr/arch/arch/xtensa/core/libarch__xtensa__core.a(xtensa_asm2_util.S.obj)
                0x00000000400a03c0                _DoubleExceptionVector
                0x0000000000000400                . = 0x400
 *fill*         0x00000000400a03c3       0x3d 
                0x00000000400a0400                _invalid_pc_placeholder = ABSOLUTE (.)
 *(SORT_BY_ALIGNMENT(.*Vector.literal))
 *(SORT_BY_ALIGNMENT(.UserEnter.literal))
 *(SORT_BY_ALIGNMENT(.UserEnter.text))
                0x00000000400a0400                . = ALIGN (0x10)
 *(SORT_BY_ALIGNMENT(.entry.text))
 *(SORT_BY_ALIGNMENT(.init.literal))
 *(.init)
                0x00000000400a0400                . = ALIGN (0x4)
                0x00000000400a0400                _init_end = ABSOLUTE (.)
                0x00000000400a0400                _iram_start = ABSOLUTE (.)

.iram0.text     0x00000000400a0400     0x6fe8
                0x00000000400a0400                . = ALIGN (0x4)
 *(SORT_BY_ALIGNMENT(.iram1) SORT_BY_ALIGNMENT(.iram1.*))
 .iram1.1.literal
                0x00000000400a0400        0x0 zephyr/libzephyr.a(soc.c.obj)
                                          0x4 (size before relaxing)
 .iram1.2.literal
                0x00000000400a0400        0x4 zephyr/libzephyr.a(soc.c.obj)
                                          0x8 (size before relaxing)
 .iram1.0.literal
                0x00000000400a0404        0x0 zephyr/libzephyr.a(flash_encrypt.c.obj)
                                          0x4 (size before relaxing)
 .iram1.2.literal
                0x00000000400a0404        0xc zephyr/libzephyr.a(esp_clk.c.obj)
 .iram1.2.literal
                0x00000000400a0410        0x4 zephyr/libzephyr.a(regi2c_ctrl.c.obj)
 .iram1.3.literal
                0x00000000400a0414        0x4 zephyr/libzephyr.a(regi2c_ctrl.c.obj)
 .iram1.1.literal
                0x00000000400a0418        0x4 zephyr/libzephyr.a(rtc_clk.c.obj)
 .iram1.1.literal
                0x00000000400a041c        0x0 zephyr/libzephyr.a(esp_rom_sys.c.obj)
                                          0x4 (size before relaxing)
 .iram1.2.literal
                0x00000000400a041c        0xc zephyr/libzephyr.a(esp_rom_uart.c.obj)
 .iram1.3.literal
                0x00000000400a0428        0x8 zephyr/libzephyr.a(esp_rom_uart.c.obj)
                                         0x14 (size before relaxing)
 .iram1.0.literal
                0x00000000400a0430        0xc zephyr/libzephyr.a(esp_rom_gpio.c.obj)
 .iram1.0.literal
                0x00000000400a043c        0x0 zephyr/libzephyr.a(efuse_hal.c.obj)
                                          0x8 (size before relaxing)
 .iram1.4.literal
                0x00000000400a043c        0x4 zephyr/libzephyr.a(efuse_hal.c.obj)
 .iram1.0.literal
                0x00000000400a0440        0x8 zephyr/libzephyr.a(efuse_hal.c.obj)
                                          0xc (size before relaxing)
 .iram1.1.literal
                0x00000000400a0448        0x0 zephyr/libzephyr.a(efuse_hal.c.obj)
                                          0x4 (size before relaxing)
 .iram1.7.literal
                0x00000000400a0448       0x28 zephyr/libzephyr.a(bootloader_flash.c.obj)
                                         0x2c (size before relaxing)
 .iram1.8.literal
                0x00000000400a0470        0x0 zephyr/libzephyr.a(bootloader_flash.c.obj)
                                          0x4 (size before relaxing)
 .iram1.6.literal
                0x00000000400a0470        0x4 zephyr/libzephyr.a(bootloader_flash.c.obj)
                                         0x3c (size before relaxing)
 .iram1.9.literal
                0x00000000400a0474        0x0 zephyr/libzephyr.a(bootloader_flash.c.obj)
                                          0x8 (size before relaxing)
 .iram1.10.literal
                0x00000000400a0474        0x0 zephyr/libzephyr.a(bootloader_flash.c.obj)
                                          0x4 (size before relaxing)
 .iram1.13.literal
                0x00000000400a0474       0x18 zephyr/libzephyr.a(bootloader_flash.c.obj)
                                         0x44 (size before relaxing)
 .iram1.literal
                0x00000000400a048c        0x0 zephyr/arch/arch/xtensa/core/libarch__xtensa__core.a(debug_helpers_asm.S.obj)
                                          0x4 (size before relaxing)
 .iram1.3.literal
                0x00000000400a048c        0x4 zephyr/drivers/interrupt_controller/libdrivers__interrupt_controller.a(intc_esp32.c.obj)
                                          0xc (size before relaxing)
 .iram1.2.literal
                0x00000000400a0490        0x8 zephyr/drivers/gpio/libdrivers__gpio.a(gpio_esp32.c.obj)
                                         0x10 (size before relaxing)
 .iram1.0.literal
                0x00000000400a0498       0x28 zephyr/drivers/gpio/libdrivers__gpio.a(gpio_esp32.c.obj)
                                         0x30 (size before relaxing)
 .literal.main  0x00000000400a04c0        0x4 app/libapp.a(main.c.obj)
                                         0x10 (size before relaxing)
 .literal.bootutil_img_validate
                0x00000000400a04c4       0x10 app/libapp.a(image_validate.c.obj)
                                         0x30 (size before relaxing)
 .literal.bootutil_img_hash
                0x00000000400a04d4        0x0 app/libapp.a(bootutil_img_hash.c.obj)
                                         0x14 (size before relaxing)
 .literal.bootutil_tlv_iter_begin
                0x00000000400a04d4        0x8 app/libapp.a(tlv.c.obj)
                                         0x10 (size before relaxing)
 .literal.bootutil_tlv_iter_next
                0x00000000400a04dc        0x0 app/libapp.a(tlv.c.obj)
                                          0x8 (size before relaxing)
 .literal.boot_fih_memequal
                0x00000000400a04dc        0x4 app/libapp.a(bootutil_misc.c.obj)
 .literal.bootutil_max_image_size
                0x00000000400a04e0        0x0 app/libapp.a(bootutil_misc.c.obj)
                                          0x4 (size before relaxing)
 .literal.boot_read_image_size
                0x00000000400a04e0        0x0 app/libapp.a(bootutil_misc.c.obj)
                                         0x14 (size before relaxing)
 .literal.boot_erase_region
                0x00000000400a04e0        0x0 app/libapp.a(bootutil_misc.c.obj)
                                         0x10 (size before relaxing)
 .literal.boot_initialize_area
                0x00000000400a04e0        0x0 app/libapp.a(bootutil_misc.c.obj)
                                          0x4 (size before relaxing)
 .literal.boot_read_sectors
                0x00000000400a04e0        0x4 app/libapp.a(bootutil_misc.c.obj)
                                         0x10 (size before relaxing)
 .literal.boot_state_clear
                0x00000000400a04e4        0x4 app/libapp.a(bootutil_misc.c.obj)
                                          0x8 (size before relaxing)
 .literal.boot_read_image_headers$constprop$0
                0x00000000400a04e8        0x0 app/libapp.a(loader.c.obj)
                                          0x8 (size before relaxing)
 .literal.boot_get_loader_state
                0x00000000400a04e8        0x4 app/libapp.a(loader.c.obj)
 .literal.boot_status_reset
                0x00000000400a04ec        0x4 app/libapp.a(loader.c.obj)
 .literal.boot_scramble_region
                0x00000000400a04f0        0x0 app/libapp.a(loader.c.obj)
                                          0x4 (size before relaxing)
 .literal.boot_scramble_slot
                0x00000000400a04f0        0x0 app/libapp.a(loader.c.obj)
                                          0x4 (size before relaxing)
 .literal.boot_validate_slot$constprop$0$isra$0
                0x00000000400a04f0        0xc app/libapp.a(loader.c.obj)
                                         0x24 (size before relaxing)
 .literal.boot_copy_region
                0x00000000400a04fc        0x4 app/libapp.a(loader.c.obj)
                                          0xc (size before relaxing)
 .literal.boot_open_all_flash_areas
                0x00000000400a0500        0x0 app/libapp.a(loader.c.obj)
                                         0x14 (size before relaxing)
 .literal.boot_close_all_flash_areas
                0x00000000400a0500        0x0 app/libapp.a(loader.c.obj)
                                          0x8 (size before relaxing)
 .literal.context_boot_go
                0x00000000400a0500        0x0 app/libapp.a(loader.c.obj)
                                         0x64 (size before relaxing)
 .literal.boot_go
                0x00000000400a0500        0x0 app/libapp.a(loader.c.obj)
                                          0xc (size before relaxing)
 .literal.boot_read_image_header
                0x00000000400a0500        0x0 app/libapp.a(swap_scratch.c.obj)
                                          0x8 (size before relaxing)
 .literal.compress
                0x00000000400a0500        0x4 app/libapp.a(sha256.c.obj)
 .literal.tc_sha256_init
                0x00000000400a0504       0x20 app/libapp.a(sha256.c.obj)
                                         0x24 (size before relaxing)
 .literal.tc_sha256_update
                0x00000000400a0524        0x0 app/libapp.a(sha256.c.obj)
                                          0x4 (size before relaxing)
 .literal.tc_sha256_final
                0x00000000400a0524        0x0 app/libapp.a(sha256.c.obj)
                                         0x14 (size before relaxing)
 .literal._set  0x00000000400a0524        0x0 app/libapp.a(utils.c.obj)
                                          0x4 (size before relaxing)
 .literal.free_list_add
                0x00000000400a0524        0x0 zephyr/libzephyr.a(heap.c.obj)
                                          0x4 (size before relaxing)
 .literal.free_list_remove
                0x00000000400a0524        0x0 zephyr/libzephyr.a(heap.c.obj)
                                          0x8 (size before relaxing)
 .literal.alloc_chunk
                0x00000000400a0524        0x0 zephyr/libzephyr.a(heap.c.obj)
                                          0x8 (size before relaxing)
 .literal.merge_chunks
                0x00000000400a0524        0x0 zephyr/libzephyr.a(heap.c.obj)
                                          0xc (size before relaxing)
 .literal.split_chunks
                0x00000000400a0524        0x0 zephyr/libzephyr.a(heap.c.obj)
                                          0x8 (size before relaxing)
 .literal.free_chunk
                0x00000000400a0524        0x0 zephyr/libzephyr.a(heap.c.obj)
                                         0x1c (size before relaxing)
 .literal.sys_heap_free
                0x00000000400a0524        0x0 zephyr/libzephyr.a(heap.c.obj)
                                          0x8 (size before relaxing)
 .literal.sys_heap_alloc
                0x00000000400a0524        0x0 zephyr/libzephyr.a(heap.c.obj)
                                         0x14 (size before relaxing)
 .literal.sys_heap_noalign_alloc
                0x00000000400a0524        0x0 zephyr/libzephyr.a(heap.c.obj)
                                          0x4 (size before relaxing)
 .literal.sys_heap_init
                0x00000000400a0524        0x0 zephyr/libzephyr.a(heap.c.obj)
                                         0x10 (size before relaxing)
 .literal.char_out
                0x00000000400a0524        0x4 zephyr/libzephyr.a(printk.c.obj)
 .literal.vprintk
                0x00000000400a0528        0x4 zephyr/libzephyr.a(printk.c.obj)
                                          0xc (size before relaxing)
 .literal.printk
                0x00000000400a052c        0x0 zephyr/libzephyr.a(printk.c.obj)
                                          0x4 (size before relaxing)
 .literal.__start
                0x00000000400a052c       0x14 zephyr/libzephyr.a(loader.c.obj)
                                         0x30 (size before relaxing)
 .literal.hardware_init
                0x00000000400a0540        0x8 zephyr/libzephyr.a(hw_init.c.obj)
                                         0x54 (size before relaxing)
 .literal.flash_area_sectors
                0x00000000400a0548        0x4 zephyr/libzephyr.a(flash_map_layout.c.obj)
                                          0x8 (size before relaxing)
 .literal.flash_area_get_sectors
                0x00000000400a054c        0x0 zephyr/libzephyr.a(flash_map_layout.c.obj)
                                          0xc (size before relaxing)
 .literal       0x00000000400a054c        0x4 zephyr/libzephyr.a(windowspill_asm.S.obj)
 .literal.bootloader_clock_configure
                0x00000000400a0550       0x1c zephyr/libzephyr.a(bootloader_clock_init.c.obj)
                                         0x30 (size before relaxing)
 .literal.esp_console_init
                0x00000000400a056c        0x4 zephyr/libzephyr.a(console_init.c.obj)
                                         0x10 (size before relaxing)
 .literal.print_banner
                0x00000000400a0570       0x10 zephyr/libzephyr.a(soc_init.c.obj)
                                         0x2c (size before relaxing)
 .literal.read_bootloader_header
                0x00000000400a0580        0x8 zephyr/libzephyr.a(soc_init.c.obj)
                                         0x1c (size before relaxing)
 .literal.config_wdt
                0x00000000400a0588        0x8 zephyr/libzephyr.a(soc_init.c.obj)
                                         0x20 (size before relaxing)
 .literal.check_bootloader_validity
                0x00000000400a0590       0x10 zephyr/libzephyr.a(soc_init.c.obj)
                                         0x3c (size before relaxing)
 .literal.load_segment$isra$0
                0x00000000400a05a0        0xc zephyr/libzephyr.a(esp_image_loader.c.obj)
                                         0x24 (size before relaxing)
 .literal.esp_app_image_load
                0x00000000400a05ac       0x68 zephyr/libzephyr.a(esp_image_loader.c.obj)
                                        0x108 (size before relaxing)
 .literal.start_cpu0_image
                0x00000000400a0614        0x0 zephyr/libzephyr.a(esp_image_loader.c.obj)
                                          0x4 (size before relaxing)
 .literal.esp_clk_slowclk_cal_set
                0x00000000400a0614        0x4 zephyr/libzephyr.a(esp_clk.c.obj)
 .literal.periph_ll_get_rst_en_mask
                0x00000000400a0618        0x4 zephyr/libzephyr.a(periph_ctrl.c.obj)
 .literal.periph_ll_get_rst_en_reg
                0x00000000400a061c        0xc zephyr/libzephyr.a(periph_ctrl.c.obj)
 .literal.periph_module_enable
                0x00000000400a0628       0x14 zephyr/libzephyr.a(periph_ctrl.c.obj)
                                         0x20 (size before relaxing)
 .literal.periph_module_disable
                0x00000000400a063c        0x0 zephyr/libzephyr.a(periph_ctrl.c.obj)
                                         0x20 (size before relaxing)
 .literal.esp_clk_tree_rc_fast_d256_get_freq_hz
                0x00000000400a063c        0x8 zephyr/libzephyr.a(esp_clk_tree_common.c.obj)
                                         0x18 (size before relaxing)
 .literal.esp_clk_tree_rc_fast_get_freq_hz
                0x00000000400a0644        0x4 zephyr/libzephyr.a(esp_clk_tree_common.c.obj)
                                          0x8 (size before relaxing)
 .literal.esp_clk_tree_lp_fast_get_freq_hz
                0x00000000400a0648        0x4 zephyr/libzephyr.a(esp_clk_tree_common.c.obj)
                                         0x10 (size before relaxing)
 .literal.esp_cpu_configure_region_protection
                0x00000000400a064c        0x4 zephyr/libzephyr.a(cpu_region_protect.c.obj)
                                         0x10 (size before relaxing)
 .literal.esp_cpu_intr_get_desc
                0x00000000400a0650        0x4 zephyr/libzephyr.a(esp_cpu_intr.c.obj)
                                          0x8 (size before relaxing)
 .literal.rtc_init
                0x00000000400a0654       0x8c zephyr/libzephyr.a(rtc_init.c.obj)
                                         0xa8 (size before relaxing)
 .literal.rtc_vddsdio_get_config
                0x00000000400a06e0        0x8 zephyr/libzephyr.a(rtc_init.c.obj)
                                          0xc (size before relaxing)
 .literal.rtc_vddsdio_set_config
                0x00000000400a06e8        0x0 zephyr/libzephyr.a(rtc_init.c.obj)
                                          0x4 (size before relaxing)
 .literal.rtc_clk_32k_enable_common
                0x00000000400a06e8        0x8 zephyr/libzephyr.a(rtc_clk.c.obj)
                                          0xc (size before relaxing)
 .literal.rtc_clk_bbpll_disable
                0x00000000400a06f0        0x4 zephyr/libzephyr.a(rtc_clk.c.obj)
                                          0xc (size before relaxing)
 .literal.rtc_clk_32k_enable
                0x00000000400a06f4        0x4 zephyr/libzephyr.a(rtc_clk.c.obj)
                                         0x10 (size before relaxing)
 .literal.rtc_clk_32k_enable_external
                0x00000000400a06f8        0x0 zephyr/libzephyr.a(rtc_clk.c.obj)
                                          0x4 (size before relaxing)
 .literal.rtc_clk_8m_enable
                0x00000000400a06f8        0x0 zephyr/libzephyr.a(rtc_clk.c.obj)
                                         0x10 (size before relaxing)
 .literal.rtc_clk_8m_enabled
                0x00000000400a06f8        0x0 zephyr/libzephyr.a(rtc_clk.c.obj)
                                          0x4 (size before relaxing)
 .literal.rtc_clk_8md256_enabled
                0x00000000400a06f8        0x0 zephyr/libzephyr.a(rtc_clk.c.obj)
                                          0x4 (size before relaxing)
 .literal.rtc_clk_slow_src_set
                0x00000000400a06f8        0x4 zephyr/libzephyr.a(rtc_clk.c.obj)
                                         0x10 (size before relaxing)
 .literal.rtc_clk_slow_src_get
                0x00000000400a06fc        0x0 zephyr/libzephyr.a(rtc_clk.c.obj)
                                          0x4 (size before relaxing)
 .literal.rtc_clk_fast_src_set
                0x00000000400a06fc        0x0 zephyr/libzephyr.a(rtc_clk.c.obj)
                                         0x10 (size before relaxing)
 .literal.rtc_clk_fast_src_get
                0x00000000400a06fc        0x0 zephyr/libzephyr.a(rtc_clk.c.obj)
                                          0x4 (size before relaxing)
 .literal.rtc_clk_cpu_freq_to_pll_mhz
                0x00000000400a06fc       0x30 zephyr/libzephyr.a(rtc_clk.c.obj)
                                         0x50 (size before relaxing)
 .literal.rtc_clk_xtal_freq_get
                0x00000000400a072c        0x8 zephyr/libzephyr.a(rtc_clk.c.obj)
 .literal.rtc_clk_cpu_freq_mhz_to_config
                0x00000000400a0734        0x0 zephyr/libzephyr.a(rtc_clk.c.obj)
                                          0x4 (size before relaxing)
 .literal.rtc_clk_cpu_freq_get_config
                0x00000000400a0734        0xc zephyr/libzephyr.a(rtc_clk.c.obj)
                                         0x28 (size before relaxing)
 .literal.rtc_clk_xtal_freq_update
                0x00000000400a0740        0x4 zephyr/libzephyr.a(rtc_clk.c.obj)
                                          0x8 (size before relaxing)
 .literal.rtc_clk_apb_freq_update
                0x00000000400a0744        0x0 zephyr/libzephyr.a(rtc_clk.c.obj)
                                          0x4 (size before relaxing)
 .literal.rtc_clk_cpu_freq_to_xtal
                0x00000000400a0744        0x4 zephyr/libzephyr.a(rtc_clk.c.obj)
                                         0x2c (size before relaxing)
 .literal.rtc_clk_cpu_freq_set_config
                0x00000000400a0748       0x24 zephyr/libzephyr.a(rtc_clk.c.obj)
                                         0xbc (size before relaxing)
 .literal.rtc_clk_apb_freq_get
                0x00000000400a076c        0xc zephyr/libzephyr.a(rtc_clk.c.obj)
                                         0x14 (size before relaxing)
 .literal.rtc_clk_xtal_freq_estimate
                0x00000000400a0778       0x18 zephyr/libzephyr.a(rtc_clk_init.c.obj)
                                         0x4c (size before relaxing)
 .literal.rtc_clk_init
                0x00000000400a0790       0x1c zephyr/libzephyr.a(rtc_clk_init.c.obj)
                                         0x9c (size before relaxing)
 .literal.rtc_clk_cal_internal
                0x00000000400a07ac       0x24 zephyr/libzephyr.a(rtc_time.c.obj)
                                         0x60 (size before relaxing)
 .literal.rtc_clk_cal_ratio
                0x00000000400a07d0        0x0 zephyr/libzephyr.a(rtc_time.c.obj)
                                          0xc (size before relaxing)
 .literal.rtc_clk_cal
                0x00000000400a07d0        0x0 zephyr/libzephyr.a(rtc_time.c.obj)
                                         0x18 (size before relaxing)
 .literal.rtc_clk_wait_for_slow_cycle
                0x00000000400a07d0        0xc zephyr/libzephyr.a(rtc_time.c.obj)
                                         0x34 (size before relaxing)
 .literal.rtc_clk_freq_cal
                0x00000000400a07dc        0x0 zephyr/libzephyr.a(rtc_time.c.obj)
                                          0x4 (size before relaxing)
 .literal.sar_periph_ctrl_init
                0x00000000400a07dc        0x4 zephyr/libzephyr.a(sar_periph_ctrl.c.obj)
 .literal.wdt_hal_write_protect_disable
                0x00000000400a07e0        0x4 zephyr/libzephyr.a(wdt_hal_iram.c.obj)
 .literal.wdt_hal_set_flashboot_en
                0x00000000400a07e4        0x0 zephyr/libzephyr.a(wdt_hal_iram.c.obj)
                                          0x4 (size before relaxing)
 .literal.clk_hal_lp_slow_get_freq_hz
                0x00000000400a07e4        0x0 zephyr/libzephyr.a(clk_tree_hal.c.obj)
                                          0xc (size before relaxing)
 .literal.clk_hal_xtal_get_freq_mhz
                0x00000000400a07e4        0x0 zephyr/libzephyr.a(clk_tree_hal.c.obj)
                                          0x8 (size before relaxing)
 .literal.clk_hal_apll_get_freq_hz
                0x00000000400a07e4        0xc zephyr/libzephyr.a(clk_tree_hal.c.obj)
                                         0x28 (size before relaxing)
 .literal.clk_hal_soc_root_get_freq_mhz
                0x00000000400a07f0        0x0 zephyr/libzephyr.a(clk_tree_hal.c.obj)
                                         0x10 (size before relaxing)
 .literal.clk_hal_cpu_get_freq_hz
                0x00000000400a07f0        0x8 zephyr/libzephyr.a(clk_tree_hal.c.obj)
                                         0x28 (size before relaxing)
 .literal.esp_log_impl_lock
                0x00000000400a07f8        0x4 zephyr/libzephyr.a(log_noos.c.obj)
                                          0x8 (size before relaxing)
 .literal.esp_log_impl_lock_timeout
                0x00000000400a07fc        0x0 zephyr/libzephyr.a(log_noos.c.obj)
                                          0x4 (size before relaxing)
 .literal.esp_log_impl_unlock
                0x00000000400a07fc        0x0 zephyr/libzephyr.a(log_noos.c.obj)
                                          0x8 (size before relaxing)
 .literal.fix_cache_generation_overflow
                0x00000000400a07fc        0xc zephyr/libzephyr.a(log.c.obj)
 .literal.heap_bubble_down
                0x00000000400a0808        0x0 zephyr/libzephyr.a(log.c.obj)
                                          0x4 (size before relaxing)
 .literal.s_log_level_get_and_unlock
                0x00000000400a0808       0x10 zephyr/libzephyr.a(log.c.obj)
                                         0x38 (size before relaxing)
 .literal.esp_log_writev
                0x00000000400a0818        0x4 zephyr/libzephyr.a(log.c.obj)
                                          0xc (size before relaxing)
 .literal.esp_log_write
                0x00000000400a081c        0x0 zephyr/libzephyr.a(log.c.obj)
                                          0x4 (size before relaxing)
 .literal.esp_rom_flash_mmap
                0x00000000400a081c       0x2c zephyr/libzephyr.a(bootloader_flash.c.obj)
                                         0x54 (size before relaxing)
 .literal.esp_rom_flash_unmmap
                0x00000000400a0848        0x8 zephyr/libzephyr.a(bootloader_flash.c.obj)
                                         0x14 (size before relaxing)
 .literal.esp_rom_flash_read
                0x00000000400a0850       0x18 zephyr/libzephyr.a(bootloader_flash.c.obj)
                                         0x60 (size before relaxing)
 .literal.esp_rom_flash_erase_range
                0x00000000400a0868        0x0 zephyr/libzephyr.a(bootloader_flash.c.obj)
                                          0xc (size before relaxing)
 .literal.esp_rom_flash_write
                0x00000000400a0868        0xc zephyr/libzephyr.a(bootloader_flash.c.obj)
                                         0x38 (size before relaxing)
 .literal.bootloader_enable_wp
                0x00000000400a0874        0x0 zephyr/libzephyr.a(bootloader_flash.c.obj)
                                          0x4 (size before relaxing)
 .literal.soc_random_enable
                0x00000000400a0874       0x4c zephyr/libzephyr.a(soc_random.c.obj)
                                         0x58 (size before relaxing)
 .literal.wdt_reset_info_dump
                0x00000000400a08c0       0x30 zephyr/libzephyr.a(soc_init.c.obj)
                                         0x3c (size before relaxing)
 .literal.wdt_reset_cpu0_info_enable
                0x00000000400a08f0        0x4 zephyr/libzephyr.a(soc_init.c.obj)
 .literal.check_wdt_reset
                0x00000000400a08f4        0x4 zephyr/libzephyr.a(soc_init.c.obj)
                                         0x20 (size before relaxing)
 .literal.reset_mmu
                0x00000000400a08f8        0x0 zephyr/libzephyr.a(soc_init.c.obj)
                                         0x10 (size before relaxing)
 .literal.get_chip_ver_pkg
                0x00000000400a08f8        0x0 zephyr/libzephyr.a(soc_flash_init.c.obj)
                                          0x4 (size before relaxing)
 .literal.flash_update_id
                0x00000000400a08f8        0x0 zephyr/libzephyr.a(soc_flash_init.c.obj)
                                          0x8 (size before relaxing)
 .literal.flash_cs_timing_config
                0x00000000400a08f8       0x10 zephyr/libzephyr.a(soc_flash_init.c.obj)
 .literal.flash_gpio_config
                0x00000000400a0908       0x24 zephyr/libzephyr.a(soc_flash_init.c.obj)
                                         0x54 (size before relaxing)
 .literal.flash_dummy_config
                0x00000000400a092c        0x8 zephyr/libzephyr.a(soc_flash_init.c.obj)
                                         0x10 (size before relaxing)
 .literal.init_spi_flash
                0x00000000400a0934       0x3c zephyr/libzephyr.a(soc_flash_init.c.obj)
                                         0x88 (size before relaxing)
 .literal.arch_early_memset
                0x00000000400a0970        0x0 zephyr/arch/common/libarch__common.a(init.c.obj)
                                          0x4 (size before relaxing)
 .literal.arch_bss_zero
                0x00000000400a0970        0x8 zephyr/arch/common/libarch__common.a(init.c.obj)
                                          0xc (size before relaxing)
 .literal.xtensa_fatal_error
                0x00000000400a0978        0x0 zephyr/arch/arch/xtensa/core/libarch__xtensa__core.a(fatal.c.obj)
                                          0xc (size before relaxing)
 .literal.z_irq_spurious
                0x00000000400a0978        0x0 zephyr/arch/arch/xtensa/core/libarch__xtensa__core.a(irq_manage.c.obj)
                                          0x4 (size before relaxing)
 .literal.xtensa_handle_irq_lvl
                0x00000000400a0978        0x8 zephyr/arch/arch/xtensa/core/libarch__xtensa__core.a(vector_handlers.c.obj)
 .literal.xtensa_is_outside_stack_bounds
                0x00000000400a0980        0x4 zephyr/arch/arch/xtensa/core/libarch__xtensa__core.a(vector_handlers.c.obj)
                                          0x8 (size before relaxing)
 .literal.xtensa_is_frame_pointer_valid
                0x00000000400a0984        0x0 zephyr/arch/arch/xtensa/core/libarch__xtensa__core.a(vector_handlers.c.obj)
                                          0x8 (size before relaxing)
 .literal.xtensa_dump_stack
                0x00000000400a0984        0x0 zephyr/arch/arch/xtensa/core/libarch__xtensa__core.a(vector_handlers.c.obj)
                                          0x4 (size before relaxing)
 .literal.xtensa_int2_c
                0x00000000400a0984        0x0 zephyr/arch/arch/xtensa/core/libarch__xtensa__core.a(vector_handlers.c.obj)
                                          0x4 (size before relaxing)
 .literal.xtensa_int3_c
                0x00000000400a0984        0x0 zephyr/arch/arch/xtensa/core/libarch__xtensa__core.a(vector_handlers.c.obj)
                                          0x4 (size before relaxing)
 .literal.xtensa_int4_c
                0x00000000400a0984        0x0 zephyr/arch/arch/xtensa/core/libarch__xtensa__core.a(vector_handlers.c.obj)
                                          0x4 (size before relaxing)
 .literal.xtensa_int5_c
                0x00000000400a0984        0x0 zephyr/arch/arch/xtensa/core/libarch__xtensa__core.a(vector_handlers.c.obj)
                                          0x4 (size before relaxing)
 .literal.xtensa_int6_c
                0x00000000400a0984        0x0 zephyr/arch/arch/xtensa/core/libarch__xtensa__core.a(vector_handlers.c.obj)
                                          0x4 (size before relaxing)
 .literal.xtensa_int7_c
                0x00000000400a0984        0x0 zephyr/arch/arch/xtensa/core/libarch__xtensa__core.a(vector_handlers.c.obj)
                                          0x4 (size before relaxing)
 .literal.xtensa_excint1_c
                0x00000000400a0984        0x8 zephyr/arch/arch/xtensa/core/libarch__xtensa__core.a(vector_handlers.c.obj)
                                         0x24 (size before relaxing)
 .literal.z_prep_c
                0x00000000400a098c        0x0 zephyr/arch/arch/xtensa/core/libarch__xtensa__core.a(prep_c.c.obj)
                                          0x8 (size before relaxing)
 .literal.xtensa_cpu_process_stack_pc
                0x00000000400a098c        0x8 zephyr/arch/arch/xtensa/core/libarch__xtensa__core.a(xtensa_backtrace.c.obj)
                                          0xc (size before relaxing)
 .literal.xtensa_ptr_executable
                0x00000000400a0994        0xc zephyr/arch/arch/xtensa/core/libarch__xtensa__core.a(xtensa_backtrace.c.obj)
                                         0x1c (size before relaxing)
 .literal.xtensa_stack_ptr_is_sane
                0x00000000400a09a0        0x8 zephyr/arch/arch/xtensa/core/libarch__xtensa__core.a(xtensa_backtrace.c.obj)
                                          0xc (size before relaxing)
 .literal.xtensa_backtrace_get_next_frame
                0x00000000400a09a8        0x0 zephyr/arch/arch/xtensa/core/libarch__xtensa__core.a(xtensa_backtrace.c.obj)
                                         0x10 (size before relaxing)
 .literal.xtensa_backtrace_print
                0x00000000400a09a8       0x14 zephyr/arch/arch/xtensa/core/libarch__xtensa__core.a(xtensa_backtrace.c.obj)
                                         0x54 (size before relaxing)
 .literal.__assert_no_args
                0x00000000400a09bc        0x0 zephyr/lib/libc/picolibc/liblib__libc__picolibc.a(assert.c.obj)
                                          0x4 (size before relaxing)
 .literal.z_impl_zephyr_fputc
                0x00000000400a09bc        0x4 zephyr/lib/libc/picolibc/liblib__libc__picolibc.a(stdio.c.obj)
 .literal.picolibc_put
                0x00000000400a09c0        0x0 zephyr/lib/libc/picolibc/liblib__libc__picolibc.a(stdio.c.obj)
                                          0x4 (size before relaxing)
 .literal.abort
                0x00000000400a09c0        0x4 zephyr/lib/libc/common/liblib__libc__common.a(abort.c.obj)
                                          0xc (size before relaxing)
 .literal.find_desc_for_int
                0x00000000400a09c4        0x4 zephyr/drivers/interrupt_controller/libdrivers__interrupt_controller.a(intc_esp32.c.obj)
 .literal.is_vect_desc_usable
                0x00000000400a09c8        0x4 zephyr/drivers/interrupt_controller/libdrivers__interrupt_controller.a(intc_esp32.c.obj)
                                         0x10 (size before relaxing)
 .literal.get_desc_for_int
                0x00000000400a09cc        0x4 zephyr/drivers/interrupt_controller/libdrivers__interrupt_controller.a(intc_esp32.c.obj)
                                         0x18 (size before relaxing)
 .literal.esp_intr_alloc_intrstatus
                0x00000000400a09d0       0x14 zephyr/drivers/interrupt_controller/libdrivers__interrupt_controller.a(intc_esp32.c.obj)
                                         0x84 (size before relaxing)
 .literal.esp_intr_alloc
                0x00000000400a09e4        0x0 zephyr/drivers/interrupt_controller/libdrivers__interrupt_controller.a(intc_esp32.c.obj)
                                          0x4 (size before relaxing)
 .literal.clock_control_esp32_get_status
                0x00000000400a09e4        0x4 zephyr/drivers/clock_control/libdrivers__clock_control.a(clock_control_esp32.c.obj)
                                         0x10 (size before relaxing)
 .literal.esp32_select_rtc_slow_clk
                0x00000000400a09e8        0x0 zephyr/drivers/clock_control/libdrivers__clock_control.a(clock_control_esp32.c.obj)
                                         0x1c (size before relaxing)
 .literal.esp32_cpu_clock_configure
                0x00000000400a09e8        0x0 zephyr/drivers/clock_control/libdrivers__clock_control.a(clock_control_esp32.c.obj)
                                         0x48 (size before relaxing)
 .literal.clock_control_esp32_off
                0x00000000400a09e8        0x0 zephyr/drivers/clock_control/libdrivers__clock_control.a(clock_control_esp32.c.obj)
                                          0x8 (size before relaxing)
 .literal.clock_control_esp32_on
                0x00000000400a09e8        0x0 zephyr/drivers/clock_control/libdrivers__clock_control.a(clock_control_esp32.c.obj)
                                          0xc (size before relaxing)
 .literal.clock_control_esp32_configure
                0x00000000400a09e8        0x0 zephyr/drivers/clock_control/libdrivers__clock_control.a(clock_control_esp32.c.obj)
                                         0x14 (size before relaxing)
 .literal.clock_control_esp32_get_rate
                0x00000000400a09e8        0x0 zephyr/drivers/clock_control/libdrivers__clock_control.a(clock_control_esp32.c.obj)
                                          0xc (size before relaxing)
 .literal.clock_control_esp32_init
                0x00000000400a09e8       0x18 zephyr/drivers/clock_control/libdrivers__clock_control.a(clock_control_esp32.c.obj)
                                         0x44 (size before relaxing)
 .literal.z_impl_flash_get_page_info_by_offs
                0x00000000400a0a00        0x0 zephyr/drivers/flash/libdrivers__flash.a(flash_page_layout.c.obj)
                                          0x4 (size before relaxing)
 .literal.flash_esp32_page_layout
                0x00000000400a0a00        0x4 zephyr/drivers/flash/libdrivers__flash.a(flash_esp32.c.obj)
 .literal.flash_esp32_get_parameters
                0x00000000400a0a04        0x4 zephyr/drivers/flash/libdrivers__flash.a(flash_esp32.c.obj)
 .literal.flash_esp32_erase
                0x00000000400a0a08        0x0 zephyr/drivers/flash/libdrivers__flash.a(flash_esp32.c.obj)
                                          0x4 (size before relaxing)
 .literal.flash_esp32_write
                0x00000000400a0a08        0x0 zephyr/drivers/flash/libdrivers__flash.a(flash_esp32.c.obj)
                                          0x8 (size before relaxing)
 .literal.flash_esp32_read
                0x00000000400a0a08        0x0 zephyr/drivers/flash/libdrivers__flash.a(flash_esp32.c.obj)
                                         0x14 (size before relaxing)
 .literal.rtcio_ll_set_drive_capability
                0x00000000400a0a08        0x0 zephyr/drivers/gpio/libdrivers__gpio.a(gpio_esp32.c.obj)
                                          0x4 (size before relaxing)
 .literal.gpio_esp32_pin_interrupt_configure
                0x00000000400a0a08        0x4 zephyr/drivers/gpio/libdrivers__gpio.a(gpio_esp32.c.obj)
 .literal.gpio_esp32_init
                0x00000000400a0a0c        0x8 zephyr/drivers/gpio/libdrivers__gpio.a(gpio_esp32.c.obj)
                                          0xc (size before relaxing)
 .literal.ccompare_isr
                0x00000000400a0a14        0x8 zephyr/drivers/timer/libdrivers__timer.a(xtensa_sys_timer.c.obj)
                                          0xc (size before relaxing)
 .literal.sys_clock_set_timeout
                0x00000000400a0a1c        0xc zephyr/drivers/timer/libdrivers__timer.a(xtensa_sys_timer.c.obj)
                                         0x14 (size before relaxing)
 .literal.bootutil_buffer_is_erased
                0x00000000400a0a28        0x0 modules/mcuboot/libmcuboot_util.a(bootutil_public.c.obj)
                                          0x4 (size before relaxing)
 .literal.boot_read_flag
                0x00000000400a0a28        0x0 modules/mcuboot/libmcuboot_util.a(bootutil_public.c.obj)
                                          0x8 (size before relaxing)
 .literal.boot_write_magic
                0x00000000400a0a28        0x4 modules/mcuboot/libmcuboot_util.a(bootutil_public.c.obj)
                                         0x10 (size before relaxing)
 .literal.boot_read_image_ok
                0x00000000400a0a2c        0x0 modules/mcuboot/libmcuboot_util.a(bootutil_public.c.obj)
                                          0x4 (size before relaxing)
 .literal.boot_read_swap_state
                0x00000000400a0a2c        0x0 modules/mcuboot/libmcuboot_util.a(bootutil_public.c.obj)
                                         0x24 (size before relaxing)
 .literal.boot_read_swap_state_by_id
                0x00000000400a0a2c        0x0 modules/mcuboot/libmcuboot_util.a(bootutil_public.c.obj)
                                          0xc (size before relaxing)
 .literal.boot_swap_type_multi
                0x00000000400a0a2c       0x28 modules/mcuboot/libmcuboot_util.a(bootutil_public.c.obj)
                                         0x54 (size before relaxing)
 .literal.k_sys_fatal_error_handler
                0x00000000400a0a54        0x0 zephyr/kernel/libkernel.a(fatal.c.obj)
                                          0x4 (size before relaxing)
 .literal.z_fatal_error
                0x00000000400a0a54        0x0 zephyr/kernel/libkernel.a(fatal.c.obj)
                                          0x4 (size before relaxing)
 .literal.z_sys_init_run_level
                0x00000000400a0a54        0x4 zephyr/kernel/libkernel.a(init.c.obj)
                                          0x8 (size before relaxing)
 .literal.z_cstart
                0x00000000400a0a58        0x8 zephyr/kernel/libkernel.a(init.c.obj)
                                         0x24 (size before relaxing)
 .literal.first
                0x00000000400a0a60        0x4 zephyr/kernel/libkernel.a(timeout.c.obj)
 .literal.next_timeout
                0x00000000400a0a64        0x0 zephyr/kernel/libkernel.a(timeout.c.obj)
                                          0x8 (size before relaxing)
 .literal.remove_timeout
                0x00000000400a0a64        0x0 zephyr/kernel/libkernel.a(timeout.c.obj)
                                          0x4 (size before relaxing)
 .literal.sys_clock_announce
                0x00000000400a0a64        0x8 zephyr/kernel/libkernel.a(timeout.c.obj)
                                         0x1c (size before relaxing)
 .literal.k_free
                0x00000000400a0a6c        0x0 zephyr/kernel/libkernel.a(mempool.c.obj)
                                          0x4 (size before relaxing)
 .literal.k_malloc
                0x00000000400a0a6c        0x8 zephyr/kernel/libkernel.a(mempool.c.obj)
                                          0xc (size before relaxing)
 .literal.k_heap_init
                0x00000000400a0a74        0x0 zephyr/kernel/libkernel.a(kheap.c.obj)
                                          0x4 (size before relaxing)
 .literal.statics_init
                0x00000000400a0a74        0x8 zephyr/kernel/libkernel.a(kheap.c.obj)
                                          0xc (size before relaxing)
 .literal.k_heap_free
                0x00000000400a0a7c        0x0 zephyr/kernel/libkernel.a(kheap.c.obj)
                                          0x4 (size before relaxing)
 .literal.__m_vfprintf
                0x00000000400a0a7c        0xc c:\users\farha\zephyr-sdk-0.17.4\xtensa-espressif_esp32_zephyr-elf\bin\../lib/gcc/../../picolibc/xtensa-espressif_esp32_zephyr-elf/lib\libc.a(libc_tinystdio_vfmprintf.c.o)
                                         0x14 (size before relaxing)
 .literal.vprintf
                0x00000000400a0a88        0x4 c:\users\farha\zephyr-sdk-0.17.4\xtensa-espressif_esp32_zephyr-elf\bin\../lib/gcc/../../picolibc/xtensa-espressif_esp32_zephyr-elf/lib\libc.a(libc_tinystdio_vprintf.c.o)
                                          0x8 (size before relaxing)
 .iram1.1       0x00000000400a0a8c        0x6 zephyr/libzephyr.a(soc.c.obj)
                                          0x9 (size before relaxing)
                0x00000000400a0a8c                __esp_platform_mcuboot_start
 *fill*         0x00000000400a0a92        0x2 
 .iram1.2       0x00000000400a0a94       0x1b zephyr/libzephyr.a(soc.c.obj)
                0x00000000400a0a94                arch_printk_char_out
 *fill*         0x00000000400a0aaf        0x1 
 .iram1.0       0x00000000400a0ab0        0xa zephyr/libzephyr.a(flash_encrypt.c.obj)
                                          0xd (size before relaxing)
                0x00000000400a0ab0                esp_flash_encryption_enabled
 *fill*         0x00000000400a0aba        0x2 
 .iram1.2       0x00000000400a0abc       0x16 zephyr/libzephyr.a(esp_clk.c.obj)
                0x00000000400a0abc                esp_clk_apb_freq
 *fill*         0x00000000400a0ad2        0x2 
 .iram1.2       0x00000000400a0ad4       0x25 zephyr/libzephyr.a(regi2c_ctrl.c.obj)
                0x00000000400a0ad4                regi2c_ctrl_read_reg_mask
 *fill*         0x00000000400a0af9        0x3 
 .iram1.3       0x00000000400a0afc       0x20 zephyr/libzephyr.a(regi2c_ctrl.c.obj)
                0x00000000400a0afc                regi2c_ctrl_write_reg
 .iram1.1       0x00000000400a0b1c       0x38 zephyr/libzephyr.a(rtc_clk.c.obj)
                0x00000000400a0b1c                rtc_clk_get_lact_compensation_delay
 .iram1.1       0x00000000400a0b54        0xa zephyr/libzephyr.a(esp_rom_sys.c.obj)
                0x00000000400a0b54                esp_rom_set_cpu_ticks_per_us
 *fill*         0x00000000400a0b5e        0x2 
 .iram1.2       0x00000000400a0b60       0x52 zephyr/libzephyr.a(esp_rom_uart.c.obj)
                0x00000000400a0b60                esp_rom_uart_tx_wait_idle
 *fill*         0x00000000400a0bb2        0x2 
 .iram1.3       0x00000000400a0bb4       0x58 zephyr/libzephyr.a(esp_rom_uart.c.obj)
                0x00000000400a0bb4                esp_rom_uart_set_clock_baudrate
 .iram1.0       0x00000000400a0c0c       0x46 zephyr/libzephyr.a(esp_rom_gpio.c.obj)
                0x00000000400a0c0c                esp_rom_gpio_connect_out_signal
 *fill*         0x00000000400a0c52        0x2 
 .iram1.0       0x00000000400a0c54       0x18 zephyr/libzephyr.a(efuse_hal.c.obj)
                                         0x1c (size before relaxing)
                0x00000000400a0c54                efuse_hal_chip_revision
 .iram1.4       0x00000000400a0c6c       0x26 zephyr/libzephyr.a(efuse_hal.c.obj)
                0x00000000400a0c6c                efuse_hal_flash_encryption_enabled
 *fill*         0x00000000400a0c92        0x2 
 .iram1.0       0x00000000400a0c94       0x3e zephyr/libzephyr.a(efuse_hal.c.obj)
                0x00000000400a0c94                efuse_hal_get_major_chip_version
 *fill*         0x00000000400a0cd2        0x2 
 .iram1.1       0x00000000400a0cd4       0x10 zephyr/libzephyr.a(efuse_hal.c.obj)
                0x00000000400a0cd4                efuse_hal_get_minor_chip_version
 .iram1.7       0x00000000400a0ce4      0x1c2 zephyr/libzephyr.a(bootloader_flash.c.obj)
                                        0x1c6 (size before relaxing)
                0x00000000400a0ce4                bootloader_flash_execute_command_common
 *fill*         0x00000000400a0ea6        0x2 
 .iram1.8       0x00000000400a0ea8       0x20 zephyr/libzephyr.a(bootloader_flash.c.obj)
                0x00000000400a0ea8                bootloader_execute_flash_command
 .iram1.6       0x00000000400a0ec8      0x122 zephyr/libzephyr.a(bootloader_flash.c.obj)
                                        0x146 (size before relaxing)
                0x00000000400a0ec8                bootloader_flash_unlock
 *fill*         0x00000000400a0fea        0x2 
 .iram1.9       0x00000000400a0fec       0x26 zephyr/libzephyr.a(bootloader_flash.c.obj)
                                         0x2a (size before relaxing)
                0x00000000400a0fec                bootloader_flash_read_sfdp
 *fill*         0x00000000400a1012        0x2 
 .iram1.10      0x00000000400a1014       0x30 zephyr/libzephyr.a(bootloader_flash.c.obj)
                                         0x34 (size before relaxing)
                0x00000000400a1014                bootloader_read_flash_id
 .iram1.13      0x00000000400a1044       0x99 zephyr/libzephyr.a(bootloader_flash.c.obj)
                                         0xad (size before relaxing)
                0x00000000400a1044                bootloader_flash_xmc_startup
 *fill*         0x00000000400a10dd        0x3 
 .iram1         0x00000000400a10e0       0x1a zephyr/arch/arch/xtensa/core/libarch__xtensa__core.a(debug_helpers_asm.S.obj)
                0x00000000400a10e0                xtensa_backtrace_get_start
 *fill*         0x00000000400a10fa        0x2 
 .iram1.3       0x00000000400a10fc       0xae zephyr/drivers/interrupt_controller/libdrivers__interrupt_controller.a(intc_esp32.c.obj)
                0x00000000400a10fc                esp_intr_disable
 *fill*         0x00000000400a11aa        0x2 
 .iram1.2       0x00000000400a11ac       0x11 zephyr/drivers/gpio/libdrivers__gpio.a(gpio_esp32.c.obj)
                                         0x17 (size before relaxing)
 *fill*         0x00000000400a11bd        0x3 
 .iram1.0       0x00000000400a11c0      0x39f zephyr/drivers/gpio/libdrivers__gpio.a(gpio_esp32.c.obj)
 *fill*         0x00000000400a155f        0x0 
 *fill*         0x00000000400a155f        0x0 
 *fill*         0x00000000400a155f        0x0 
 *fill*         0x00000000400a155f        0x0 
 *fill*         0x00000000400a155f        0x0 
 *fill*         0x00000000400a155f        0x0 
 *fill*         0x00000000400a155f        0x0 
 *fill*         0x00000000400a155f        0x0 
 *fill*         0x00000000400a155f        0x0 
 *fill*         0x00000000400a155f        0x1 
 .iram1.12      0x00000000400a1560       0x46 zephyr/libzephyr.a(bootloader_flash.c.obj)
 *fill*         0x00000000400a15a6        0x0 
 *fill*         0x00000000400a15a6        0x0 
 *fill*         0x00000000400a15a6        0x0 
 *fill*         0x00000000400a15a6        0x0 
 *fill*         0x00000000400a15a6        0x0 
 *fill*         0x00000000400a15a6        0x2 
 .iram1.0       0x00000000400a15a8       0x35 zephyr/drivers/interrupt_controller/libdrivers__interrupt_controller.a(intc_esp32.c.obj)
 *fill*         0x00000000400a15dd        0x0 
 *fill*         0x00000000400a15dd        0x3 
 .iram1.1       0x00000000400a15e0       0xae zephyr/drivers/gpio/libdrivers__gpio.a(gpio_esp32.c.obj)
 *fill*         0x00000000400a168e        0x0 
 *fill*         0x00000000400a168e        0x0 
 *(SORT_BY_ALIGNMENT(.iram0.literal) SORT_BY_ALIGNMENT(.iram.literal) SORT_BY_ALIGNMENT(.iram.text.literal) SORT_BY_ALIGNMENT(.iram0.text) SORT_BY_ALIGNMENT(.iram.text))
 *fill*         0x00000000400a168e        0x2 
 .iram0.text    0x00000000400a1690       0x39 zephyr/arch/arch/xtensa/core/libarch__xtensa__core.a(xtensa_asm2_util.S.obj)
                0x00000000400a1690                _Level1Vector
 *fill*         0x00000000400a16c9        0x0 
 *(SORT_BY_ALIGNMENT(.literal) SORT_BY_ALIGNMENT(.text) SORT_BY_ALIGNMENT(.literal.*) SORT_BY_ALIGNMENT(.text.*))
 *fill*         0x00000000400a16c9        0x3 
 .text.main     0x00000000400a16cc       0x3f app/libapp.a(main.c.obj)
                                         0x43 (size before relaxing)
                0x00000000400a16cc                main
 *fill*         0x00000000400a170b        0x1 
 .text.bootutil_img_validate
                0x00000000400a170c       0xe5 app/libapp.a(image_validate.c.obj)
                                         0xf5 (size before relaxing)
                0x00000000400a170c                bootutil_img_validate
 *fill*         0x00000000400a17f1        0x3 
 .text.bootutil_img_hash
                0x00000000400a17f4       0x98 app/libapp.a(bootutil_img_hash.c.obj)
                                         0xa4 (size before relaxing)
                0x00000000400a17f4                bootutil_img_hash
 .text.bootutil_tlv_iter_begin
                0x00000000400a188c       0xdf app/libapp.a(tlv.c.obj)
                                         0xe7 (size before relaxing)
                0x00000000400a188c                bootutil_tlv_iter_begin
 *fill*         0x00000000400a196b        0x1 
 .text.bootutil_tlv_iter_next
                0x00000000400a196c       0x96 app/libapp.a(tlv.c.obj)
                0x00000000400a196c                bootutil_tlv_iter_next
 *fill*         0x00000000400a1a02        0x2 
 .text.boot_fih_memequal
                0x00000000400a1a04       0x14 app/libapp.a(bootutil_misc.c.obj)
                0x00000000400a1a04                boot_fih_memequal
 .text.bootutil_max_image_size
                0x00000000400a1a18        0xc app/libapp.a(bootutil_misc.c.obj)
                                         0x10 (size before relaxing)
                0x00000000400a1a18                bootutil_max_image_size
 .text.boot_read_image_size
                0x00000000400a1a24       0x83 app/libapp.a(bootutil_misc.c.obj)
                                         0x8b (size before relaxing)
                0x00000000400a1a24                boot_read_image_size
 *fill*         0x00000000400a1aa7        0x1 
 .text.boot_erase_region
                0x00000000400a1aa8       0x74 app/libapp.a(bootutil_misc.c.obj)
                                         0x7c (size before relaxing)
                0x00000000400a1aa8                boot_erase_region
 .text.boot_initialize_area
                0x00000000400a1b1c       0x34 app/libapp.a(bootutil_misc.c.obj)
                0x00000000400a1b1c                boot_initialize_area
 .text.boot_read_sectors
                0x00000000400a1b50       0x3c app/libapp.a(bootutil_misc.c.obj)
                                         0x44 (size before relaxing)
                0x00000000400a1b50                boot_read_sectors
 .text.boot_state_clear
                0x00000000400a1b8c       0x20 app/libapp.a(bootutil_misc.c.obj)
                                         0x23 (size before relaxing)
                0x00000000400a1b8c                boot_state_clear
 *fill*         0x00000000400a1bac        0x0 
 .text.boot_read_image_headers$constprop$0
                0x00000000400a1bac       0x34 app/libapp.a(loader.c.obj)
                                         0x38 (size before relaxing)
 .text.boot_get_loader_state
                0x00000000400a1be0        0x8 app/libapp.a(loader.c.obj)
                0x00000000400a1be0                boot_get_loader_state
 .text.boot_status_reset
                0x00000000400a1be8       0x14 app/libapp.a(loader.c.obj)
                0x00000000400a1be8                boot_status_reset
 .text.boot_scramble_region
                0x00000000400a1bfc       0x18 app/libapp.a(loader.c.obj)
                                         0x1c (size before relaxing)
                0x00000000400a1bfc                boot_scramble_region
 .text.boot_scramble_slot
                0x00000000400a1c14       0x15 app/libapp.a(loader.c.obj)
                0x00000000400a1c14                boot_scramble_slot
 *fill*         0x00000000400a1c29        0x3 
 .text.boot_validate_slot$constprop$0$isra$0
                0x00000000400a1c2c       0xed app/libapp.a(loader.c.obj)
                                         0xf1 (size before relaxing)
 *fill*         0x00000000400a1d19        0x3 
 .text.boot_copy_region
                0x00000000400a1d1c       0x48 app/libapp.a(loader.c.obj)
                0x00000000400a1d1c                boot_copy_region
 .text.boot_open_all_flash_areas
                0x00000000400a1d64       0x30 app/libapp.a(loader.c.obj)
                                         0x3c (size before relaxing)
                0x00000000400a1d64                boot_open_all_flash_areas
 .text.boot_close_all_flash_areas
                0x00000000400a1d94       0x17 app/libapp.a(loader.c.obj)
                                         0x1a (size before relaxing)
                0x00000000400a1d94                boot_close_all_flash_areas
 *fill*         0x00000000400a1dab        0x1 
 .text.context_boot_go
                0x00000000400a1dac      0x210 app/libapp.a(loader.c.obj)
                                        0x244 (size before relaxing)
                0x00000000400a1dac                context_boot_go
 .text.boot_go  0x00000000400a1fbc       0x14 app/libapp.a(loader.c.obj)
                                         0x1c (size before relaxing)
                0x00000000400a1fbc                boot_go
 .text.boot_read_image_header
                0x00000000400a1fd0       0x2b app/libapp.a(swap_scratch.c.obj)
                0x00000000400a1fd0                boot_read_image_header
 *fill*         0x00000000400a1ffb        0x1 
 .text.compress
                0x00000000400a1ffc      0x219 app/libapp.a(sha256.c.obj)
 *fill*         0x00000000400a2215        0x3 
 .text.tc_sha256_init
                0x00000000400a2218       0x3e app/libapp.a(sha256.c.obj)
                                         0x42 (size before relaxing)
                0x00000000400a2218                tc_sha256_init
 *fill*         0x00000000400a2256        0x2 
 .text.tc_sha256_update
                0x00000000400a2258       0x62 app/libapp.a(sha256.c.obj)
                                         0x66 (size before relaxing)
                0x00000000400a2258                tc_sha256_update
 *fill*         0x00000000400a22ba        0x2 
 .text.tc_sha256_final
                0x00000000400a22bc       0xe2 app/libapp.a(sha256.c.obj)
                                         0xee (size before relaxing)
                0x00000000400a22bc                tc_sha256_final
 *fill*         0x00000000400a239e        0x2 
 .text._set     0x00000000400a23a0       0x12 app/libapp.a(utils.c.obj)
                0x00000000400a23a0                _set
 *fill*         0x00000000400a23b2        0x2 
 .text.free_list_add
                0x00000000400a23b4       0x5b zephyr/libzephyr.a(heap.c.obj)
 *fill*         0x00000000400a240f        0x1 
 .text.free_list_remove
                0x00000000400a2410       0x1e zephyr/libzephyr.a(heap.c.obj)
                                         0x22 (size before relaxing)
 *fill*         0x00000000400a242e        0x2 
 .text.alloc_chunk
                0x00000000400a2430       0x77 zephyr/libzephyr.a(heap.c.obj)
 *fill*         0x00000000400a24a7        0x1 
 .text.merge_chunks
                0x00000000400a24a8       0x2f zephyr/libzephyr.a(heap.c.obj)
                                         0x37 (size before relaxing)
 *fill*         0x00000000400a24d7        0x1 
 .text.split_chunks
                0x00000000400a24d8       0x38 zephyr/libzephyr.a(heap.c.obj)
                                         0x3c (size before relaxing)
 .text.free_chunk
                0x00000000400a2510       0x5e zephyr/libzephyr.a(heap.c.obj)
                                         0x76 (size before relaxing)
 *fill*         0x00000000400a256e        0x2 
 .text.sys_heap_free
                0x00000000400a2570       0x24 zephyr/libzephyr.a(heap.c.obj)
                                         0x28 (size before relaxing)
                0x00000000400a2570                sys_heap_free
 .text.sys_heap_alloc
                0x00000000400a2594       0x5c zephyr/libzephyr.a(heap.c.obj)
                                         0x68 (size before relaxing)
                0x00000000400a2594                sys_heap_alloc
 .text.sys_heap_noalign_alloc
                0x00000000400a25f0       0x11 zephyr/libzephyr.a(heap.c.obj)
                0x00000000400a25f0                sys_heap_noalign_alloc
 *fill*         0x00000000400a2601        0x3 
 .text.sys_heap_init
                0x00000000400a2604       0x7e zephyr/libzephyr.a(heap.c.obj)
                                         0x86 (size before relaxing)
                0x00000000400a2604                sys_heap_init
 *fill*         0x00000000400a2682        0x2 
 .text.char_out
                0x00000000400a2684       0x11 zephyr/libzephyr.a(printk.c.obj)
 *fill*         0x00000000400a2695        0x3 
 .text.vprintk  0x00000000400a2698       0x28 zephyr/libzephyr.a(printk.c.obj)
                                         0x2c (size before relaxing)
                0x00000000400a2698                vprintk
 .text.printk   0x00000000400a26c0       0x22 zephyr/libzephyr.a(printk.c.obj)
                                         0x26 (size before relaxing)
                0x00000000400a26c0                printk
 *fill*         0x00000000400a26e2        0x2 
 .text.__start  0x00000000400a26e4       0x44 zephyr/libzephyr.a(loader.c.obj)
                                         0x52 (size before relaxing)
                0x00000000400a26e4                __start
 *fill*         0x00000000400a2728        0x0 
 .text.hardware_init
                0x00000000400a2728       0x96 zephyr/libzephyr.a(hw_init.c.obj)
                                         0xc2 (size before relaxing)
                0x00000000400a2728                hardware_init
 *fill*         0x00000000400a27be        0x2 
 .text.flash_area_sectors
                0x00000000400a27c0       0x2e zephyr/libzephyr.a(flash_map_layout.c.obj)
                0x00000000400a27c0                flash_area_sectors
 *fill*         0x00000000400a27ee        0x2 
 .text.flash_area_get_sectors
                0x00000000400a27f0       0x26 zephyr/libzephyr.a(flash_map_layout.c.obj)
                                         0x2e (size before relaxing)
                0x00000000400a27f0                flash_area_get_sectors
 *fill*         0x00000000400a2816        0x2 
 .text          0x00000000400a2818      0x137 zephyr/libzephyr.a(windowspill_asm.S.obj)
                0x00000000400a2818                xthal_spill_registers_into_stack_nw
                0x00000000400a2818                xthal_window_spill_nw
                0x00000000400a292c                xthal_window_spill
 *fill*         0x00000000400a294f        0x1 
 .text.bootloader_clock_configure
                0x00000000400a2950       0xcc zephyr/libzephyr.a(bootloader_clock_init.c.obj)
                                         0xdc (size before relaxing)
                0x00000000400a2950                bootloader_clock_configure
 .text.esp_console_init
                0x00000000400a2a1c       0x22 zephyr/libzephyr.a(console_init.c.obj)
                                         0x2a (size before relaxing)
                0x00000000400a2a1c                esp_console_init
 *fill*         0x00000000400a2a3e        0x2 
 .text.print_banner
                0x00000000400a2a40       0x4a zephyr/libzephyr.a(soc_init.c.obj)
                                         0x56 (size before relaxing)
                0x00000000400a2a40                print_banner
 *fill*         0x00000000400a2a8a        0x2 
 .text.read_bootloader_header
                0x00000000400a2a8c       0x30 zephyr/libzephyr.a(soc_init.c.obj)
                                         0x38 (size before relaxing)
                0x00000000400a2a8c                read_bootloader_header
 .text.config_wdt
                0x00000000400a2abc       0x3e zephyr/libzephyr.a(soc_init.c.obj)
                                         0x4e (size before relaxing)
                0x00000000400a2abc                config_wdt
 *fill*         0x00000000400a2afa        0x2 
 .text.check_bootloader_validity
                0x00000000400a2afc       0xba zephyr/libzephyr.a(soc_init.c.obj)
                                         0xca (size before relaxing)
                0x00000000400a2afc                check_bootloader_validity
 *fill*         0x00000000400a2bb6        0x2 
 .text.load_segment$isra$0
                0x00000000400a2bb8       0x43 zephyr/libzephyr.a(esp_image_loader.c.obj)
                                         0x4b (size before relaxing)
 *fill*         0x00000000400a2bfb        0x1 
 .text.esp_app_image_load
                0x00000000400a2bfc      0x33e zephyr/libzephyr.a(esp_image_loader.c.obj)
                                        0x37a (size before relaxing)
                0x00000000400a2bfc                esp_app_image_load
 *fill*         0x00000000400a2f3a        0x2 
 .text.start_cpu0_image
                0x00000000400a2f3c       0x19 zephyr/libzephyr.a(esp_image_loader.c.obj)
                0x00000000400a2f3c                start_cpu0_image
 *fill*         0x00000000400a2f55        0x3 
 .text.esp_clk_slowclk_cal_set
                0x00000000400a2f58        0xd zephyr/libzephyr.a(esp_clk.c.obj)
                0x00000000400a2f58                esp_clk_slowclk_cal_set
 *fill*         0x00000000400a2f65        0x3 
 .text.periph_ll_get_rst_en_mask
                0x00000000400a2f68       0xca zephyr/libzephyr.a(periph_ctrl.c.obj)
 *fill*         0x00000000400a3032        0x2 
 .text.periph_ll_get_rst_en_reg
                0x00000000400a3034       0x2f zephyr/libzephyr.a(periph_ctrl.c.obj)
 *fill*         0x00000000400a3063        0x1 
 .text.periph_module_enable
                0x00000000400a3064       0x97 zephyr/libzephyr.a(periph_ctrl.c.obj)
                                         0x9b (size before relaxing)
                0x00000000400a3064                periph_module_enable
 *fill*         0x00000000400a30fb        0x1 
 .text.periph_module_disable
                0x00000000400a30fc       0x95 zephyr/libzephyr.a(periph_ctrl.c.obj)
                                         0x99 (size before relaxing)
                0x00000000400a30fc                periph_module_disable
 *fill*         0x00000000400a3191        0x3 
 .text.esp_clk_tree_rc_fast_d256_get_freq_hz
                0x00000000400a3194       0x41 zephyr/libzephyr.a(esp_clk_tree_common.c.obj)
                                         0x4c (size before relaxing)
                0x00000000400a3194                esp_clk_tree_rc_fast_d256_get_freq_hz
 *fill*         0x00000000400a31d5        0x3 
 .text.esp_clk_tree_rc_fast_get_freq_hz
                0x00000000400a31d8       0x13 zephyr/libzephyr.a(esp_clk_tree_common.c.obj)
                                         0x16 (size before relaxing)
                0x00000000400a31d8                esp_clk_tree_rc_fast_get_freq_hz
 *fill*         0x00000000400a31eb        0x1 
 .text.esp_clk_tree_lp_fast_get_freq_hz
                0x00000000400a31ec       0x37 zephyr/libzephyr.a(esp_clk_tree_common.c.obj)
                0x00000000400a31ec                esp_clk_tree_lp_fast_get_freq_hz
 *fill*         0x00000000400a3223        0x1 
 .text.esp_cpu_configure_region_protection
                0x00000000400a3224       0x2f zephyr/libzephyr.a(cpu_region_protect.c.obj)
                                         0x33 (size before relaxing)
                0x00000000400a3224                esp_cpu_configure_region_protection
 *fill*         0x00000000400a3253        0x1 
 .text.esp_cpu_intr_get_desc
                0x00000000400a3254       0x2a zephyr/libzephyr.a(esp_cpu_intr.c.obj)
                0x00000000400a3254                esp_cpu_intr_get_desc
 *fill*         0x00000000400a327e        0x2 
 .text.rtc_init
                0x00000000400a3280      0x3ba zephyr/libzephyr.a(rtc_init.c.obj)
                0x00000000400a3280                rtc_init
 *fill*         0x00000000400a363a        0x2 
 .text.rtc_vddsdio_get_config
                0x00000000400a363c       0x97 zephyr/libzephyr.a(rtc_init.c.obj)
                0x00000000400a363c                rtc_vddsdio_get_config
 *fill*         0x00000000400a36d3        0x1 
 .text.rtc_vddsdio_set_config
                0x00000000400a36d4       0x48 zephyr/libzephyr.a(rtc_init.c.obj)
                0x00000000400a36d4                rtc_vddsdio_set_config
 .text.rtc_clk_32k_enable_common
                0x00000000400a371c       0x89 zephyr/libzephyr.a(rtc_clk.c.obj)
 *fill*         0x00000000400a37a5        0x3 
 .text.rtc_clk_bbpll_disable
                0x00000000400a37a8       0x3c zephyr/libzephyr.a(rtc_clk.c.obj)
 .text.rtc_clk_32k_enable
                0x00000000400a37e4       0x35 zephyr/libzephyr.a(rtc_clk.c.obj)
                                         0x39 (size before relaxing)
                0x00000000400a37e4                rtc_clk_32k_enable
 *fill*         0x00000000400a3819        0x3 
 .text.rtc_clk_32k_enable_external
                0x00000000400a381c        0xa zephyr/libzephyr.a(rtc_clk.c.obj)
                                          0xe (size before relaxing)
                0x00000000400a381c                rtc_clk_32k_enable_external
 *fill*         0x00000000400a3826        0x2 
 .text.rtc_clk_8m_enable
                0x00000000400a3828       0x81 zephyr/libzephyr.a(rtc_clk.c.obj)
                0x00000000400a3828                rtc_clk_8m_enable
 *fill*         0x00000000400a38a9        0x3 
 .text.rtc_clk_8m_enabled
                0x00000000400a38ac       0x15 zephyr/libzephyr.a(rtc_clk.c.obj)
                0x00000000400a38ac                rtc_clk_8m_enabled
 *fill*         0x00000000400a38c1        0x3 
 .text.rtc_clk_8md256_enabled
                0x00000000400a38c4       0x15 zephyr/libzephyr.a(rtc_clk.c.obj)
                0x00000000400a38c4                rtc_clk_8md256_enabled
 *fill*         0x00000000400a38d9        0x3 
 .text.rtc_clk_slow_src_set
                0x00000000400a38dc       0x7c zephyr/libzephyr.a(rtc_clk.c.obj)
                0x00000000400a38dc                rtc_clk_slow_src_set
 .text.rtc_clk_slow_src_get
                0x00000000400a3958       0x10 zephyr/libzephyr.a(rtc_clk.c.obj)
                0x00000000400a3958                rtc_clk_slow_src_get
 .text.rtc_clk_fast_src_set
                0x00000000400a3968       0x44 zephyr/libzephyr.a(rtc_clk.c.obj)
                                         0x47 (size before relaxing)
                0x00000000400a3968                rtc_clk_fast_src_set
 *fill*         0x00000000400a39ac        0x0 
 .text.rtc_clk_fast_src_get
                0x00000000400a39ac       0x10 zephyr/libzephyr.a(rtc_clk.c.obj)
                0x00000000400a39ac                rtc_clk_fast_src_get
 .text.rtc_clk_cpu_freq_to_pll_mhz
                0x00000000400a39bc      0x180 zephyr/libzephyr.a(rtc_clk.c.obj)
                                        0x190 (size before relaxing)
 .text.rtc_clk_xtal_freq_get
                0x00000000400a3b3c       0x26 zephyr/libzephyr.a(rtc_clk.c.obj)
                0x00000000400a3b3c                rtc_clk_xtal_freq_get
                0x00000000400a3b3c                rtc_get_xtal
 *fill*         0x00000000400a3b62        0x2 
 .text.rtc_clk_cpu_freq_mhz_to_config
                0x00000000400a3b64       0x58 zephyr/libzephyr.a(rtc_clk.c.obj)
                                         0x5c (size before relaxing)
                0x00000000400a3b64                rtc_clk_cpu_freq_mhz_to_config
 .text.rtc_clk_cpu_freq_get_config
                0x00000000400a3bbc       0xa8 zephyr/libzephyr.a(rtc_clk.c.obj)
                0x00000000400a3bbc                rtc_clk_cpu_freq_get_config
 .text.rtc_clk_xtal_freq_update
                0x00000000400a3c64       0x29 zephyr/libzephyr.a(rtc_clk.c.obj)
                0x00000000400a3c64                rtc_clk_xtal_freq_update
 *fill*         0x00000000400a3c8d        0x3 
 .text.rtc_clk_apb_freq_update
                0x00000000400a3c90       0x19 zephyr/libzephyr.a(rtc_clk.c.obj)
                0x00000000400a3c90                rtc_clk_apb_freq_update
 *fill*         0x00000000400a3ca9        0x3 
 .text.rtc_clk_cpu_freq_to_xtal
                0x00000000400a3cac       0xa3 zephyr/libzephyr.a(rtc_clk.c.obj)
                                         0xab (size before relaxing)
                0x00000000400a3cac                rtc_clk_cpu_freq_to_xtal
 *fill*         0x00000000400a3d4f        0x1 
 .text.rtc_clk_cpu_freq_set_config
                0x00000000400a3d50      0x2af zephyr/libzephyr.a(rtc_clk.c.obj)
                                        0x2e7 (size before relaxing)
                0x00000000400a3d50                rtc_clk_cpu_freq_set_config
 *fill*         0x00000000400a3fff        0x1 
 .text.rtc_clk_apb_freq_get
                0x00000000400a4000       0x2a zephyr/libzephyr.a(rtc_clk.c.obj)
                0x00000000400a4000                rtc_clk_apb_freq_get
 *fill*         0x00000000400a402a        0x2 
 .text.rtc_clk_xtal_freq_estimate
                0x00000000400a402c       0xd6 zephyr/libzephyr.a(rtc_clk_init.c.obj)
                                         0xee (size before relaxing)
 *fill*         0x00000000400a4102        0x2 
 .text.rtc_clk_init
                0x00000000400a4104      0x1d2 zephyr/libzephyr.a(rtc_clk_init.c.obj)
                                        0x206 (size before relaxing)
                0x00000000400a4104                rtc_clk_init
 *fill*         0x00000000400a42d6        0x2 
 .text.rtc_clk_cal_internal
                0x00000000400a42d8      0x1d4 zephyr/libzephyr.a(rtc_time.c.obj)
                                        0x1dc (size before relaxing)
 .text.rtc_clk_cal_ratio
                0x00000000400a44ac       0x2c zephyr/libzephyr.a(rtc_time.c.obj)
                0x00000000400a44ac                rtc_clk_cal_ratio
 .text.rtc_clk_cal
                0x00000000400a44d8       0xb6 zephyr/libzephyr.a(rtc_time.c.obj)
                                         0xc6 (size before relaxing)
                0x00000000400a44d8                rtc_clk_cal
 *fill*         0x00000000400a458e        0x2 
 .text.rtc_clk_wait_for_slow_cycle
                0x00000000400a4590       0xae zephyr/libzephyr.a(rtc_time.c.obj)
                0x00000000400a4590                rtc_clk_wait_for_slow_cycle
 *fill*         0x00000000400a463e        0x2 
 .text.rtc_clk_freq_cal
                0x00000000400a4640       0x1c zephyr/libzephyr.a(rtc_time.c.obj)
                0x00000000400a4640                rtc_clk_freq_cal
 .text.sar_periph_ctrl_init
                0x00000000400a465c       0x1a zephyr/libzephyr.a(sar_periph_ctrl.c.obj)
                0x00000000400a465c                sar_periph_ctrl_init
 *fill*         0x00000000400a4676        0x2 
 .text.wdt_hal_write_protect_disable
                0x00000000400a4678       0x1d zephyr/libzephyr.a(wdt_hal_iram.c.obj)
                0x00000000400a4678                wdt_hal_write_protect_disable
 *fill*         0x00000000400a4695        0x3 
 .text.wdt_hal_set_flashboot_en
                0x00000000400a4698       0x42 zephyr/libzephyr.a(wdt_hal_iram.c.obj)
                0x00000000400a4698                wdt_hal_set_flashboot_en
 *fill*         0x00000000400a46da        0x2 
 .text.clk_hal_lp_slow_get_freq_hz
                0x00000000400a46dc       0x24 zephyr/libzephyr.a(clk_tree_hal.c.obj)
                0x00000000400a46dc                clk_hal_lp_slow_get_freq_hz
 .text.clk_hal_xtal_get_freq_mhz
                0x00000000400a4700       0x26 zephyr/libzephyr.a(clk_tree_hal.c.obj)
                0x00000000400a4700                clk_hal_xtal_get_freq_mhz
 *fill*         0x00000000400a4726        0x2 
 .text.clk_hal_apll_get_freq_hz
                0x00000000400a4728       0x98 zephyr/libzephyr.a(clk_tree_hal.c.obj)
                                         0xac (size before relaxing)
                0x00000000400a4728                clk_hal_apll_get_freq_hz
 .text.clk_hal_soc_root_get_freq_mhz
                0x00000000400a47c0       0x4f zephyr/libzephyr.a(clk_tree_hal.c.obj)
                                         0x56 (size before relaxing)
                0x00000000400a47c0                clk_hal_soc_root_get_freq_mhz
 *fill*         0x00000000400a480f        0x1 
 .text.clk_hal_cpu_get_freq_hz
                0x00000000400a4810       0x9a zephyr/libzephyr.a(clk_tree_hal.c.obj)
                                         0xa2 (size before relaxing)
                0x00000000400a4810                clk_hal_cpu_get_freq_hz
 *fill*         0x00000000400a48aa        0x2 
 .text.esp_log_impl_lock
                0x00000000400a48ac       0x13 zephyr/libzephyr.a(log_noos.c.obj)
                                         0x16 (size before relaxing)
                0x00000000400a48ac                esp_log_impl_lock
 *fill*         0x00000000400a48bf        0x1 
 .text.esp_log_impl_lock_timeout
                0x00000000400a48c0        0xa zephyr/libzephyr.a(log_noos.c.obj)