Archive member included to satisfy reference by file (symbol)

app/libapp.a(main.c.obj)      (--whole-archive)
app/libapp.a(tasks.c.obj)     (--whole-archive)
zephyr/libzephyr.a(validate_libc.c.obj)
                              (--whole-archive)
zephyr/libzephyr.a(heap.c.obj)
                              (--whole-archive)
zephyr/libzephyr.a(cbprintf_packaged.c.obj)
                              (--whole-archive)
zephyr/libzephyr.a(clock.c.obj)
                              (--whole-archive)
zephyr/libzephyr.a(printk.c.obj)
                              (--whole-archive)
zephyr/libzephyr.a(sem.c.obj)
                              (--whole-archive)
zephyr/libzephyr.a(thread_entry.c.obj)
                              (--whole-archive)
zephyr/libzephyr.a(cbprintf_complete.c.obj)
                              (--whole-archive)
zephyr/libzephyr.a(assert.c.obj)
                              (--whole-archive)
zephyr/libzephyr.a(dec.c.obj)
                              (--whole-archive)
zephyr/libzephyr.a(hex.c.obj)
                              (--whole-archive)
zephyr/libzephyr.a(rb.c.obj)  (--whole-archive)
zephyr/libzephyr.a(timeutil.c.obj)
                              (--whole-archive)
zephyr/libzephyr.a(bitarray.c.obj)
                              (--whole-archive)
zephyr/libzephyr.a(bitmask.c.obj)
                              (--whole-archive)
zephyr/libzephyr.a(ring_buffer.c.obj)
                              (--whole-archive)
zephyr/libzephyr.a(configs.c.obj)
                              (--whole-archive)
zephyr/libzephyr.a(soc.c.obj)
                              (--whole-archive)
zephyr/libzephyr.a(esp32-mp.c.obj)
                              (--whole-archive)
zephyr/libzephyr.a(loader.c.obj)
                              (--whole-archive)
zephyr/libzephyr.a(tracing_none.c.obj)
                              (--whole-archive)
zephyr/libzephyr.a(windowspill_asm.S.obj)
                              (--whole-archive)
zephyr/libzephyr.a(esp_efuse_api.c.obj)
                              (--whole-archive)
zephyr/libzephyr.a(esp_efuse_utility.c.obj)
                              (--whole-archive)
zephyr/libzephyr.a(esp_efuse_table.c.obj)
                              (--whole-archive)
zephyr/libzephyr.a(esp_efuse_utility.c.obj)
                              (--whole-archive)
zephyr/libzephyr.a(esp_efuse_api_key.c.obj)
                              (--whole-archive)
zephyr/libzephyr.a(flash_encrypt.c.obj)
                              (--whole-archive)
zephyr/libzephyr.a(esp_gpio_reserve.c.obj)
                              (--whole-archive)
zephyr/libzephyr.a(cache_esp32.c.obj)
                              (--whole-archive)
zephyr/libzephyr.a(mmu_hal.c.obj)
                              (--whole-archive)
zephyr/libzephyr.a(spi_flash_encrypt_hal_iram.c.obj)
                              (--whole-archive)
zephyr/libzephyr.a(spi_flash_hal.c.obj)
                              (--whole-archive)
zephyr/libzephyr.a(spi_flash_hal_iram.c.obj)
                              (--whole-archive)
zephyr/libzephyr.a(cache_hal_esp32.c.obj)
                              (--whole-archive)
zephyr/libzephyr.a(esp_flash_api.c.obj)
                              (--whole-archive)
zephyr/libzephyr.a(esp_flash_spi_init.c.obj)
                              (--whole-archive)
zephyr/libzephyr.a(flash_mmap.c.obj)
                              (--whole-archive)
zephyr/libzephyr.a(flash_ops.c.obj)
                              (--whole-archive)
zephyr/libzephyr.a(memspi_host_driver.c.obj)
                              (--whole-archive)
zephyr/libzephyr.a(spi_flash_chip_boya.c.obj)
                              (--whole-archive)
zephyr/libzephyr.a(spi_flash_chip_drivers.c.obj)
                              (--whole-archive)
zephyr/libzephyr.a(spi_flash_chip_gd.c.obj)
                              (--whole-archive)
zephyr/libzephyr.a(spi_flash_chip_generic.c.obj)
                              (--whole-archive)
zephyr/libzephyr.a(spi_flash_chip_issi.c.obj)
                              (--whole-archive)
zephyr/libzephyr.a(spi_flash_chip_mxic.c.obj)
                              (--whole-archive)
zephyr/libzephyr.a(spi_flash_chip_mxic_opi.c.obj)
                              (--whole-archive)
zephyr/libzephyr.a(spi_flash_chip_th.c.obj)
                              (--whole-archive)
zephyr/libzephyr.a(spi_flash_chip_winbond.c.obj)
                              (--whole-archive)
zephyr/libzephyr.a(spi_flash_os_func_noos.c.obj)
                              (--whole-archive)
zephyr/libzephyr.a(spi_flash_os_func_app.c.obj)
                              (--whole-archive)
zephyr/libzephyr.a(uart_hal.c.obj)
                              (--whole-archive)
zephyr/libzephyr.a(uart_hal_iram.c.obj)
                              (--whole-archive)
zephyr/libzephyr.a(gpio_periph.c.obj)
                              (--whole-archive)
zephyr/libzephyr.a(rtc_io_periph.c.obj)
                              (--whole-archive)
[...]
Memory Configuration

Name             Origin             Length             Attributes
mcuboot_hdr      0x0000000000000000 0x0000000000000020 r
metadata         0x0000000000000020 0x0000000000000060 r
FLASH            0x0000000000000080 0x00000000003fff80 r
iram0_0_seg      0x0000000040080000 0x0000000000038000 xr
dram0_0_seg      0x000000003ffb0000 0x0000000000030000 rw
dram1_0_seg      0x000000003ffe8000 0x0000000000018000 rw
irom0_0_seg      0x00000000400d0000 0x0000000000b30000 xr
drom0_0_seg      0x000000003f400000 0x0000000000400000 r
rtc_iram_seg     0x00000000400c0000 0x0000000000002000 xrw
rtc_slow_seg     0x0000000050000000 0x0000000000002000 rw
rtc_data_seg     0x000000003ff80000 0x0000000000002000 rw
IDT_LIST         0x000000003ebfe010 0x0000000000002000 rw
*default*        0x0000000000000000 0xffffffffffffffff

Linker script and memory map

                0x00000000400d2c1c                vfprintf = __l_vfprintf
                0x0000000000000000                vfscanf = __l_vfscanf
LOAD zephyr/CMakeFiles/zephyr_final.dir/misc/empty_file.c.obj
LOAD zephyr/CMakeFiles/zephyr_final.dir/isr_tables.c.obj
LOAD zephyr/CMakeFiles/offsets.dir/./arch/xtensa/core/offsets/offsets.c.obj
LOAD app/libapp.a
LOAD zephyr/libzephyr.a
LOAD zephyr/arch/common/libarch__common.a
LOAD zephyr/arch/arch/xtensa/core/libarch__xtensa__core.a
LOAD zephyr/lib/libc/picolibc/liblib__libc__picolibc.a
LOAD zephyr/lib/libc/common/liblib__libc__common.a
LOAD zephyr/lib/posix/c_lib_ext/liblib__posix__c_lib_ext.a
LOAD zephyr/drivers/interrupt_controller/libdrivers__interrupt_controller.a
LOAD zephyr/drivers/clock_control/libdrivers__clock_control.a
LOAD zephyr/drivers/console/libdrivers__console.a
LOAD zephyr/drivers/gpio/libdrivers__gpio.a
LOAD zephyr/drivers/pinctrl/libdrivers__pinctrl.a
LOAD zephyr/drivers/serial/libdrivers__serial.a
LOAD zephyr/drivers/timer/libdrivers__timer.a
LOAD zephyr/kernel/libkernel.a
LOAD zephyr/arch/common/libisr_tables.a
LOAD c:/users/farha/zephyr-sdk-0.17.4/xtensa-espressif_esp32_zephyr-elf/bin/../lib/gcc/xtensa-espressif_esp32_zephyr-elf/12.2.0\libgcc.a
LOAD c:\users\farha\zephyr-sdk-0.17.4\xtensa-espressif_esp32_zephyr-elf\bin\../lib/gcc/../../picolibc/xtensa-espressif_esp32_zephyr-elf/lib\libc.a
LOAD c:/users/farha/zephyr-sdk-0.17.4/xtensa-espressif_esp32_zephyr-elf/bin/../lib/gcc/xtensa-espressif_esp32_zephyr-elf/12.2.0\libgcc.a
                0x00000000400b8000                procpu_iram0_end = 0x400b8000
                0x0000000040080000                procpu_iram0_org = 0x40080000
                0x0000000000038000                procpu_iram0_len = (procpu_iram0_end - procpu_iram0_org)
                0x000000003ffe0000                procpu_dram0_end = 0x3ffe0000
                0x000000003ffb0000                procpu_dram0_org = 0x3ffb0000
                0x0000000000030000                procpu_dram0_len = 0x30000
                0x000000003ffe8000                procpu_dram1_org = 0x3ffe8000
                0x0000000000018000                procpu_dram1_len = 0x18000
                0x00000000400d0000                procpu_irom_org = 0x400d0000
                0x0000000000b30000                procpu_irom_len = 0xb30000
                0x000000003f400000                procpu_drom_org = 0x3f400000
                0x0000000000400000                procpu_drom_len = 0x400000
                0x0000000000000000                _rom_store_table = 0x0
                [!provide]                        PROVIDE (_memmap_vecbase_reset = 0x40000450)
                [!provide]                        PROVIDE (_memmap_reset_vector = 0x40000400)
                0x000000003ffe0000                _heap_sentry = 0x3ffe0000
                0x000000000002d960                _libc_heap_size = (_heap_sentry - _end)

.mcuboot_header
                0x0000000000000000       0x20
                0x0000000000000000        0x8 QUAD 0x0
                0x0000000000000008        0x8 QUAD 0x0
                0x0000000000000010        0x8 QUAD 0x0
                0x0000000000000018        0x8 QUAD 0x0

.metadata       0x0000000000000020       0x50
                0x0000000000000020        0x4 LONG 0xace637d3
 *(SORT_BY_ALIGNMENT(.entry_addr))
 .entry_addr    0x0000000000000024        0x4 zephyr/libzephyr.a(loader.c.obj)
                0x0000000000000028        0x4 LONG 0x40080000 ADDR (.iram0.vectors)
                0x000000000000002c        0x4 LONG 0x80 LOADADDR (.iram0.vectors)
                0x0000000000000030        0x4 LONG 0x6138 ((LOADADDR (.iram0.text) + SIZEOF (.iram0.text)) - LOADADDR (.iram0.vectors))
                0x0000000000000034        0x4 LONG 0x3ffb0000 ADDR (.dram0.data)
                0x0000000000000038        0x4 LONG 0x61b8 LOADADDR (.dram0.data)
                0x000000000000003c        0x4 LONG 0x11f4 ((LOADADDR (.dram0.end) + SIZEOF (.dram0.end)) - LOADADDR (.dram0.data))
                0x0000000000000040        0x4 LONG 0x400c0000 ADDR (.rtc.text)
                0x0000000000000044        0x4 LONG 0x80 LOADADDR (.rtc.text)
                0x0000000000000048        0x4 LONG 0x0 SIZEOF (.rtc.text)
                0x000000000000004c        0x4 LONG 0x50000000 ADDR (.rtc.data)
                0x0000000000000050        0x4 LONG 0x80 LOADADDR (.rtc.data)
                0x0000000000000054        0x4 LONG 0x0 SIZEOF (.rtc.data)
                0x0000000000000058        0x4 LONG 0x400d0000 ADDR (.flash.text)
                0x000000000000005c        0x4 LONG 0x20000 LOADADDR (.flash.text)
                0x0000000000000060        0x4 LONG 0x381c SIZEOF (.flash.text)
                0x0000000000000064        0x4 LONG 0x3f400000 ADDR (.flash.rodata)
                0x0000000000000068        0x4 LONG 0x10000 LOADADDR (.flash.rodata)
                0x000000000000006c        0x4 LONG 0xf7c (LOADADDR (.flash.rodata_end) - LOADADDR (.flash.rodata))

.rel.plt        0x0000000000000000        0x0
 *(SORT_BY_ALIGNMENT(.rel.plt))
                [!provide]                        PROVIDE (__rel_iplt_start = .)
 *(SORT_BY_ALIGNMENT(.rel.iplt))
                [!provide]                        PROVIDE (__rel_iplt_end = .)

.rela.plt       0x0000000000000000        0x0
 *(SORT_BY_ALIGNMENT(.rela.plt))
                [!provide]                        PROVIDE (__rela_iplt_start = .)
 *(SORT_BY_ALIGNMENT(.rela.iplt))
                [!provide]                        PROVIDE (__rela_iplt_end = .)

.rel.dyn
 *(SORT_BY_ALIGNMENT(.rel.*))

.rela.dyn
 *(SORT_BY_ALIGNMENT(.rela.*))

.rtc.text       0x00000000400c0000        0x0 load address 0x0000000000000080
                0x00000000400c0000                . = ALIGN (0x4)
 *(SORT_BY_ALIGNMENT(.rtc.literal) SORT_BY_ALIGNMENT(.rtc.literal.*))
 *(SORT_BY_ALIGNMENT(.rtc.text) SORT_BY_ALIGNMENT(.rtc.text.*))
                0x00000000400c0000                . = ALIGN (0x4)

.rtc.dummy      0x000000003ff80000        0x0 load address 0x0000000000000080
                0x0000000000000000                . = SIZEOF (.rtc.text)

.rtc.force_fast
                0x000000003ff80000        0x0 load address 0x0000000000000080
                0x000000003ff80000                . = ALIGN (0x4)
 *(SORT_BY_ALIGNMENT(.rtc.force_fast) SORT_BY_ALIGNMENT(.rtc.force_fast.*))
                0x000000003ff80000                . = ALIGN (0x4)

.rtc.data       0x0000000050000000        0x0 load address 0x0000000000000080
                0x0000000050000000                . = ALIGN (0x4)
                0x0000000050000000                _rtc_data_start = ABSOLUTE (.)
 *(SORT_BY_ALIGNMENT(.rtc.data) SORT_BY_ALIGNMENT(.rtc.data.*))
 *(SORT_BY_ALIGNMENT(.rtc.rodata) SORT_BY_ALIGNMENT(.rtc.rodata.*))
                0x0000000050000000                . = ALIGN (0x4)

.rtc.bss        0x0000000050000000        0x0 load address 0x0000000000000080
                0x0000000050000000                _rtc_bss_start = ABSOLUTE (.)
 *(SORT_BY_ALIGNMENT(.rtc.bss) SORT_BY_ALIGNMENT(.rtc.bss.*))
                0x0000000050000000                _rtc_bss_end = ABSOLUTE (.)

.rtc_noinit     0x0000000050000000        0x0 load address 0x0000000000000080
                0x0000000050000000                . = ALIGN (0x4)
 *(SORT_BY_ALIGNMENT(.rtc_noinit) SORT_BY_ALIGNMENT(.rtc_noinit.*))
                0x0000000050000000                . = ALIGN (0x4)

.rtc.force_slow
                0x0000000050000000        0x0 load address 0x0000000000000080
                0x0000000050000000                . = ALIGN (0x4)
 *(SORT_BY_ALIGNMENT(.rtc.force_slow) SORT_BY_ALIGNMENT(.rtc.force_slow.*))
                0x0000000050000000                . = ALIGN (0x4)
                0x0000000050000000                _rtc_force_slow_end = ABSOLUTE (.)
                0x0000000000000000                _rtc_slow_length = (_rtc_force_slow_end - _rtc_data_start)

.iram0.vectors  0x0000000040080000      0x400 load address 0x0000000000000080
                0x0000000040080000                _init_start = ABSOLUTE (.)
                0x0000000000000000                . = 0x0
 *(SORT_BY_ALIGNMENT(.WindowVectors.text))
 .WindowVectors.text
                0x0000000040080000      0x16a zephyr/arch/arch/xtensa/core/libarch__xtensa__core.a(window_vectors.S.obj)
                0x0000000040080000                _WindowOverflow4
                0x0000000040080040                _WindowUnderflow4
                0x0000000040080050                _xt_alloca_exc
                0x0000000040080080                _WindowOverflow8
                0x00000000400800c0                _WindowUnderflow8
                0x0000000040080100                _WindowOverflow12
                0x0000000040080140                _WindowUnderflow12
                0x0000000000000180                . = 0x180
 *fill*         0x000000004008016a       0x16 
 *(SORT_BY_ALIGNMENT(.Level2InterruptVector.text))
 .Level2InterruptVector.text
                0x0000000040080180       0x31 zephyr/arch/arch/xtensa/core/libarch__xtensa__core.a(xtensa_asm2_util.S.obj)
                0x0000000040080180                _Level2Vector
                0x00000000000001c0                . = 0x1c0
 *fill*         0x00000000400801b1        0xf 
 *(SORT_BY_ALIGNMENT(.Level3InterruptVector.text))
 .Level3InterruptVector.text
                0x00000000400801c0       0x2d zephyr/arch/arch/xtensa/core/libarch__xtensa__core.a(xtensa_asm2_util.S.obj)
                                         0x31 (size before relaxing)
                0x00000000400801c0                _Level3Vector
                0x0000000000000200                . = 0x200
 *fill*         0x00000000400801ed       0x13 
 *(SORT_BY_ALIGNMENT(.Level4InterruptVector.text))
 .Level4InterruptVector.text
                0x0000000040080200       0x2d zephyr/arch/arch/xtensa/core/libarch__xtensa__core.a(xtensa_asm2_util.S.obj)
                                         0x31 (size before relaxing)
                0x0000000040080200                _Level4Vector
                0x0000000000000240                . = 0x240
 *fill*         0x000000004008022d       0x13 
 *(SORT_BY_ALIGNMENT(.Level5InterruptVector.text))
 .Level5InterruptVector.text
                0x0000000040080240       0x2d zephyr/arch/arch/xtensa/core/libarch__xtensa__core.a(xtensa_asm2_util.S.obj)
                                         0x31 (size before relaxing)
                0x0000000040080240                _Level5Vector
                0x0000000000000280                . = 0x280
 *fill*         0x000000004008026d       0x13 
 *(SORT_BY_ALIGNMENT(.DebugExceptionVector.text))
 .DebugExceptionVector.text
                0x0000000040080280       0x2d zephyr/arch/arch/xtensa/core/libarch__xtensa__core.a(xtensa_asm2_util.S.obj)
                                         0x31 (size before relaxing)
                0x0000000040080280                _Level6Vector
                0x00000000000002c0                . = 0x2c0
 *fill*         0x00000000400802ad       0x13 
 *(SORT_BY_ALIGNMENT(.NMIExceptionVector.text))
 .NMIExceptionVector.text
                0x00000000400802c0       0x2d zephyr/arch/arch/xtensa/core/libarch__xtensa__core.a(xtensa_asm2_util.S.obj)
                                         0x31 (size before relaxing)
                0x00000000400802c0                _Level7Vector
                0x0000000000000300                . = 0x300
 *fill*         0x00000000400802ed       0x13 
 *(SORT_BY_ALIGNMENT(.KernelExceptionVector.text))
 .KernelExceptionVector.text
                0x0000000040080300        0x3 zephyr/arch/arch/xtensa/core/libarch__xtensa__core.a(xtensa_asm2_util.S.obj)
                0x0000000040080300                _KernelExceptionVector
                0x0000000000000340                . = 0x340
 *fill*         0x0000000040080303       0x3d 
 *(SORT_BY_ALIGNMENT(.UserExceptionVector.text))
 .UserExceptionVector.text
                0x0000000040080340       0x16 zephyr/arch/arch/xtensa/core/libarch__xtensa__core.a(xtensa_asm2_util.S.obj)
                0x0000000040080340                _Level1RealVector
                0x00000000000003c0                . = 0x3c0
 *fill*         0x0000000040080356       0x6a 
 *(SORT_BY_ALIGNMENT(.DoubleExceptionVector.text))
 .DoubleExceptionVector.text
                0x00000000400803c0        0x3 zephyr/arch/arch/xtensa/core/libarch__xtensa__core.a(xtensa_asm2_util.S.obj)
                0x00000000400803c0                _DoubleExceptionVector
                0x0000000000000400                . = 0x400
 *fill*         0x00000000400803c3       0x3d 
 *(SORT_BY_ALIGNMENT(.*Vector.literal))
 *(SORT_BY_ALIGNMENT(.UserEnter.literal))
 *(SORT_BY_ALIGNMENT(.UserEnter.text))
                0x0000000040080400                . = ALIGN (0x10)
 *(SORT_BY_ALIGNMENT(.entry.text))
 *(SORT_BY_ALIGNMENT(.init.literal))
 *(.init)
                0x0000000040080400                _init_end = ABSOLUTE (.)
                0x0000000040080400                _iram_start = ABSOLUTE (.)

.iram0.text     0x0000000040080400     0x5d38 load address 0x0000000000000480
                0x0000000040080400                _iram_text_start = ABSOLUTE (.)
 *(SORT_BY_ALIGNMENT(.iram1) SORT_BY_ALIGNMENT(.iram1.*))
 .iram1.0.literal
                0x0000000040080400        0x0 zephyr/libzephyr.a(soc.c.obj)
                                         0x10 (size before relaxing)
 .iram1.2.literal
                0x0000000040080400        0x4 zephyr/libzephyr.a(soc.c.obj)
                                          0x8 (size before relaxing)
 .iram1.3.literal
                0x0000000040080404        0x4 zephyr/libzephyr.a(cache_esp32.c.obj)
 .iram1.5.literal
                0x0000000040080408        0x8 zephyr/libzephyr.a(esp_flash_api.c.obj)
 .iram1.6.literal
                0x0000000040080410        0x4 zephyr/libzephyr.a(esp_flash_api.c.obj)
 .iram1.10.literal
                0x0000000040080414        0x0 zephyr/libzephyr.a(esp_flash_api.c.obj)
                                          0x8 (size before relaxing)
 .iram1.12.literal
                0x0000000040080414       0x14 zephyr/libzephyr.a(esp_flash_api.c.obj)
                                         0x1c (size before relaxing)
 .iram1.13.literal
                0x0000000040080428        0x4 zephyr/libzephyr.a(esp_flash_api.c.obj)
                                          0x8 (size before relaxing)
 .iram1.9.literal
                0x000000004008042c       0x1c zephyr/libzephyr.a(esp_flash_api.c.obj)
                                         0x58 (size before relaxing)
 .iram1.1.literal
                0x0000000040080448        0x4 zephyr/libzephyr.a(flash_mmap.c.obj)
                                         0x10 (size before relaxing)
 .iram1.8.literal
                0x000000004008044c        0x4 zephyr/libzephyr.a(flash_ops.c.obj)
 .iram1.10.literal
                0x0000000040080450        0x4 zephyr/libzephyr.a(flash_ops.c.obj)
                                          0xc (size before relaxing)
 .iram1.8.literal
                0x0000000040080454        0x4 zephyr/libzephyr.a(spi_flash_os_func_noos.c.obj)
 .iram1.7.literal
                0x0000000040080458        0x4 zephyr/libzephyr.a(spi_flash_os_func_noos.c.obj)
 .iram1.6.literal
                0x000000004008045c        0x4 zephyr/libzephyr.a(spi_flash_os_func_noos.c.obj)
 .iram1.7.literal
                0x0000000040080460        0x0 zephyr/libzephyr.a(spi_flash_os_func_app.c.obj)
                                          0x8 (size before relaxing)
 .iram1.4.literal
                0x0000000040080460        0x0 zephyr/libzephyr.a(spi_flash_os_func_app.c.obj)
                                          0x4 (size before relaxing)
 .iram1.8.literal
                0x0000000040080460        0x0 zephyr/libzephyr.a(spi_flash_os_func_app.c.obj)
                                          0x4 (size before relaxing)
 .iram1.6.literal
                0x0000000040080460        0x0 zephyr/libzephyr.a(spi_flash_os_func_app.c.obj)
                                          0x4 (size before relaxing)
 .iram1.3.literal
                0x0000000040080460        0x0 zephyr/libzephyr.a(spi_flash_os_func_app.c.obj)
                                          0x4 (size before relaxing)
 .iram1.2.literal
                0x0000000040080460        0x0 zephyr/libzephyr.a(spi_flash_os_func_app.c.obj)
                                          0x4 (size before relaxing)
 .iram1.5.literal
                0x0000000040080460        0x8 zephyr/libzephyr.a(spi_flash_os_func_app.c.obj)
                                         0x10 (size before relaxing)
 .iram1.2.literal
                0x0000000040080468        0xc zephyr/libzephyr.a(esp_clk.c.obj)
 .iram1.2.literal
                0x0000000040080474        0x4 zephyr/libzephyr.a(regi2c_ctrl.c.obj)
 .iram1.3.literal
                0x0000000040080478        0x4 zephyr/libzephyr.a(regi2c_ctrl.c.obj)
 .iram1.6.literal
                0x000000004008047c       0x10 zephyr/libzephyr.a(rtc_module.c.obj)
 .iram1.7.literal
                0x000000004008048c        0x0 zephyr/libzephyr.a(rtc_module.c.obj)
                                          0xc (size before relaxing)
 .iram1.1.literal
                0x000000004008048c        0x4 zephyr/libzephyr.a(rtc_clk.c.obj)
 .iram1.1.literal
                0x0000000040080490        0x4 zephyr/libzephyr.a(esp_mmu_map.c.obj)
 .iram1.1.literal
                0x0000000040080494        0x0 zephyr/libzephyr.a(esp_rom_sys.c.obj)
                                          0x4 (size before relaxing)
 .iram1.2.literal
                0x0000000040080494        0xc zephyr/libzephyr.a(esp_rom_uart.c.obj)
 .iram1.3.literal
                0x00000000400804a0        0x8 zephyr/libzephyr.a(esp_rom_uart.c.obj)
                                         0x14 (size before relaxing)
 .iram1.0.literal
                0x00000000400804a8        0x0 zephyr/libzephyr.a(efuse_hal.c.obj)
                                          0x8 (size before relaxing)
 .iram1.0.literal
                0x00000000400804a8        0xc zephyr/libzephyr.a(efuse_hal.c.obj)
 .iram1.1.literal
                0x00000000400804b4        0x0 zephyr/libzephyr.a(efuse_hal.c.obj)
                                          0x4 (size before relaxing)
 .iram1.0.literal
                0x00000000400804b4        0x4 zephyr/libzephyr.a(cache_utils.c.obj)
                                          0xc (size before relaxing)
 .iram1.1.literal
                0x00000000400804b8        0x0 zephyr/libzephyr.a(cache_utils.c.obj)
                                          0xc (size before relaxing)
 .iram1.literal
                0x00000000400804b8        0x0 zephyr/arch/arch/xtensa/core/libarch__xtensa__core.a(debug_helpers_asm.S.obj)
                                          0x4 (size before relaxing)
 .iram1.3.literal
                0x00000000400804b8        0x4 zephyr/drivers/interrupt_controller/libdrivers__interrupt_controller.a(intc_esp32.c.obj)
                                          0xc (size before relaxing)
 .iram1.4.literal
                0x00000000400804bc        0xc zephyr/drivers/interrupt_controller/libdrivers__interrupt_controller.a(intc_esp32.c.obj)
                                         0x18 (size before relaxing)
 .iram1.5.literal
                0x00000000400804c8        0x0 zephyr/drivers/interrupt_controller/libdrivers__interrupt_controller.a(intc_esp32.c.obj)
                                         0x10 (size before relaxing)
 .iram1.2.literal
                0x00000000400804c8        0x8 zephyr/drivers/gpio/libdrivers__gpio.a(gpio_esp32.c.obj)
                                         0x10 (size before relaxing)
 .iram1.0.literal
                0x00000000400804d0       0x2c zephyr/drivers/gpio/libdrivers__gpio.a(gpio_esp32.c.obj)
                                         0x30 (size before relaxing)
 .literal.arch_cpu_idle
                0x00000000400804fc        0x0 zephyr/arch/arch/xtensa/core/libarch__xtensa__core.a(cpu_idle.c.obj)
                                          0x4 (size before relaxing)
 .literal.xtensa_exccause
                0x00000000400804fc        0x8 zephyr/arch/arch/xtensa/core/libarch__xtensa__core.a(fatal.c.obj)
 .literal.xtensa_fatal_error
                0x0000000040080504        0x0 zephyr/arch/arch/xtensa/core/libarch__xtensa__core.a(fatal.c.obj)
                                          0xc (size before relaxing)
 .literal       0x0000000040080504        0x4 zephyr/arch/arch/xtensa/core/libarch__xtensa__core.a(xtensa_asm2_util.S.obj)
                                          0x8 (size before relaxing)
 .literal.z_irq_spurious
                0x0000000040080508        0x0 zephyr/arch/arch/xtensa/core/libarch__xtensa__core.a(irq_manage.c.obj)
                                          0x4 (size before relaxing)
 .literal.arch_new_thread
                0x0000000040080508        0xc zephyr/arch/arch/xtensa/core/libarch__xtensa__core.a(thread.c.obj)
 .literal.xtensa_handle_irq_lvl
                0x0000000040080514        0x8 zephyr/arch/arch/xtensa/core/libarch__xtensa__core.a(vector_handlers.c.obj)
 .literal.return_to
                0x000000004008051c        0x4 zephyr/arch/arch/xtensa/core/libarch__xtensa__core.a(vector_handlers.c.obj)
                                          0x8 (size before relaxing)
 .literal.xtensa_is_outside_stack_bounds
                0x0000000040080520        0x4 zephyr/arch/arch/xtensa/core/libarch__xtensa__core.a(vector_handlers.c.obj)
                                          0x8 (size before relaxing)
 .literal.xtensa_is_frame_pointer_valid
                0x0000000040080524        0x0 zephyr/arch/arch/xtensa/core/libarch__xtensa__core.a(vector_handlers.c.obj)
                                          0x8 (size before relaxing)
 .literal.xtensa_dump_stack
                0x0000000040080524       0x1c zephyr/arch/arch/xtensa/core/libarch__xtensa__core.a(vector_handlers.c.obj)
                                         0x3c (size before relaxing)
 .literal.xtensa_int2_c
                0x0000000040080540        0x0 zephyr/arch/arch/xtensa/core/libarch__xtensa__core.a(vector_handlers.c.obj)
                                          0x8 (size before relaxing)
 .literal.xtensa_int3_c
                0x0000000040080540        0x0 zephyr/arch/arch/xtensa/core/libarch__xtensa__core.a(vector_handlers.c.obj)
                                          0x8 (size before relaxing)
 .literal.xtensa_int4_c
                0x0000000040080540        0x0 zephyr/arch/arch/xtensa/core/libarch__xtensa__core.a(vector_handlers.c.obj)
                                          0x8 (size before relaxing)
 .literal.xtensa_int5_c
                0x0000000040080540        0x0 zephyr/arch/arch/xtensa/core/libarch__xtensa__core.a(vector_handlers.c.obj)
                                          0x8 (size before relaxing)
 .literal.xtensa_int6_c
                0x0000000040080540        0x0 zephyr/arch/arch/xtensa/core/libarch__xtensa__core.a(vector_handlers.c.obj)
                                          0x8 (size before relaxing)
 .literal.xtensa_int7_c
                0x0000000040080540        0x0 zephyr/arch/arch/xtensa/core/libarch__xtensa__core.a(vector_handlers.c.obj)
                                          0x8 (size before relaxing)
 .literal.xtensa_excint1_c
                0x0000000040080540       0x24 zephyr/arch/arch/xtensa/core/libarch__xtensa__core.a(vector_handlers.c.obj)
                                         0x64 (size before relaxing)
 .literal.z_prep_c
                0x0000000040080564        0x0 zephyr/arch/arch/xtensa/core/libarch__xtensa__core.a(prep_c.c.obj)
                                          0x8 (size before relaxing)
 .literal.xtensa_cpu_process_stack_pc
                0x0000000040080564        0xc zephyr/arch/arch/xtensa/core/libarch__xtensa__core.a(xtensa_backtrace.c.obj)
 .literal.xtensa_ptr_executable
                0x0000000040080570       0x1c zephyr/arch/arch/xtensa/core/libarch__xtensa__core.a(xtensa_backtrace.c.obj)
 .literal.xtensa_stack_ptr_is_sane
                0x000000004008058c        0x8 zephyr/arch/arch/xtensa/core/libarch__xtensa__core.a(xtensa_backtrace.c.obj)
                                          0xc (size before relaxing)
 .literal.xtensa_backtrace_get_next_frame
                0x0000000040080594        0x0 zephyr/arch/arch/xtensa/core/libarch__xtensa__core.a(xtensa_backtrace.c.obj)
                                         0x10 (size before relaxing)
 .literal.xtensa_backtrace_print
                0x0000000040080594       0x14 zephyr/arch/arch/xtensa/core/libarch__xtensa__core.a(xtensa_backtrace.c.obj)
                                         0x54 (size before relaxing)
 .literal.z_isr_install
                0x00000000400805a8        0x0 zephyr/arch/common/libarch__common.a(dynamic_isr.c.obj)
                                          0x8 (size before relaxing)
 .literal.arch_irq_connect_dynamic
                0x00000000400805a8        0x0 zephyr/arch/common/libarch__common.a(dynamic_isr.c.obj)
                                          0x4 (size before relaxing)
 .literal.arch_early_memset
                0x00000000400805a8        0x0 zephyr/arch/common/libarch__common.a(init.c.obj)
                                          0x4 (size before relaxing)
 .literal.arch_bss_zero
                0x00000000400805a8        0x8 zephyr/arch/common/libarch__common.a(init.c.obj)
                                          0xc (size before relaxing)
 .literal.z_impl_k_busy_wait
                0x00000000400805b0        0x0 zephyr/kernel/libkernel.a(busy_wait.c.obj)
                                          0x8 (size before relaxing)
 .literal.k_sys_fatal_error_handler
                0x00000000400805b0        0x0 zephyr/kernel/libkernel.a(fatal.c.obj)
                                          0x4 (size before relaxing)
 .literal.z_fatal_error
                0x00000000400805b0        0x0 zephyr/kernel/libkernel.a(fatal.c.obj)
                                          0xc (size before relaxing)
 .literal.z_sys_init_run_level
                0x00000000400805b0        0x4 zephyr/kernel/libkernel.a(init.c.obj)
                                          0x8 (size before relaxing)
 .literal.bg_thread_main
                0x00000000400805b4       0x10 zephyr/kernel/libkernel.a(init.c.obj)
                                         0x38 (size before relaxing)
 .literal.z_init_cpu
                0x00000000400805c4        0xc zephyr/kernel/libkernel.a(init.c.obj)
                                         0x18 (size before relaxing)
 .literal.z_cstart
                0x00000000400805d0       0x10 zephyr/kernel/libkernel.a(init.c.obj)
                                         0x44 (size before relaxing)
 .literal.idle  0x00000000400805e0        0x0 zephyr/kernel/libkernel.a(idle.c.obj)
                                          0x4 (size before relaxing)
 .literal.z_setup_new_thread
                0x00000000400805e0        0x0 zephyr/kernel/libkernel.a(thread.c.obj)
                                          0x8 (size before relaxing)
 .literal.z_dummy_thread_init
                0x00000000400805e0        0x0 zephyr/kernel/libkernel.a(thread.c.obj)
                                          0x8 (size before relaxing)
 .literal.unpend_thread_no_timeout
                0x00000000400805e0        0x0 zephyr/kernel/libkernel.a(sched.c.obj)
                                          0x4 (size before relaxing)
 .literal.ready_thread
                0x00000000400805e0        0x4 zephyr/kernel/libkernel.a(sched.c.obj)
                                          0xc (size before relaxing)
 .literal.unready_thread
                0x00000000400805e4        0x0 zephyr/kernel/libkernel.a(sched.c.obj)
                                         0x10 (size before relaxing)
 .literal.add_thread_timeout
                0x00000000400805e4        0x0 zephyr/kernel/libkernel.a(sched.c.obj)
                                          0x8 (size before relaxing)
 .literal.z_swap
                0x00000000400805e4        0x4 zephyr/kernel/libkernel.a(sched.c.obj)
                                         0x10 (size before relaxing)
 .literal.add_to_waitq_locked
                0x00000000400805e8        0x0 zephyr/kernel/libkernel.a(sched.c.obj)
                                          0x4 (size before relaxing)
 .literal.move_thread_to_end_of_prio_q
                0x00000000400805e8        0x0 zephyr/kernel/libkernel.a(sched.c.obj)
                                         0x10 (size before relaxing)
 .literal.z_ready_thread
                0x00000000400805e8        0x0 zephyr/kernel/libkernel.a(sched.c.obj)
                                          0x4 (size before relaxing)
 .literal.z_unpend_thread_no_timeout
                0x00000000400805e8        0x0 zephyr/kernel/libkernel.a(sched.c.obj)
                                          0x4 (size before relaxing)
 .literal.z_sched_wake_thread
                0x00000000400805e8        0x0 zephyr/kernel/libkernel.a(sched.c.obj)
                                          0x8 (size before relaxing)
 .literal.z_thread_timeout
                0x00000000400805e8        0x0 zephyr/kernel/libkernel.a(sched.c.obj)
                                          0x4 (size before relaxing)
 .literal.z_pend_curr
                0x00000000400805e8        0x0 zephyr/kernel/libkernel.a(sched.c.obj)
                                         0x14 (size before relaxing)
 .literal.z_unpend_thread
                0x00000000400805e8        0x0 zephyr/kernel/libkernel.a(sched.c.obj)
                                          0x8 (size before relaxing)
 .literal.z_reschedule
                0x00000000400805e8        0x0 zephyr/kernel/libkernel.a(sched.c.obj)
                                          0x8 (size before relaxing)
 .literal.z_reschedule_irqlock
                0x00000000400805e8        0x0 zephyr/kernel/libkernel.a(sched.c.obj)
                                          0xc (size before relaxing)
 .literal.k_sched_lock
                0x00000000400805e8        0x0 zephyr/kernel/libkernel.a(sched.c.obj)
                                          0x4 (size before relaxing)
 .literal.k_sched_unlock
                0x00000000400805e8        0x0 zephyr/kernel/libkernel.a(sched.c.obj)
                                         0x10 (size before relaxing)
 .literal.z_swap_next_thread
                0x00000000400805e8        0x0 zephyr/kernel/libkernel.a(sched.c.obj)
                                          0x4 (size before relaxing)
 .literal.z_get_next_switch_handle
                0x00000000400805e8        0x0 zephyr/kernel/libkernel.a(sched.c.obj)
                                          0x4 (size before relaxing)
 .literal.z_unpend_all
                0x00000000400805e8        0x0 zephyr/kernel/libkernel.a(sched.c.obj)
                                          0x8 (size before relaxing)
 .literal.z_sched_init
                0x00000000400805e8        0x0 zephyr/kernel/libkernel.a(sched.c.obj)
                                          0x8 (size before relaxing)
 .literal.z_impl_k_yield
                0x00000000400805e8        0x0 zephyr/kernel/libkernel.a(sched.c.obj)
                                         0x14 (size before relaxing)
 .literal.z_tick_sleep
                0x00000000400805e8        0x0 zephyr/kernel/libkernel.a(sched.c.obj)
                                         0x20 (size before relaxing)
 .literal.z_impl_k_sleep
                0x00000000400805e8        0x4 zephyr/kernel/libkernel.a(sched.c.obj)
                                          0xc (size before relaxing)
 .literal.z_impl_k_wakeup
                0x00000000400805ec        0x0 zephyr/kernel/libkernel.a(sched.c.obj)
                                         0x10 (size before relaxing)
 .literal.z_impl_k_sched_current_thread_query
                0x00000000400805ec        0x0 zephyr/kernel/libkernel.a(sched.c.obj)
                                          0x4 (size before relaxing)
 .literal.z_thread_abort
                0x00000000400805ec        0x0 zephyr/kernel/libkernel.a(sched.c.obj)
                                         0x3c (size before relaxing)
 .literal.z_impl_k_thread_abort
                0x00000000400805ec        0x0 zephyr/kernel/libkernel.a(sched.c.obj)
                                          0x4 (size before relaxing)
 .literal.slice_timeout
                0x00000000400805ec        0xc zephyr/kernel/libkernel.a(timeslicing.c.obj)
 .literal.thread_is_sliceable
                0x00000000400805f8        0x8 zephyr/kernel/libkernel.a(timeslicing.c.obj)
                                          0xc (size before relaxing)
 .literal.z_reset_time_slice
                0x0000000040080600        0x4 zephyr/kernel/libkernel.a(timeslicing.c.obj)
                                         0x20 (size before relaxing)
 .literal.z_time_slice
                0x0000000040080604        0x0 zephyr/kernel/libkernel.a(timeslicing.c.obj)
                                         0x14 (size before relaxing)
 .literal.first
                0x0000000040080604        0x4 zephyr/kernel/libkernel.a(timeout.c.obj)
 .literal.next_timeout
                0x0000000040080608        0x0 zephyr/kernel/libkernel.a(timeout.c.obj)
                                          0x8 (size before relaxing)
 .literal.elapsed
                0x0000000040080608        0x4 zephyr/kernel/libkernel.a(timeout.c.obj)
                                          0x8 (size before relaxing)
 .literal.remove_timeout
                0x000000004008060c        0x0 zephyr/kernel/libkernel.a(timeout.c.obj)
                                          0x4 (size before relaxing)
 .literal.z_add_timeout
                0x000000004008060c        0x4 zephyr/kernel/libkernel.a(timeout.c.obj)
                                         0x24 (size before relaxing)
 .literal.z_abort_timeout
                0x0000000040080610        0x8 zephyr/kernel/libkernel.a(timeout.c.obj)
                                         0x1c (size before relaxing)
 .literal.sys_clock_announce
                0x0000000040080618        0x0 zephyr/kernel/libkernel.a(timeout.c.obj)
                                         0x20 (size before relaxing)
 .literal.sys_clock_tick_get
                0x0000000040080618        0x0 zephyr/kernel/libkernel.a(timeout.c.obj)
                                          0x8 (size before relaxing)
 .literal.sys_clock_tick_get_32
                0x0000000040080618        0x0 zephyr/kernel/libkernel.a(timeout.c.obj)
                                          0x4 (size before relaxing)
 .literal.z_impl_k_uptime_ticks
                0x0000000040080618        0x0 zephyr/kernel/libkernel.a(timeout.c.obj)
                                          0x4 (size before relaxing)
 .literal.z_timer_expiration_handler
                0x0000000040080618        0x4 zephyr/kernel/libkernel.a(timer.c.obj)
                                         0x20 (size before relaxing)
 .literal.z_impl_k_timer_start
                0x000000004008061c        0x0 zephyr/kernel/libkernel.a(timer.c.obj)
                                          0xc (size before relaxing)
 .literal.z_impl_k_timer_status_sync
                0x000000004008061c        0x4 zephyr/kernel/libkernel.a(timer.c.obj)
                                          0x8 (size before relaxing)
 .literal.k_free
                0x0000000040080620        0x0 zephyr/kernel/libkernel.a(mempool.c.obj)
                                          0x4 (size before relaxing)
 .literal.k_malloc
                0x0000000040080620        0x8 zephyr/kernel/libkernel.a(mempool.c.obj)
                                          0xc (size before relaxing)
 .literal.k_thread_system_pool_assign
                0x0000000040080628        0x0 zephyr/kernel/libkernel.a(mempool.c.obj)
                                          0x4 (size before relaxing)
 .literal.boot_banner
                0x0000000040080628        0x4 zephyr/kernel/libkernel.a(banner.c.obj)
                                          0x8 (size before relaxing)
 .literal.k_heap_init
                0x000000004008062c        0x0 zephyr/kernel/libkernel.a(kheap.c.obj)
                                          0x4 (size before relaxing)
 .literal.statics_init
                0x000000004008062c        0x8 zephyr/kernel/libkernel.a(kheap.c.obj)
                                          0xc (size before relaxing)
 .literal.k_heap_free
                0x0000000040080634        0x0 zephyr/kernel/libkernel.a(kheap.c.obj)
                                          0xc (size before relaxing)
 .literal       0x0000000040080634        0x4 zephyr/libzephyr.a(windowspill_asm.S.obj)
 .literal.char_out
                0x0000000040080638        0x4 zephyr/libzephyr.a(printk.c.obj)
 .literal.vprintk
                0x000000004008063c        0x4 zephyr/libzephyr.a(printk.c.obj)
                                          0xc (size before relaxing)
 .literal.printk
                0x0000000040080640        0x0 zephyr/libzephyr.a(printk.c.obj)
                                          0x4 (size before relaxing)
 .literal.esp_log_impl_lock
                0x0000000040080640        0x4 zephyr/libzephyr.a(log_noos.c.obj)
                                          0x8 (size before relaxing)
 .literal.esp_log_impl_lock_timeout
                0x0000000040080644        0x0 zephyr/libzephyr.a(log_noos.c.obj)
                                          0x4 (size before relaxing)
 .literal.esp_log_impl_unlock
                0x0000000040080644        0x0 zephyr/libzephyr.a(log_noos.c.obj)
                                          0x8 (size before relaxing)
 .literal.esp_log_early_timestamp
                0x0000000040080644        0x4 zephyr/libzephyr.a(log_noos.c.obj)
 .literal.map_rom_segments
                0x0000000040080648       0x38 zephyr/libzephyr.a(loader.c.obj)
                                         0x74 (size before relaxing)
 .literal.__start
                0x0000000040080680       0x14 zephyr/libzephyr.a(loader.c.obj)
                                         0x3c (size before relaxing)
 .literal.esp_flash_config
                0x0000000040080694        0x8 zephyr/libzephyr.a(flash_init.c.obj)
                                         0x28 (size before relaxing)
 .literal.get_chip_ver_pkg
                0x000000004008069c        0x0 zephyr/libzephyr.a(soc_flash_init.c.obj)
                                          0x4 (size before relaxing)
 .literal.flash_get_wp_pin
                0x000000004008069c        0x0 zephyr/libzephyr.a(soc_flash_init.c.obj)
                                          0x8 (size before relaxing)
 .literal.soc_random_disable
                0x000000004008069c       0x3c zephyr/libzephyr.a(soc_random.c.obj)
                                         0x48 (size before relaxing)
 .literal.rtc_init
                0x00000000400806d8       0x90 zephyr/libzephyr.a(rtc_init.c.obj)
                                         0xa8 (size before relaxing)
 .literal.rtc_clk_32k_enable_common
                0x0000000040080768        0xc zephyr/libzephyr.a(rtc_clk.c.obj)
 .literal.rtc_clk_bbpll_disable
                0x0000000040080774        0x4 zephyr/libzephyr.a(rtc_clk.c.obj)
                                          0xc (size before relaxing)
 .literal.rtc_clk_32k_enable
                0x0000000040080778        0x4 zephyr/libzephyr.a(rtc_clk.c.obj)
                                         0x10 (size before relaxing)
 .literal.rtc_clk_32k_enable_external
                0x000000004008077c        0x0 zephyr/libzephyr.a(rtc_clk.c.obj)
                                          0x4 (size before relaxing)
 .literal.rtc_clk_8m_enable
                0x000000004008077c        0x0 zephyr/libzephyr.a(rtc_clk.c.obj)
                                         0x10 (size before relaxing)
 .literal.rtc_clk_slow_src_set
                0x000000004008077c        0x0 zephyr/libzephyr.a(rtc_clk.c.obj)
                                         0x10 (size before relaxing)
 .literal.rtc_clk_slow_src_get
                0x000000004008077c        0x0 zephyr/libzephyr.a(rtc_clk.c.obj)
                                          0x4 (size before relaxing)
 .literal.rtc_clk_fast_src_set
                0x000000004008077c        0x0 zephyr/libzephyr.a(rtc_clk.c.obj)
                                         0x10 (size before relaxing)
 .literal.rtc_clk_cpu_freq_to_pll_mhz
                0x000000004008077c       0x30 zephyr/libzephyr.a(rtc_clk.c.obj)
                                         0x50 (size before relaxing)
 .literal.rtc_clk_xtal_freq_get
                0x00000000400807ac        0x8 zephyr/libzephyr.a(rtc_clk.c.obj)
 .literal.rtc_clk_cpu_freq_mhz_to_config
                0x00000000400807b4        0x0 zephyr/libzephyr.a(rtc_clk.c.obj)
                                          0x4 (size before relaxing)
 .literal.rtc_clk_cpu_freq_get_config
                0x00000000400807b4        0xc zephyr/libzephyr.a(rtc_clk.c.obj)
                                         0x28 (size before relaxing)
 .literal.rtc_clk_xtal_freq_update
                0x00000000400807c0        0x4 zephyr/libzephyr.a(rtc_clk.c.obj)
                                          0x8 (size before relaxing)
 .literal.rtc_clk_apb_freq_update
                0x00000000400807c4        0x0 zephyr/libzephyr.a(rtc_clk.c.obj)
                                          0x4 (size before relaxing)
 .literal.rtc_clk_cpu_freq_to_xtal
                0x00000000400807c4        0x4 zephyr/libzephyr.a(rtc_clk.c.obj)
                                         0x2c (size before relaxing)
 .literal.rtc_clk_cpu_freq_set_config
                0x00000000400807c8       0x24 zephyr/libzephyr.a(rtc_clk.c.obj)
                                         0xbc (size before relaxing)
 .literal.rtc_clk_cal_internal
                0x00000000400807ec       0x28 zephyr/libzephyr.a(rtc_time.c.obj)
                                         0x60 (size before relaxing)
 .literal.rtc_clk_cal
                0x0000000040080814        0x0 zephyr/libzephyr.a(rtc_time.c.obj)
                                         0x18 (size before relaxing)
 .literal.rtc_clk_wait_for_slow_cycle
                0x0000000040080814        0xc zephyr/libzephyr.a(rtc_time.c.obj)
                                         0x34 (size before relaxing)
 .literal.rtc_clk_freq_cal
                0x0000000040080820        0x0 zephyr/libzephyr.a(rtc_time.c.obj)
                                          0x4 (size before relaxing)
 .literal.ccompare_isr
                0x0000000040080820        0x8 zephyr/drivers/timer/libdrivers__timer.a(xtensa_sys_timer.c.obj)
                                          0xc (size before relaxing)
 .literal.sys_clock_set_timeout
                0x0000000040080828        0xc zephyr/drivers/timer/libdrivers__timer.a(xtensa_sys_timer.c.obj)
                                         0x14 (size before relaxing)
 .literal.sys_clock_elapsed
                0x0000000040080834        0x0 zephyr/drivers/timer/libdrivers__timer.a(xtensa_sys_timer.c.obj)
                                          0x8 (size before relaxing)
 .literal.console_out
                0x0000000040080834        0x4 zephyr/drivers/console/libdrivers__console.a(uart_console.c.obj)
 .literal.mmu_hal_unmap_all
                0x0000000040080838        0x4 zephyr/libzephyr.a(mmu_hal.c.obj)
 .literal.cache_sync
                0x000000004008083c        0x4 zephyr/libzephyr.a(cache_esp32.c.obj)
 .literal.cache_hal_suspend
                0x0000000040080840        0xc zephyr/libzephyr.a(cache_hal_esp32.c.obj)
                                         0x10 (size before relaxing)
 .literal.cache_hal_resume
                0x000000004008084c        0x0 zephyr/libzephyr.a(cache_hal_esp32.c.obj)
                                          0xc (size before relaxing)
 .literal.spi_flash_ll_set_buffer_data
                0x000000004008084c        0x4 zephyr/libzephyr.a(spi_flash_hal_iram.c.obj)
 .literal.spi_flash_ll_get_buffer_data
                0x0000000040080850        0x0 zephyr/libzephyr.a(spi_flash_hal_iram.c.obj)
                                          0x8 (size before relaxing)
 .literal.spi_flash_hal_configure_host_io_mode
                0x0000000040080850       0x14 zephyr/libzephyr.a(spi_flash_hal_iram.c.obj)
                                         0x28 (size before relaxing)
 .literal.spi_flash_hal_common_command
                0x0000000040080864        0x0 zephyr/libzephyr.a(spi_flash_hal_iram.c.obj)
                                         0x18 (size before relaxing)
 .literal.spi_flash_hal_read
                0x0000000040080864        0x0 zephyr/libzephyr.a(spi_flash_hal_iram.c.obj)
                                          0xc (size before relaxing)
 .literal.spi_flash_hal_erase_sector
                0x0000000040080864        0x0 zephyr/libzephyr.a(spi_flash_hal_iram.c.obj)
                                          0x8 (size before relaxing)
 .literal.spi_flash_hal_erase_block
                0x0000000040080864        0x0 zephyr/libzephyr.a(spi_flash_hal_iram.c.obj)
                                          0x8 (size before relaxing)
 .literal.spi_flash_hal_program_page
                0x0000000040080864        0x0 zephyr/libzephyr.a(spi_flash_hal_iram.c.obj)
                                         0x10 (size before relaxing)
 .literal.spi_flash_hal_check_status
                0x0000000040080864        0x8 zephyr/libzephyr.a(spi_flash_hal_iram.c.obj)
 .literal.spi_flash_hal_resume
                0x000000004008086c        0x0 zephyr/libzephyr.a(spi_flash_hal_iram.c.obj)
                                          0x4 (size before relaxing)
 .literal.spi_flash_hal_suspend
                0x000000004008086c        0x0 zephyr/libzephyr.a(spi_flash_hal_iram.c.obj)
                                          0x4 (size before relaxing)
 .literal.spi_flash_encryption_hal_enable
                0x000000004008086c        0x4 zephyr/libzephyr.a(spi_flash_encrypt_hal_iram.c.obj)
 .literal.spi_flash_encryption_hal_disable
                0x0000000040080870        0x0 zephyr/libzephyr.a(spi_flash_encrypt_hal_iram.c.obj)
                                          0x4 (size before relaxing)
 .literal.spi_flash_encryption_hal_prepare
                0x0000000040080870        0xc zephyr/libzephyr.a(spi_flash_encrypt_hal_iram.c.obj)
 .literal.spi_flash_encryption_hal_done
                0x000000004008087c        0x4 zephyr/libzephyr.a(spi_flash_encrypt_hal_iram.c.obj)
 .literal.esp_log_write
                0x0000000040080880        0x0 zephyr/libzephyr.a(log.c.obj)
                                          0x4 (size before relaxing)
 .literal.spi_flash_chip_gd_detect_size
                0x0000000040080880        0x4 zephyr/libzephyr.a(spi_flash_chip_gd.c.obj)
                                          0x8 (size before relaxing)
 .literal.spi_flash_chip_gd_get_io_mode
                0x0000000040080884        0x0 zephyr/libzephyr.a(spi_flash_chip_gd.c.obj)
                                          0x4 (size before relaxing)
 .literal.spi_flash_chip_gd_set_io_mode
                0x0000000040080884       0x10 zephyr/libzephyr.a(spi_flash_chip_gd.c.obj)
                                         0x14 (size before relaxing)
 .literal.spi_flash_chip_generic_detect_size
                0x0000000040080894        0x0 zephyr/libzephyr.a(spi_flash_chip_generic.c.obj)
                                          0x8 (size before relaxing)
 .literal.spi_flash_chip_generic_reset
                0x0000000040080894        0x0 zephyr/libzephyr.a(spi_flash_chip_generic.c.obj)
                                          0x8 (size before relaxing)
 .literal.spi_flash_chip_generic_config_host_io_mode
                0x0000000040080894        0xc zephyr/libzephyr.a(spi_flash_chip_generic.c.obj)
                                         0x10 (size before relaxing)
 .literal.spi_flash_chip_generic_get_caps
                0x00000000400808a0        0x4 zephyr/libzephyr.a(spi_flash_chip_generic.c.obj)
                                          0x8 (size before relaxing)
 .literal.spi_flash_chip_generic_suspend_cmd_conf
                0x00000000400808a4        0x4 zephyr/libzephyr.a(spi_flash_chip_generic.c.obj)
 .literal.spi_flash_chip_generic_read
                0x00000000400808a8        0x8 zephyr/libzephyr.a(spi_flash_chip_generic.c.obj)
                                         0x18 (size before relaxing)
 .literal.spi_flash_chip_generic_write
                0x00000000400808b0        0x0 zephyr/libzephyr.a(spi_flash_chip_generic.c.obj)
                                          0x8 (size before relaxing)
 .literal.spi_flash_chip_generic_get_write_protect
                0x00000000400808b0        0x0 zephyr/libzephyr.a(spi_flash_chip_generic.c.obj)
                                          0x4 (size before relaxing)
 .literal.spi_flash_chip_generic_yield
                0x00000000400808b0        0x0 zephyr/libzephyr.a(spi_flash_chip_generic.c.obj)
                                          0x4 (size before relaxing)
 .literal.spi_flash_chip_generic_read_unique_id
                0x00000000400808b0        0x8 zephyr/libzephyr.a(spi_flash_chip_generic.c.obj)
                                         0x1c (size before relaxing)
 .literal.spi_flash_chip_generic_write_encrypted
                0x00000000400808b8        0x4 zephyr/libzephyr.a(spi_flash_chip_generic.c.obj)
                                          0x8 (size before relaxing)
 .literal.spi_flash_common_read_qe_sr$constprop$0$isra$0
                0x00000000400808bc        0x0 zephyr/libzephyr.a(spi_flash_chip_generic.c.obj)
                                          0x4 (size before relaxing)
 .literal.spi_flash_common_read_status_16b_rdsr_rdsr2
                0x00000000400808bc        0x0 zephyr/libzephyr.a(spi_flash_chip_generic.c.obj)
                                          0x8 (size before relaxing)
 .literal.spi_flash_common_write_qe_sr$isra$0
                0x00000000400808bc        0x0 zephyr/libzephyr.a(spi_flash_chip_generic.c.obj)
                                          0x4 (size before relaxing)
 .literal.spi_flash_common_write_status_16b_wrsr
                0x00000000400808bc        0x0 zephyr/libzephyr.a(spi_flash_chip_generic.c.obj)
                                          0x4 (size before relaxing)
 .literal.spi_flash_common_read_status_8b_rdsr2
                0x00000000400808bc        0x0 zephyr/libzephyr.a(spi_flash_chip_generic.c.obj)
                                          0x4 (size before relaxing)
 .literal.spi_flash_chip_generic_get_io_mode
                0x00000000400808bc        0x0 zephyr/libzephyr.a(spi_flash_chip_generic.c.obj)
                                          0x4 (size before relaxing)
 .literal.spi_flash_common_read_status_8b_rdsr
                0x00000000400808bc        0x0 zephyr/libzephyr.a(spi_flash_chip_generic.c.obj)
                                          0x4 (size before relaxing)
 .literal.spi_flash_common_write_status_8b_wrsr
                0x00000000400808bc        0x0 zephyr/libzephyr.a(spi_flash_chip_generic.c.obj)
                                          0x4 (size before relaxing)
 .literal.spi_flash_common_write_status_8b_wrsr2
                0x00000000400808bc        0x0 zephyr/libzephyr.a(spi_flash_chip_generic.c.obj)
                                          0x4 (size before relaxing)
 .literal.spi_flash_chip_generic_set_io_mode
                0x00000000400808bc        0x0 zephyr/libzephyr.a(spi_flash_chip_generic.c.obj)
                                          0xc (size before relaxing)
 .literal.spi_flash_chip_issi_set_io_mode
                0x00000000400808bc        0x8 zephyr/libzephyr.a(spi_flash_chip_issi.c.obj)
                                          0xc (size before relaxing)
 .literal.spi_flash_chip_issi_get_io_mode
                0x00000000400808c4        0x0 zephyr/libzephyr.a(spi_flash_chip_issi.c.obj)
                                          0x4 (size before relaxing)
 .literal.spi_flash_chip_mxic_detect_size
                0x00000000400808c4        0x0 zephyr/libzephyr.a(spi_flash_chip_mxic.c.obj)
                                          0x8 (size before relaxing)
 .literal.spi_flash_chip_winbond_read
                0x00000000400808c4        0x8 zephyr/libzephyr.a(spi_flash_chip_winbond.c.obj)
                                         0x18 (size before relaxing)
 .literal.spi_flash_chip_winbond_erase_block
                0x00000000400808cc        0x0 zephyr/libzephyr.a(spi_flash_chip_winbond.c.obj)
                                          0x8 (size before relaxing)
 .literal.spi_flash_chip_winbond_erase_sector
                0x00000000400808cc        0x0 zephyr/libzephyr.a(spi_flash_chip_winbond.c.obj)
                                          0x8 (size before relaxing)
 .literal.spi_flash_chip_winbond_page_program
                0x00000000400808cc        0x0 zephyr/libzephyr.a(spi_flash_chip_winbond.c.obj)
                                          0x8 (size before relaxing)
 .literal.memspi_host_read_status_hs
                0x00000000400808cc        0x0 zephyr/libzephyr.a(memspi_host_driver.c.obj)
                                          0x4 (size before relaxing)
 .literal.memspi_host_read_id_hs
                0x00000000400808cc        0xc zephyr/libzephyr.a(memspi_host_driver.c.obj)
                                         0x1c (size before relaxing)
 .literal.memspi_host_flush_cache
                0x00000000400808d8        0x0 zephyr/libzephyr.a(memspi_host_driver.c.obj)
                                          0x8 (size before relaxing)
 .literal.memspi_host_init_pointers
                0x00000000400808d8        0xc zephyr/libzephyr.a(memspi_host_driver.c.obj)
                                         0x14 (size before relaxing)
 .literal.esp_mspi_get_io
                0x00000000400808e4        0x8 zephyr/libzephyr.a(flash_ops.c.obj)
                                         0x10 (size before relaxing)
 .literal.esp_flash_read_chip_id
                0x00000000400808ec        0x0 zephyr/libzephyr.a(esp_flash_api.c.obj)
                                          0x4 (size before relaxing)
 .literal.esp_gpio_reserve_pins
                0x00000000400808ec        0x4 zephyr/libzephyr.a(esp_gpio_reserve.c.obj)
 .literal.periph_ll_get_rst_en_mask
                0x00000000400808f0        0x4 zephyr/libzephyr.a(periph_ctrl.c.obj)
 .literal.periph_ll_get_rst_en_reg
                0x00000000400808f4        0xc zephyr/libzephyr.a(periph_ctrl.c.obj)
 .literal.periph_module_enable
                0x0000000040080900       0x14 zephyr/libzephyr.a(periph_ctrl.c.obj)
                                         0x20 (size before relaxing)
 .literal.periph_module_disable
                0x0000000040080914        0x0 zephyr/libzephyr.a(periph_ctrl.c.obj)
                                         0x20 (size before relaxing)
 .literal.periph_module_reset
                0x0000000040080914        0x0 zephyr/libzephyr.a(periph_ctrl.c.obj)
                                          0xc (size before relaxing)
 .iram1.0       0x0000000040080914        0xf zephyr/libzephyr.a(soc.c.obj)
                                         0x1b (size before relaxing)
                0x0000000040080914                __esp_platform_app_start
 *fill*         0x0000000040080923        0x1 
 .iram1.2       0x0000000040080924       0x1b zephyr/libzephyr.a(soc.c.obj)
                0x0000000040080924                arch_printk_char_out
 *fill*         0x000000004008093f        0x1 
 .iram1.3       0x0000000040080940        0xe zephyr/libzephyr.a(cache_esp32.c.obj)
 *fill*         0x000000004008094e        0x2 
 .iram1.5       0x0000000040080950       0x1e zephyr/libzephyr.a(esp_flash_api.c.obj)
 *fill*         0x000000004008096e        0x2 
 .iram1.6       0x0000000040080970       0x44 zephyr/libzephyr.a(esp_flash_api.c.obj)
 .iram1.10      0x00000000400809b4       0x54 zephyr/libzephyr.a(esp_flash_api.c.obj)
 .iram1.12      0x0000000040080a08       0x80 zephyr/libzephyr.a(esp_flash_api.c.obj)
 .iram1.13      0x0000000040080a88       0x58 zephyr/libzephyr.a(esp_flash_api.c.obj)
                0x0000000040080a88                esp_flash_get_physical_size
 .iram1.9       0x0000000040080ae0      0x150 zephyr/libzephyr.a(esp_flash_api.c.obj)
                                        0x15c (size before relaxing)
                0x0000000040080ae0                esp_flash_init_main
 .iram1.1       0x0000000040080c30       0x56 zephyr/libzephyr.a(flash_mmap.c.obj)
                0x0000000040080c30                spi_flash_check_and_flush_cache
 *fill*         0x0000000040080c86        0x2 
 .iram1.8       0x0000000040080c88        0xa zephyr/libzephyr.a(flash_ops.c.obj)
                0x0000000040080c88                spi_flash_guard_set
 *fill*         0x0000000040080c92        0x2 
 .iram1.10      0x0000000040080c94       0x3b zephyr/libzephyr.a(flash_ops.c.obj)
                0x0000000040080c94                esp_mspi_pin_init
 *fill*         0x0000000040080ccf        0x1 
 .iram1.8       0x0000000040080cd0       0x10 zephyr/libzephyr.a(spi_flash_os_func_noos.c.obj)
 .iram1.7       0x0000000040080ce0       0x10 zephyr/libzephyr.a(spi_flash_os_func_noos.c.obj)
 .iram1.6       0x0000000040080cf0       0x10 zephyr/libzephyr.a(spi_flash_os_func_noos.c.obj)
 .iram1.7       0x0000000040080d00       0x34 zephyr/libzephyr.a(spi_flash_os_func_app.c.obj)
                                         0x38 (size before relaxing)
 .iram1.4       0x0000000040080d34       0x12 zephyr/libzephyr.a(spi_flash_os_func_app.c.obj)
                                         0x15 (size before relaxing)
 *fill*         0x0000000040080d46        0x2 
 .iram1.8       0x0000000040080d48        0xa zephyr/libzephyr.a(spi_flash_os_func_app.c.obj)
                                          0xe (size before relaxing)
 *fill*         0x0000000040080d52        0x2 
 .iram1.6       0x0000000040080d54       0x10 zephyr/libzephyr.a(spi_flash_os_func_app.c.obj)
 .iram1.3       0x0000000040080d64        0xa zephyr/libzephyr.a(spi_flash_os_func_app.c.obj)
                                          0xd (size before relaxing)
 *fill*         0x0000000040080d6e        0x2 
 .iram1.2       0x0000000040080d70        0xa zephyr/libzephyr.a(spi_flash_os_func_app.c.obj)
                                          0xd (size before relaxing)
 *fill*         0x0000000040080d7a        0x2 
 .iram1.5       0x0000000040080d7c       0x27 zephyr/libzephyr.a(spi_flash_os_func_app.c.obj)
                                         0x2b (size before relaxing)
 *fill*         0x0000000040080da3        0x1 
 .iram1.2       0x0000000040080da4       0x16 zephyr/libzephyr.a(esp_clk.c.obj)
                0x0000000040080da4                esp_clk_apb_freq
 *fill*         0x0000000040080dba        0x2 
 .iram1.2       0x0000000040080dbc       0x25 zephyr/libzephyr.a(regi2c_ctrl.c.obj)
                0x0000000040080dbc                regi2c_ctrl_read_reg_mask
 *fill*         0x0000000040080de1        0x3 
 .iram1.3       0x0000000040080de4       0x20 zephyr/libzephyr.a(regi2c_ctrl.c.obj)
                0x0000000040080de4                regi2c_ctrl_write_reg
 .iram1.6       0x0000000040080e04       0x32 zephyr/libzephyr.a(rtc_module.c.obj)
                0x0000000040080e04                rtc_isr_noniram_disable
 *fill*         0x0000000040080e36        0x2 
 .iram1.7       0x0000000040080e38       0x1e zephyr/libzephyr.a(rtc_module.c.obj)
                0x0000000040080e38                rtc_isr_noniram_enable
 *fill*         0x0000000040080e56        0x2 
 .iram1.1       0x0000000040080e58       0x38 zephyr/libzephyr.a(rtc_clk.c.obj)
                0x0000000040080e58                rtc_clk_get_lact_compensation_delay
 .iram1.1       0x0000000040080e90       0x58 zephyr/libzephyr.a(esp_mmu_map.c.obj)
                0x0000000040080e90                esp_mmu_paddr_find_caps
 .iram1.1       0x0000000040080ee8        0xa zephyr/libzephyr.a(esp_rom_sys.c.obj)
                0x0000000040080ee8                esp_rom_set_cpu_ticks_per_us
 *fill*         0x0000000040080ef2        0x2 
 .iram1.2       0x0000000040080ef4       0x52 zephyr/libzephyr.a(esp_rom_uart.c.obj)
                0x0000000040080ef4                esp_rom_uart_tx_wait_idle
 *fill*         0x0000000040080f46        0x2 
 .iram1.3       0x0000000040080f48       0x58 zephyr/libzephyr.a(esp_rom_uart.c.obj)
                0x0000000040080f48                esp_rom_uart_set_clock_baudrate
 .iram1.0       0x0000000040080fa0       0x18 zephyr/libzephyr.a(efuse_hal.c.obj)
                                         0x1c (size before relaxing)
                0x0000000040080fa0                efuse_hal_chip_revision
 .iram1.0       0x0000000040080fb8       0x3e zephyr/libzephyr.a(efuse_hal.c.obj)
                0x0000000040080fb8                efuse_hal_get_major_chip_version
 *fill*         0x0000000040080ff6        0x2 
 .iram1.1       0x0000000040080ff8       0x10 zephyr/libzephyr.a(efuse_hal.c.obj)
                0x0000000040080ff8                efuse_hal_get_minor_chip_version
 .iram1.0       0x0000000040081008       0x1e zephyr/libzephyr.a(cache_utils.c.obj)
                                         0x22 (size before relaxing)
                0x0000000040081008                spi_flash_disable_interrupts_caches_and_other_cpu
 *fill*         0x0000000040081026        0x2 
 .iram1.1       0x0000000040081028       0x20 zephyr/libzephyr.a(cache_utils.c.obj)
                                         0x24 (size before relaxing)
                0x0000000040081028                spi_flash_enable_interrupts_caches_and_other_cpu
 .iram1         0x0000000040081048       0x1a zephyr/arch/arch/xtensa/core/libarch__xtensa__core.a(debug_helpers_asm.S.obj)
                0x0000000040081048                xtensa_backtrace_get_start
 *fill*         0x0000000040081062        0x2 
 .iram1.3       0x0000000040081064       0xae zephyr/drivers/interrupt_controller/libdrivers__interrupt_controller.a(intc_esp32.c.obj)
                0x0000000040081064                esp_intr_disable
 *fill*         0x0000000040081112        0x2 
 .iram1.4       0x0000000040081114       0x4a zephyr/drivers/interrupt_controller/libdrivers__interrupt_controller.a(intc_esp32.c.obj)
                                         0x52 (size before relaxing)
                0x0000000040081114                esp_intr_noniram_disable
 *fill*         0x000000004008115e        0x2 
 .iram1.5       0x0000000040081160       0x3e zephyr/drivers/interrupt_controller/libdrivers__interrupt_controller.a(intc_esp32.c.obj)
                                         0x44 (size before relaxing)
                0x0000000040081160                esp_intr_noniram_enable
 *fill*         0x000000004008119e        0x2 
 .iram1.2       0x00000000400811a0       0x11 zephyr/drivers/gpio/libdrivers__gpio.a(gpio_esp32.c.obj)
                                         0x17 (size before relaxing)
 *fill*         0x00000000400811b1        0x3 
 .iram1.0       0x00000000400811b4      0x39f zephyr/drivers/gpio/libdrivers__gpio.a(gpio_esp32.c.obj)
 *fill*         0x0000000040081553        0x0 
 *fill*         0x0000000040081553        0x0 
 *fill*         0x0000000040081553        0x1 
 .iram1.3       0x0000000040081554       0x27 zephyr/libzephyr.a(esp_flash_api.c.obj)
 *fill*         0x000000004008157b        0x1 
 .iram1.4       0x000000004008157c       0x1f zephyr/libzephyr.a(esp_flash_api.c.obj)
 *fill*         0x000000004008159b        0x0 
 *fill*         0x000000004008159b        0x0 
 *fill*         0x000000004008159b        0x0 
 *fill*         0x000000004008159b        0x0 
 *fill*         0x000000004008159b        0x1 
 .iram1.9       0x000000004008159c        0x7 zephyr/libzephyr.a(spi_flash_os_func_app.c.obj)
 *fill*         0x00000000400815a3        0x0 
 *fill*         0x00000000400815a3        0x0 
 *fill*         0x00000000400815a3        0x0 
 *fill*         0x00000000400815a3        0x0 
 *fill*         0x00000000400815a3        0x0 
 *fill*         0x00000000400815a3        0x0 
 *fill*         0x00000000400815a3        0x0 
 *fill*         0x00000000400815a3        0x0 
 *fill*         0x00000000400815a3        0x0 
 *fill*         0x00000000400815a3        0x0 
 *fill*         0x00000000400815a3        0x0 
 *fill*         0x00000000400815a3        0x0 
 *fill*         0x00000000400815a3        0x0 
 *fill*         0x00000000400815a3        0x0 
 *fill*         0x00000000400815a3        0x1 
 .iram1.0       0x00000000400815a4       0x35 zephyr/drivers/interrupt_controller/libdrivers__interrupt_controller.a(intc_esp32.c.obj)
 *fill*         0x00000000400815d9        0x0 
 *fill*         0x00000000400815d9        0x0 
 *fill*         0x00000000400815d9        0x3 
 .iram1.1       0x00000000400815dc       0xae zephyr/drivers/gpio/libdrivers__gpio.a(gpio_esp32.c.obj)
 *fill*         0x000000004008168a        0x0 
 *fill*         0x000000004008168a        0x0 
 *(SORT_BY_ALIGNMENT(.iram0.literal) SORT_BY_ALIGNMENT(.iram.literal) SORT_BY_ALIGNMENT(.iram.text.literal) SORT_BY_ALIGNMENT(.iram0.text) SORT_BY_ALIGNMENT(.iram.text))
 *fill*         0x000000004008168a        0x2 
 .iram0.text    0x000000004008168c       0x39 zephyr/arch/arch/xtensa/core/libarch__xtensa__core.a(xtensa_asm2_util.S.obj)
                0x000000004008168c                _Level1Vector
 *fill*         0x00000000400816c5        0x0 
 *libarch__xtensa__core.a:(SORT_BY_ALIGNMENT(.literal) SORT_BY_ALIGNMENT(.text) SORT_BY_ALIGNMENT(.literal.*) SORT_BY_ALIGNMENT(.text.*))
 *fill*         0x00000000400816c5        0x3 
 .text.arch_cpu_idle
                0x00000000400816c8        0xb zephyr/arch/arch/xtensa/core/libarch__xtensa__core.a(cpu_idle.c.obj)
                                          0xe (size before relaxing)
                0x00000000400816c8                arch_cpu_idle
 *fill*         0x00000000400816d3        0x1 
 .text.xtensa_exccause
                0x00000000400816d4       0x17 zephyr/arch/arch/xtensa/core/libarch__xtensa__core.a(fatal.c.obj)
                0x00000000400816d4                xtensa_exccause
 *fill*         0x00000000400816eb        0x1 
 .text.xtensa_fatal_error
                0x00000000400816ec       0x26 zephyr/arch/arch/xtensa/core/libarch__xtensa__core.a(fatal.c.obj)
                                         0x2e (size before relaxing)
                0x00000000400816ec                xtensa_fatal_error
 *fill*         0x0000000040081712        0x2 
 .text          0x0000000040081714      0x21f zephyr/arch/arch/xtensa/core/libarch__xtensa__core.a(xtensa_asm2_util.S.obj)
                0x0000000040081714                xtensa_spill_reg_windows
                0x0000000040081734                xtensa_save_high_regs
                0x000000004008177c                xtensa_restore_high_regs
                0x00000000400817b1                _restore_context
                0x00000000400817ec                xtensa_arch_except
                0x00000000400817ef                xtensa_arch_except_epc
                0x00000000400817f4                xtensa_arch_kernel_oops
                0x00000000400817f7                xtensa_arch_kernel_oops_epc
                0x00000000400817fc                xtensa_switch
 *fill*         0x0000000040081933        0x1 
 .text.z_irq_spurious
                0x0000000040081934       0x12 zephyr/arch/arch/xtensa/core/libarch__xtensa__core.a(irq_manage.c.obj)
                                         0x16 (size before relaxing)
                0x0000000040081934                z_irq_spurious
 *fill*         0x0000000040081946        0x2 
 .text.arch_new_thread
                0x0000000040081948       0x38 zephyr/arch/arch/xtensa/core/libarch__xtensa__core.a(thread.c.obj)
                0x0000000040081948                arch_new_thread
 .text.xtensa_handle_irq_lvl
                0x0000000040081980       0x4b zephyr/arch/arch/xtensa/core/libarch__xtensa__core.a(vector_handlers.c.obj)
 *fill*         0x00000000400819cb        0x1 
 .text.return_to
                0x00000000400819cc       0x14 zephyr/arch/arch/xtensa/core/libarch__xtensa__core.a(vector_handlers.c.obj)
                                         0x18 (size before relaxing)
 .text.xtensa_is_outside_stack_bounds
                0x00000000400819e0       0x3d zephyr/arch/arch/xtensa/core/libarch__xtensa__core.a(vector_handlers.c.obj)
                0x00000000400819e0                xtensa_is_outside_stack_bounds
 *fill*         0x0000000040081a1d        0x3 
 .text.xtensa_is_frame_pointer_valid
                0x0000000040081a20       0x28 zephyr/arch/arch/xtensa/core/libarch__xtensa__core.a(vector_handlers.c.obj)
                                         0x2c (size before relaxing)
                0x0000000040081a20                xtensa_is_frame_pointer_valid
 .text.xtensa_dump_stack
                0x0000000040081a48       0xaa zephyr/arch/arch/xtensa/core/libarch__xtensa__core.a(vector_handlers.c.obj)
                                         0xc6 (size before relaxing)
                0x0000000040081a48                xtensa_dump_stack
 *fill*         0x0000000040081af2        0x2 
 .text.xtensa_int2_c
                0x0000000040081af4       0x14 zephyr/arch/arch/xtensa/core/libarch__xtensa__core.a(vector_handlers.c.obj)
                                         0x18 (size before relaxing)
                0x0000000040081af4                xtensa_int2_c
 .text.xtensa_int3_c
                0x0000000040081b08       0x14 zephyr/arch/arch/xtensa/core/libarch__xtensa__core.a(vector_handlers.c.obj)
                                         0x18 (size before relaxing)
                0x0000000040081b08                xtensa_int3_c
 .text.xtensa_int4_c
                0x0000000040081b1c       0x14 zephyr/arch/arch/xtensa/core/libarch__xtensa__core.a(vector_handlers.c.obj)
                                         0x18 (size before relaxing)
                0x0000000040081b1c                xtensa_int4_c
 .text.xtensa_int5_c
                0x0000000040081b30       0x14 zephyr/arch/arch/xtensa/core/libarch__xtensa__core.a(vector_handlers.c.obj)
                                         0x18 (size before relaxing)
                0x0000000040081b30                xtensa_int5_c
 .text.xtensa_int6_c
                0x0000000040081b44       0x14 zephyr/arch/arch/xtensa/core/libarch__xtensa__core.a(vector_handlers.c.obj)
                                         0x18 (size before relaxing)
                0x0000000040081b44                xtensa_int6_c
 .text.xtensa_int7_c
                0x0000000040081b58       0x14 zephyr/arch/arch/xtensa/core/libarch__xtensa__core.a(vector_handlers.c.obj)
                                         0x18 (size before relaxing)
                0x0000000040081b58                xtensa_int7_c
 .text.xtensa_excint1_c
                0x0000000040081b6c      0x110 zephyr/arch/arch/xtensa/core/libarch__xtensa__core.a(vector_handlers.c.obj)
                                        0x134 (size before relaxing)
                0x0000000040081b6c                xtensa_excint1_c
 .text.z_prep_c
                0x0000000040081c7c       0x10 zephyr/arch/arch/xtensa/core/libarch__xtensa__core.a(prep_c.c.obj)
                                         0x14 (size before relaxing)
                0x0000000040081c7c                z_prep_c
 .text.xtensa_cpu_process_stack_pc
                0x0000000040081c8c       0x2b zephyr/arch/arch/xtensa/core/libarch__xtensa__core.a(xtensa_backtrace.c.obj)
 *fill*         0x0000000040081cb7        0x1 
 .text.xtensa_ptr_executable
                0x0000000040081cb8       0x41 zephyr/arch/arch/xtensa/core/libarch__xtensa__core.a(xtensa_backtrace.c.obj)
 *fill*         0x0000000040081cf9        0x3 
 .text.xtensa_stack_ptr_is_sane
                0x0000000040081cfc       0x2c zephyr/arch/arch/xtensa/core/libarch__xtensa__core.a(xtensa_backtrace.c.obj)
 .text.xtensa_backtrace_get_next_frame
                0x0000000040081d28       0x3e zephyr/arch/arch/xtensa/core/libarch__xtensa__core.a(xtensa_backtrace.c.obj)
                                         0x4a (size before relaxing)
                0x0000000040081d28                xtensa_backtrace_get_next_frame
 *fill*         0x0000000040081d66        0x2 
 .text.xtensa_backtrace_print
                0x0000000040081d68       0xdf zephyr/arch/arch/xtensa/core/libarch__xtensa__core.a(xtensa_backtrace.c.obj)
                                        0x103 (size before relaxing)
                0x0000000040081d68                xtensa_backtrace_print
 *fill*         0x0000000040081e47        0x0 
 *fill*         0x0000000040081e47        0x0 
 *fill*         0x0000000040081e47        0x0 
 *fill*         0x0000000040081e47        0x0 
 *fill*         0x0000000040081e47        0x0 
 *fill*         0x0000000040081e47        0x1 
 .text.arch_coprocessors_disable
                0x0000000040081e48        0x8 zephyr/arch/arch/xtensa/core/libarch__xtensa__core.a(thread.c.obj)
                0x0000000040081e48                arch_coprocessors_disable
 *fill*         0x0000000040081e50        0x0 
 *fill*         0x0000000040081e50        0x0 
 *fill*         0x0000000040081e50        0x0 
 *fill*         0x0000000040081e50        0x0 
 *fill*         0x0000000040081e50        0x0 
 *fill*         0x0000000040081e50        0x0 
 *libarch__common.a:(SORT_BY_ALIGNMENT(.literal) SORT_BY_ALIGNMENT(.text) SORT_BY_ALIGNMENT(.literal.*) SORT_BY_ALIGNMENT(.text.*))
 .text.z_isr_install
                0x0000000040081e50       0x14 zephyr/arch/common/libarch__common.a(dynamic_isr.c.obj)
                                         0x18 (size before relaxing)
                0x0000000040081e50                z_isr_install
 .text.arch_irq_connect_dynamic
                0x0000000040081e64        0xe zephyr/arch/common/libarch__common.a(dynamic_isr.c.obj)
                                         0x12 (size before relaxing)
                0x0000000040081e64                arch_irq_connect_dynamic
 *fill*         0x0000000040081e72        0x2 
 .text.arch_early_memset
                0x0000000040081e74       0x12 zephyr/arch/common/libarch__common.a(init.c.obj)
                0x0000000040081e74                arch_early_memset
 *fill*         0x0000000040081e86        0x2 
 .text.arch_bss_zero
                0x0000000040081e88       0x13 zephyr/arch/common/libarch__common.a(init.c.obj)
                                         0x16 (size before relaxing)
                0x0000000040081e88                arch_bss_zero
 *fill*         0x0000000040081e9b        0x1 
 .text.z_get_sw_isr_table_idx
                0x0000000040081e9c        0x5 zephyr/arch/common/libarch__common.a(sw_isr_common.c.obj)
                0x0000000040081e9c                z_get_sw_isr_table_idx
 *fill*         0x0000000040081ea1        0x0 
 *fill*         0x0000000040081ea1        0x0 
 *fill*         0x0000000040081ea1        0x0 
 *libkernel.a:(SORT_BY_ALIGNMENT(.literal) SORT_BY_ALIGNMENT(.text) SORT_BY_ALIGNMENT(.literal.*) SORT_BY_ALIGNMENT(.text.*))
 *fill*         0x0000000040081ea1        0x3 
 .text.z_impl_k_busy_wait
                0x0000000040081ea4       0x1f zephyr/kernel/libkernel.a(busy_wait.c.obj)
                                         0x26 (size before relaxing)
                0x0000000040081ea4                z_impl_k_busy_wait
 *fill*         0x0000000040081ec3        0x1 
 .text.k_sys_fatal_error_handler
                0x0000000040081ec4        0x8 zephyr/kernel/libkernel.a(fatal.c.obj)
                                          0xc (size before relaxing)
                0x0000000040081ec4                k_sys_fatal_error_handler
 .text.z_fatal_error
                0x0000000040081ecc       0x22 zephyr/kernel/libkernel.a(fatal.c.obj)
                                         0x26 (size before relaxing)
                0x0000000040081ecc                z_fatal_error
 *fill*         0x0000000040081eee        0x2 
 .text.z_sys_init_run_level
                0x0000000040081ef0       0x30 zephyr/kernel/libkernel.a(init.c.obj)
                                         0x34 (size before relaxing)
 .text.bg_thread_main
                0x0000000040081f20       0x9a zephyr/kernel/libkernel.a(init.c.obj)
                                         0xae (size before relaxing)
 *fill*         0x0000000040081fba        0x2 
 .text.z_init_cpu
                0x0000000040081fbc       0x5b zephyr/kernel/libkernel.a(init.c.obj)
                0x0000000040081fbc                z_init_cpu
 *fill*         0x0000000040082017        0x1 
 .text.z_cstart
                0x0000000040082018       0x87 zephyr/kernel/libkernel.a(init.c.obj)
                                         0xa7 (size before relaxing)
                0x0000000040082018                z_cstart
 *fill*         0x000000004008209f        0x1 
 .text.idle     0x00000000400820a0        0xc zephyr/kernel/libkernel.a(idle.c.obj)
                                          0xf (size before relaxing)
                0x00000000400820a0                idle
 *fill*         0x00000000400820ac        0x0 
 .text.z_setup_new_thread
                0x00000000400820ac       0x5d zephyr/kernel/libkernel.a(thread.c.obj)
                0x00000000400820ac                z_setup_new_thread
 *fill*         0x0000000040082109        0x3 
 .text.z_dummy_thread_init
                0x000000004008210c       0x20 zephyr/kernel/libkernel.a(thread.c.obj)
                0x000000004008210c                z_dummy_thread_init
 .text.unpend_thread_no_timeout
                0x000000004008212c       0x19 zephyr/kernel/libkernel.a(sched.c.obj)
                                         0x1d (size before relaxing)
 *fill*         0x0000000040082145        0x3 
 .text.ready_thread
                0x0000000040082148       0x9c zephyr/kernel/libkernel.a(sched.c.obj)
 .text.unready_thread
                0x00000000400821e4       0x5e zephyr/kernel/libkernel.a(sched.c.obj)
                                         0x62 (size before relaxing)
 *fill*         0x0000000040082242        0x2 
 .text.add_thread_timeout
                0x0000000040082244       0x1b zephyr/kernel/libkernel.a(sched.c.obj)
 *fill*         0x000000004008225f        0x1 
 .text.z_swap   0x0000000040082260       0x3a zephyr/kernel/libkernel.a(sched.c.obj)
                                         0x3e (size before relaxing)
 *fill*         0x000000004008229a        0x2 
 .text.add_to_waitq_locked
                0x000000004008229c       0x57 zephyr/kernel/libkernel.a(sched.c.obj)
                                         0x5b (size before relaxing)
 *fill*         0x00000000400822f3        0x1 
 .text.move_thread_to_end_of_prio_q
                0x00000000400822f4       0xa6 zephyr/kernel/libkernel.a(sched.c.obj)
                                         0xaa (size before relaxing)
                0x00000000400822f4                move_thread_to_end_of_prio_q
 *fill*         0x000000004008239a        0x2 
 .text.z_ready_thread
                0x000000004008239c       0x13 zephyr/kernel/libkernel.a(sched.c.obj)
                                         0x16 (size before relaxing)
                0x000000004008239c                z_ready_thread
 *fill*         0x00000000400823af        0x1 
 .text.z_unpend_thread_no_timeout
                0x00000000400823b0       0x18 zephyr/kernel/libkernel.a(sched.c.obj)
                                         0x1c (size before relaxing)
                0x00000000400823b0                z_unpend_thread_no_timeout
 .text.z_sched_wake_thread
                0x00000000400823c8       0x30 zephyr/kernel/libkernel.a(sched.c.obj)
                                         0x38 (size before relaxing)
                0x00000000400823c8                z_sched_wake_thread
 .text.z_thread_timeout
                0x00000000400823f8        0xd zephyr/kernel/libkernel.a(sched.c.obj)
                                         0x10 (size before relaxing)
                0x00000000400823f8                z_thread_timeout
 *fill*         0x0000000040082405        0x3 
 .text.z_pend_curr
                0x0000000040082408       0x28 zephyr/kernel/libkernel.a(sched.c.obj)
                                         0x30 (size before relaxing)
                0x0000000040082408                z_pend_curr
 .text.z_unpend_thread
                0x0000000040082430       0x10 zephyr/kernel/libkernel.a(sched.c.obj)
                                         0x17 (size before relaxing)
                0x0000000040082430                z_unpend_thread
 *fill*         0x0000000040082440        0x0 
 .text.z_reschedule
                0x0000000040082440       0x2c zephyr/kernel/libkernel.a(sched.c.obj)
                                         0x30 (size before relaxing)
                0x0000000040082440                z_reschedule
 .text.z_reschedule_irqlock
                0x000000004008246c       0x40 zephyr/kernel/libkernel.a(sched.c.obj)
                                         0x44 (size before relaxing)
                0x000000004008246c                z_reschedule_irqlock
 .text.k_sched_lock
                0x00000000400824ac       0x1b zephyr/kernel/libkernel.a(sched.c.obj)
                0x00000000400824ac                k_sched_lock
 *fill*         0x00000000400824c7        0x1 
 .text.k_sched_unlock
                0x00000000400824c8       0x5e zephyr/kernel/libkernel.a(sched.c.obj)
                                         0x61 (size before relaxing)
                0x00000000400824c8                k_sched_unlock
 *fill*         0x0000000040082526        0x2 
 .text.z_swap_next_thread
                0x0000000040082528        0xa zephyr/kernel/libkernel.a(sched.c.obj)
                0x0000000040082528                z_swap_next_thread
 *fill*         0x0000000040082532        0x2 
 .text.z_get_next_switch_handle
                0x0000000040082534       0x14 zephyr/kernel/libkernel.a(sched.c.obj)
                0x0000000040082534                z_get_next_switch_handle
 .text.z_unpend_all
                0x0000000040082548       0x26 zephyr/kernel/libkernel.a(sched.c.obj)
                                         0x2a (size before relaxing)
                0x0000000040082548                z_unpend_all
 *fill*         0x000000004008256e        0x2 
 .text.z_sched_init
                0x0000000040082570        0xf zephyr/kernel/libkernel.a(sched.c.obj)
                0x0000000040082570                z_sched_init
 *fill*         0x000000004008257f        0x1 
 .text.z_impl_k_yield
                0x0000000040082580       0x8b zephyr/kernel/libkernel.a(sched.c.obj)
                                         0x8f (size before relaxing)
                0x0000000040082580                z_impl_k_yield
 *fill*         0x000000004008260b        0x1 
 .text.z_tick_sleep
                0x000000004008260c       0x64 zephyr/kernel/libkernel.a(sched.c.obj)
                                         0x6f (size before relaxing)
 *fill*         0x0000000040082670        0x0 
 .text.z_impl_k_sleep
                0x0000000040082670       0x52 zephyr/kernel/libkernel.a(sched.c.obj)
                                         0x56 (size before relaxing)
                0x0000000040082670                z_impl_k_sleep
 *fill*         0x00000000400826c2        0x2 
 .text.z_impl_k_wakeup
                0x00000000400826c4       0x38 zephyr/kernel/libkernel.a(sched.c.obj)
                                         0x40 (size before relaxing)
                0x00000000400826c4                z_impl_k_wakeup
 .text.z_impl_k_sched_current_thread_query
                0x00000000400826fc        0xa zephyr/kernel/libkernel.a(sched.c.obj)
                0x00000000400826fc                z_impl_k_sched_current_thread_query
 *fill*         0x0000000040082706        0x2 
 .text.z_thread_abort
                0x0000000040082708       0xfc zephyr/kernel/libkernel.a(sched.c.obj)
                                        0x118 (size before relaxing)
                0x0000000040082708                z_thread_abort
 .text.z_impl_k_thread_abort
                0x0000000040082804        0xa zephyr/kernel/libkernel.a(sched.c.obj)
                                          0xe (size before relaxing)
                0x0000000040082804                z_impl_k_thread_abort
 *fill*         0x000000004008280e        0x2 
 .text.slice_timeout
                0x0000000040082810       0x1e zephyr/kernel/libkernel.a(timeslicing.c.obj)
 *fill*         0x000000004008282e        0x2 
 .text.thread_is_sliceable
                0x0000000040082830       0x45 zephyr/kernel/libkernel.a(timeslicing.c.obj)
                0x0000000040082830                thread_is_sliceable
 *fill*         0x0000000040082875        0x3 
 .text.z_reset_time_slice
                0x0000000040082878       0x3f zephyr/kernel/libkernel.a(timeslicing.c.obj)
                                         0x47 (size before relaxing)
                0x0000000040082878                z_reset_time_slice
 *fill*         0x00000000400828b7        0x1 
 .text.z_time_slice
                0x00000000400828b8       0x3b zephyr/kernel/libkernel.a(timeslicing.c.obj)
                                         0x42 (size before relaxing)
                0x00000000400828b8                z_time_slice
 *fill*         0x00000000400828f3        0x1 
 .text.first    0x00000000400828f4        0xf zephyr/kernel/libkernel.a(timeout.c.obj)
 *fill*         0x0000000040082903        0x1 
 .text.next_timeout
                0x0000000040082904       0x42 zephyr/kernel/libkernel.a(timeout.c.obj)
 *fill*         0x0000000040082946        0x2 
 .text.elapsed  0x0000000040082948       0x14 zephyr/kernel/libkernel.a(timeout.c.obj)
                                         0x18 (size before relaxing)
 .text.remove_timeout
                0x000000004008295c       0x3a zephyr/kernel/libkernel.a(timeout.c.obj)
 *fill*         0x0000000040082996        0x2 
 .text.z_add_timeout
                0x0000000040082998      0x13f zephyr/kernel/libkernel.a(timeout.c.obj)
                                        0x14b (size before relaxing)
                0x0000000040082998                z_add_timeout
 *fill*         0x0000000040082ad7        0x1 
 .text.z_abort_timeout
                0x0000000040082ad8       0x3a zephyr/kernel/libkernel.a(timeout.c.obj)
                                         0x4a (size before relaxing)
                0x0000000040082ad8                z_abort_timeout
 *fill*         0x0000000040082b12        0x2 
 .text.sys_clock_announce
                0x0000000040082b14       0xbd zephyr/kernel/libkernel.a(timeout.c.obj)
                                         0xcd (size before relaxing)
                0x0000000040082b14                sys_clock_announce
 *fill*         0x0000000040082bd1        0x3 
 .text.sys_clock_tick_get
                0x0000000040082bd4       0x28 zephyr/kernel/libkernel.a(timeout.c.obj)
                                         0x2c (size before relaxing)
                0x0000000040082bd4                sys_clock_tick_get
 .text.sys_clock_tick_get_32
                0x0000000040082bfc        0xa zephyr/kernel/libkernel.a(timeout.c.obj)
                                          0xd (size before relaxing)
                0x0000000040082bfc                sys_clock_tick_get_32
 *fill*         0x0000000040082c06        0x2 
 .text.z_impl_k_uptime_ticks
                0x0000000040082c08        0xf zephyr/kernel/libkernel.a(timeout.c.obj)
                0x0000000040082c08                z_impl_k_uptime_ticks
 *fill*         0x0000000040082c17        0x1 
 .text.z_timer_expiration_handler
                0x0000000040082c18      0x12e zephyr/kernel/libkernel.a(timer.c.obj)
                                        0x13a (size before relaxing)
                0x0000000040082c18                z_timer_expiration_handler
 *fill*         0x0000000040082d46        0x2 
 .text.z_impl_k_timer_start
                0x0000000040082d48       0x5a zephyr/kernel/libkernel.a(timer.c.obj)
                                         0x5e (size before relaxing)
                0x0000000040082d48                z_impl_k_timer_start
 *fill*         0x0000000040082da2        0x2 
 .text.z_impl_k_timer_status_sync
                0x0000000040082da4       0x2f zephyr/kernel/libkernel.a(timer.c.obj)
                                         0x33 (size before relaxing)
                0x0000000040082da4                z_impl_k_timer_status_sync
 *fill*         0x0000000040082dd3        0x1 
 .text.k_free   0x0000000040082dd4       0x14 zephyr/kernel/libkernel.a(mempool.c.obj)
                0x0000000040082dd4                k_free
 .text.k_malloc
                0x0000000040082de8       0x14 zephyr/kernel/libkernel.a(mempool.c.obj)
                                         0x18 (size before relaxing)
                0x0000000040082de8                k_malloc
 .text.k_thread_system_pool_assign
                0x0000000040082dfc        0xb zephyr/kernel/libkernel.a(mempool.c.obj)
                0x0000000040082dfc                k_thread_system_pool_assign
 *fill*         0x0000000040082e07        0x1 
 .text.boot_banner
                0x0000000040082e08        0xb zephyr/kernel/libkernel.a(banner.c.obj)
                                          0xe (size before relaxing)
                0x0000000040082e08                boot_banner
 *fill*         0x0000000040082e13        0x1 
 .text.k_heap_init
                0x0000000040082e14       0x17 zephyr/kernel/libkernel.a(kheap.c.obj)
                0x0000000040082e14                k_heap_init
 *fill*         0x0000000040082e2b        0x1 
 .text.statics_init
                0x0000000040082e2c       0x22 zephyr/kernel/libkernel.a(kheap.c.obj)
 *fill*         0x0000000040082e4e        0x2 
 .text.k_heap_free
                0x0000000040082e50       0x28 zephyr/kernel/libkernel.a(kheap.c.obj)
                                         0x30 (size before relaxing)
                0x0000000040082e50                k_heap_free
 *fill*         0x0000000040082e78        0x0 
 *fill*         0x0000000040082e78        0x0 
 .text.do_device_init
                0x0000000040082e78       0x35 zephyr/kernel/libkernel.a(device.c.obj)
                0x0000000040082e78                do_device_init
 *fill*         0x0000000040082ead        0x3 
 .text.z_impl_device_is_ready
                0x0000000040082eb0       0x1a zephyr/kernel/libkernel.a(device.c.obj)
                0x0000000040082eb0                z_impl_device_is_ready
 *fill*         0x0000000040082eca        0x2 
 .text.arch_system_halt
                0x0000000040082ecc        0x9 zephyr/kernel/libkernel.a(fatal.c.obj)
                0x0000000040082ecc                arch_system_halt
 *fill*         0x0000000040082ed5        0x0 
 *fill*         0x0000000040082ed5        0x0 
 *fill*         0x0000000040082ed5        0x0 
 *fill*         0x0000000040082ed5        0x0 
 *fill*         0x0000000040082ed5        0x0 
 *fill*         0x0000000040082ed5        0x0 
 *fill*         0x0000000040082ed5        0x3 
 .text.sys_dlist_remove
                0x0000000040082ed8       0x13 zephyr/kernel/libkernel.a(sched.c.obj)
 *fill*         0x0000000040082eeb        0x0 
 *fill*         0x0000000040082eeb        0x0 
 *fill*         0x0000000040082eeb        0x0 
 *fill*         0x0000000040082eeb        0x0 
 *fill*         0x0000000040082eeb        0x0 
 *fill*         0x0000000040082eeb        0x0 
 *fill*         0x0000000040082eeb        0x0 
 *fill*         0x0000000040082eeb        0x0 
 *fill*         0x0000000040082eeb        0x0 
 *fill*         0x0000000040082eeb        0x0 
 *fill*         0x0000000040082eeb        0x0 
 *fill*         0x0000000040082eeb        0x0 
 *fill*         0x0000000040082eeb        0x0 
 *fill*         0x0000000040082eeb        0x0 
 *fill*         0x0000000040082eeb        0x0 
 *fill*         0x0000000040082eeb        0x0 
 *fill*         0x0000000040082eeb        0x0 
 *fill*         0x0000000040082eeb        0x0 
 *fill*         0x0000000040082eeb        0x0 
 *fill*         0x0000000040082eeb        0x0 
 *fill*         0x0000000040082eeb        0x0 
 *fill*         0x0000000040082eeb        0x0 
 *fill*         0x0000000040082eeb        0x0 
 *fill*         0x0000000040082eeb        0x0 
 *fill*         0x0000000040082eeb        0x0 
 *fill*         0x0000000040082eeb        0x0 
 *fill*         0x0000000040082eeb        0x0 
 *fill*         0x0000000040082eeb        0x0 
 *fill*         0x0000000040082eeb        0x0 
 *fill*         0x0000000040082eeb        0x0 
 *fill*         0x0000000040082eeb        0x0 
 *fill*         0x0000000040082eeb        0x0 
 *fill*         0x0000000040082eeb        0x0 
 *fill*         0x0000000040082eeb        0x1 
 .text.z_alloc_helper
                0x0000000040082eec       0x2b zephyr/kernel/libkernel.a(mempool.c.obj)
 *fill*         0x0000000040082f17        0x0 
 *fill*         0x0000000040082f17        0x0 
 *fill*         0x0000000040082f17        0x0 
 *fill*         0x0000000040082f17        0x0 
 *fill*         0x0000000040082f17        0x0 
 *libgcc.a:lib2funcs.*(SORT_BY_ALIGNMENT(.literal) SORT_BY_ALIGNMENT(.text) SORT_BY_ALIGNMENT(.literal.*) SORT_BY_ALIGNMENT(.text.*))
 *libzephyr.a:windowspill_asm.*(SORT_BY_ALIGNMENT(.literal) SORT_BY_ALIGNMENT(.text) SORT_BY_ALIGNMENT(.literal.*) SORT_BY_ALIGNMENT(.text.*))
 *fill*         0x0000000040082f17        0x1 
 .text          0x0000000040082f18      0x137 zephyr/libzephyr.a(windowspill_asm.S.obj)
                0x0000000040082f18                xthal_spill_registers_into_stack_nw
                0x0000000040082f18                xthal_window_spill_nw
                0x000000004008302c                xthal_window_spill
 *libzephyr.a:cbprintf_complete.*(SORT_BY_ALIGNMENT(.literal) SORT_BY_ALIGNMENT(.text) SORT_BY_ALIGNMENT(.literal.*) SORT_BY_ALIGNMENT(.text.*))